2026-07-02 12:54:48 [INFO] System Tray initialized. Application is running in the background.
2026-07-02 12:54:48 [INFO] All sub-systems initialised.
2026-07-02 12:54:48 [INFO] [state_change] from_state=IDLE | to_state=SCANNING
2026-07-02 12:54:48 [INFO] WorkflowEngine started — user='YOUR_USERNAME_HERE'  table={'left': -1, 'top': -1, 'width': -1, 'height': -1}
2026-07-02 12:54:48 [ERROR] Calibration missing or invalid. Please run 'Calibrate Screen'.
2026-07-02 12:54:48 [INFO] [state_change] from_state=SCANNING | to_state=STOPPED
2026-07-02 12:54:55 [INFO] Automation ENABLED (F8)
2026-07-02 12:54:55 [INFO] [state_change] from_state=STOPPED | to_state=SCANNING
2026-07-02 12:54:55 [ERROR] Calibration missing or invalid. Please run 'Calibrate Screen'.
2026-07-02 12:54:55 [INFO] [state_change] from_state=SCANNING | to_state=STOPPED
2026-07-02 12:54:56 [INFO] Automation ENABLED (F8)
2026-07-02 12:54:56 [INFO] [state_change] from_state=STOPPED | to_state=SCANNING
2026-07-02 12:54:56 [ERROR] Calibration missing or invalid. Please run 'Calibrate Screen'.
2026-07-02 12:54:56 [INFO] [state_change] from_state=SCANNING | to_state=STOPPED
2026-07-02 12:54:57 [INFO] Automation ENABLED (F8)
2026-07-02 12:54:57 [INFO] [state_change] from_state=STOPPED | to_state=SCANNING
2026-07-02 12:54:58 [ERROR] Calibration missing or invalid. Please run 'Calibrate Screen'.
2026-07-02 12:54:58 [INFO] [state_change] from_state=SCANNING | to_state=STOPPED
2026-07-02 12:54:58 [INFO] Automation ENABLED (F8)
2026-07-02 12:54:58 [INFO] [state_change] from_state=STOPPED | to_state=SCANNING
2026-07-02 12:54:58 [ERROR] Calibration missing or invalid. Please run 'Calibrate Screen'.
2026-07-02 12:54:58 [INFO] [state_change] from_state=SCANNING | to_state=STOPPED
2026-07-02 12:54:59 [INFO] Automation ENABLED (F8)
2026-07-02 12:54:59 [INFO] [state_change] from_state=STOPPED | to_state=SCANNING
2026-07-02 12:54:59 [ERROR] Calibration missing or invalid. Please run 'Calibrate Screen'.
2026-07-02 12:54:59 [INFO] [state_change] from_state=SCANNING | to_state=STOPPED
2026-07-02 12:54:59 [INFO] Automation ENABLED (F8)
2026-07-02 12:54:59 [INFO] [state_change] from_state=STOPPED | to_state=SCANNING
2026-07-02 12:54:59 [ERROR] Calibration missing or invalid. Please run 'Calibrate Screen'.
2026-07-02 12:54:59 [INFO] [state_change] from_state=SCANNING | to_state=STOPPED
2026-07-02 12:54:59 [INFO] Automation ENABLED (F8)
2026-07-02 12:54:59 [INFO] [state_change] from_state=STOPPED | to_state=SCANNING
2026-07-02 12:54:59 [INFO] Automation DISABLED (F8)
2026-07-02 12:54:59 [INFO] Automation ENABLED (F8)
2026-07-02 12:54:59 [ERROR] Calibration missing or invalid. Please run 'Calibrate Screen'.
2026-07-02 12:54:59 [INFO] [state_change] from_state=SCANNING | to_state=STOPPED
2026-07-02 12:54:59 [INFO] Automation ENABLED (F8)
2026-07-02 12:54:59 [INFO] [state_change] from_state=STOPPED | to_state=SCANNING
2026-07-02 12:54:59 [ERROR] Calibration missing or invalid. Please run 'Calibrate Screen'.
2026-07-02 12:54:59 [INFO] [state_change] from_state=SCANNING | to_state=STOPPED
2026-07-02 12:55:02 [INFO] Automation ENABLED (F8)
2026-07-02 12:55:02 [INFO] [state_change] from_state=STOPPED | to_state=SCANNING
2026-07-02 12:55:02 [ERROR] Calibration missing or invalid. Please run 'Calibrate Screen'.
2026-07-02 12:55:02 [INFO] [state_change] from_state=SCANNING | to_state=STOPPED
2026-07-02 12:55:03 [INFO] Automation ENABLED (F8)
2026-07-02 12:55:03 [INFO] [state_change] from_state=STOPPED | to_state=SCANNING
2026-07-02 12:55:03 [ERROR] Calibration missing or invalid. Please run 'Calibrate Screen'.
2026-07-02 12:55:03 [INFO] [state_change] from_state=SCANNING | to_state=STOPPED
2026-07-02 12:55:04 [INFO] Automation ENABLED (F8)
2026-07-02 12:55:04 [INFO] [state_change] from_state=STOPPED | to_state=SCANNING
2026-07-02 12:55:04 [ERROR] Calibration missing or invalid. Please run 'Calibrate Screen'.
2026-07-02 12:55:04 [INFO] [state_change] from_state=SCANNING | to_state=STOPPED
2026-07-02 12:55:06 [INFO] Automation ENABLED (F8)
2026-07-02 12:55:06 [INFO] [state_change] from_state=STOPPED | to_state=SCANNING
2026-07-02 12:55:06 [ERROR] Calibration missing or invalid. Please run 'Calibrate Screen'.
2026-07-02 12:55:06 [INFO] [state_change] from_state=SCANNING | to_state=STOPPED
2026-07-02 12:55:06 [INFO] Automation ENABLED (F8)
2026-07-02 12:55:06 [INFO] [state_change] from_state=STOPPED | to_state=SCANNING
2026-07-02 12:55:06 [INFO] Automation DISABLED (F8)
2026-07-02 12:55:06 [INFO] Automation ENABLED (F8)
2026-07-02 12:55:06 [INFO] Automation DISABLED (F8)
2026-07-02 12:55:06 [INFO] Automation ENABLED (F8)
2026-07-02 12:55:06 [ERROR] Calibration missing or invalid. Please run 'Calibrate Screen'.
2026-07-02 12:55:06 [INFO] [state_change] from_state=SCANNING | to_state=STOPPED
2026-07-02 12:55:06 [INFO] Automation ENABLED (F8)
2026-07-02 12:55:06 [INFO] [state_change] from_state=STOPPED | to_state=SCANNING
2026-07-02 12:55:06 [INFO] Automation DISABLED (F8)
2026-07-02 12:55:06 [INFO] Automation ENABLED (F8)
2026-07-02 12:55:06 [ERROR] Calibration missing or invalid. Please run 'Calibrate Screen'.
2026-07-02 12:55:06 [INFO] [state_change] from_state=SCANNING | to_state=STOPPED
2026-07-02 12:55:06 [INFO] Automation ENABLED (F8)
2026-07-02 12:55:06 [INFO] [state_change] from_state=STOPPED | to_state=SCANNING
2026-07-02 12:55:07 [INFO] Automation DISABLED (F8)
2026-07-02 12:55:07 [INFO] Automation ENABLED (F8)
2026-07-02 12:55:07 [ERROR] Calibration missing or invalid. Please run 'Calibrate Screen'.
2026-07-02 12:55:07 [INFO] [state_change] from_state=SCANNING | to_state=STOPPED
2026-07-02 12:55:07 [INFO] Automation ENABLED (F8)
2026-07-02 12:55:07 [INFO] [state_change] from_state=STOPPED | to_state=SCANNING
2026-07-02 12:55:07 [INFO] Automation DISABLED (F8)
2026-07-02 12:55:07 [INFO] Automation ENABLED (F8)
2026-07-02 12:55:07 [ERROR] Calibration missing or invalid. Please run 'Calibrate Screen'.
2026-07-02 12:55:07 [INFO] [state_change] from_state=SCANNING | to_state=STOPPED
2026-07-02 12:55:07 [INFO] Automation ENABLED (F8)
2026-07-02 12:55:07 [INFO] [state_change] from_state=STOPPED | to_state=SCANNING
2026-07-02 12:55:07 [INFO] Automation DISABLED (F8)
2026-07-02 12:55:07 [INFO] Automation ENABLED (F8)
2026-07-02 12:55:07 [ERROR] Calibration missing or invalid. Please run 'Calibrate Screen'.
2026-07-02 12:55:07 [INFO] [state_change] from_state=SCANNING | to_state=STOPPED
2026-07-02 12:55:07 [INFO] Automation ENABLED (F8)
2026-07-02 12:55:07 [INFO] [state_change] from_state=STOPPED | to_state=SCANNING
2026-07-02 12:55:07 [INFO] Automation DISABLED (F8)
2026-07-02 12:55:07 [INFO] Automation ENABLED (F8)
2026-07-02 12:55:07 [ERROR] Calibration missing or invalid. Please run 'Calibrate Screen'.
2026-07-02 12:55:07 [INFO] [state_change] from_state=SCANNING | to_state=STOPPED
2026-07-02 12:55:07 [INFO] Automation ENABLED (F8)
2026-07-02 12:55:07 [INFO] [state_change] from_state=STOPPED | to_state=SCANNING
2026-07-02 12:55:07 [INFO] Automation DISABLED (F8)
2026-07-02 12:55:07 [INFO] Automation ENABLED (F8)
2026-07-02 12:55:07 [ERROR] Calibration missing or invalid. Please run 'Calibrate Screen'.
2026-07-02 12:55:07 [INFO] [state_change] from_state=SCANNING | to_state=STOPPED
2026-07-02 12:55:07 [INFO] Automation ENABLED (F8)
2026-07-02 12:55:07 [INFO] [state_change] from_state=STOPPED | to_state=SCANNING
2026-07-02 12:55:07 [INFO] Automation DISABLED (F8)
2026-07-02 12:55:07 [INFO] Automation ENABLED (F8)
2026-07-02 12:55:07 [ERROR] Calibration missing or invalid. Please run 'Calibrate Screen'.
2026-07-02 12:55:07 [INFO] [state_change] from_state=SCANNING | to_state=STOPPED
2026-07-02 12:55:07 [INFO] Automation ENABLED (F8)
2026-07-02 12:55:07 [INFO] [state_change] from_state=STOPPED | to_state=SCANNING
2026-07-02 12:55:07 [INFO] Automation DISABLED (F8)
2026-07-02 12:55:07 [INFO] Automation ENABLED (F8)
2026-07-02 12:55:07 [INFO] Automation DISABLED (F8)
2026-07-02 12:55:07 [INFO] [state_change] from_state=SCANNING | to_state=STOPPED
2026-07-02 12:55:07 [INFO] Automation ENABLED (F8)
2026-07-02 12:55:07 [INFO] [state_change] from_state=STOPPED | to_state=SCANNING
2026-07-02 12:55:07 [INFO] Automation DISABLED (F8)
2026-07-02 12:55:07 [INFO] [state_change] from_state=SCANNING | to_state=STOPPED
2026-07-02 12:55:07 [INFO] Automation ENABLED (F8)
2026-07-02 12:55:07 [INFO] [state_change] from_state=STOPPED | to_state=SCANNING
2026-07-02 12:55:07 [INFO] Automation DISABLED (F8)
2026-07-02 12:55:07 [INFO] Automation ENABLED (F8)
2026-07-02 12:55:07 [INFO] Automation DISABLED (F8)
2026-07-02 12:55:07 [INFO] [state_change] from_state=SCANNING | to_state=STOPPED
2026-07-02 12:55:07 [INFO] Automation ENABLED (F8)
2026-07-02 12:55:07 [INFO] [state_change] from_state=STOPPED | to_state=SCANNING
2026-07-02 12:55:07 [INFO] Automation DISABLED (F8)
2026-07-02 12:55:07 [INFO] [state_change] from_state=SCANNING | to_state=STOPPED
2026-07-02 12:55:07 [INFO] Automation ENABLED (F8)
2026-07-02 12:55:07 [INFO] [state_change] from_state=STOPPED | to_state=SCANNING
2026-07-02 12:55:08 [INFO] Automation DISABLED (F8)
2026-07-02 12:55:08 [INFO] Automation ENABLED (F8)
2026-07-02 12:55:08 [INFO] Automation DISABLED (F8)
2026-07-02 12:55:08 [INFO] [state_change] from_state=SCANNING | to_state=STOPPED
2026-07-02 12:55:08 [INFO] Automation ENABLED (F8)
2026-07-02 12:55:08 [INFO] [state_change] from_state=STOPPED | to_state=SCANNING
2026-07-02 12:55:08 [INFO] Automation DISABLED (F8)
2026-07-02 12:55:08 [INFO] Automation ENABLED (F8)
2026-07-02 12:55:08 [ERROR] Calibration missing or invalid. Please run 'Calibrate Screen'.
2026-07-02 12:55:08 [INFO] [state_change] from_state=SCANNING | to_state=STOPPED
2026-07-02 12:55:08 [INFO] Automation ENABLED (F8)
2026-07-02 12:55:08 [INFO] [state_change] from_state=STOPPED | to_state=SCANNING
2026-07-02 12:55:08 [INFO] Automation DISABLED (F8)
2026-07-02 12:55:08 [INFO] [state_change] from_state=SCANNING | to_state=STOPPED
2026-07-02 12:55:08 [INFO] Automation ENABLED (F8)
2026-07-02 12:55:08 [INFO] [state_change] from_state=STOPPED | to_state=SCANNING
2026-07-02 12:55:08 [INFO] Automation DISABLED (F8)
2026-07-02 12:55:08 [INFO] Automation ENABLED (F8)
2026-07-02 12:55:08 [INFO] Automation DISABLED (F8)
2026-07-02 12:55:08 [INFO] [state_change] from_state=SCANNING | to_state=STOPPED
2026-07-02 12:55:08 [INFO] Automation ENABLED (F8)
2026-07-02 12:55:08 [INFO] [state_change] from_state=STOPPED | to_state=SCANNING
2026-07-02 12:55:08 [INFO] Automation DISABLED (F8)
2026-07-02 12:55:08 [INFO] Automation ENABLED (F8)
2026-07-02 12:55:08 [ERROR] Calibration missing or invalid. Please run 'Calibrate Screen'.
2026-07-02 12:55:08 [INFO] [state_change] from_state=SCANNING | to_state=STOPPED
2026-07-02 12:55:08 [INFO] Automation ENABLED (F8)
2026-07-02 12:55:08 [INFO] [state_change] from_state=STOPPED | to_state=SCANNING
2026-07-02 12:55:08 [INFO] Automation DISABLED (F8)
2026-07-02 12:55:08 [INFO] Automation ENABLED (F8)
2026-07-02 12:55:08 [ERROR] Calibration missing or invalid. Please run 'Calibrate Screen'.
2026-07-02 12:55:08 [INFO] [state_change] from_state=SCANNING | to_state=STOPPED
2026-07-02 12:55:08 [INFO] Automation ENABLED (F8)
2026-07-02 12:55:08 [INFO] [state_change] from_state=STOPPED | to_state=SCANNING
2026-07-02 12:55:08 [INFO] Automation DISABLED (F8)
2026-07-02 12:55:08 [INFO] Automation ENABLED (F8)
2026-07-02 12:55:08 [ERROR] Calibration missing or invalid. Please run 'Calibrate Screen'.
2026-07-02 12:55:08 [INFO] [state_change] from_state=SCANNING | to_state=STOPPED
2026-07-02 12:55:08 [INFO] Automation ENABLED (F8)
2026-07-02 12:55:08 [INFO] [state_change] from_state=STOPPED | to_state=SCANNING
2026-07-02 12:55:08 [INFO] Automation DISABLED (F8)
2026-07-02 12:55:08 [INFO] Automation ENABLED (F8)
2026-07-02 12:55:08 [ERROR] Calibration missing or invalid. Please run 'Calibrate Screen'.
2026-07-02 12:55:08 [INFO] [state_change] from_state=SCANNING | to_state=STOPPED
2026-07-02 12:55:17 [INFO] Automation ENABLED (F8)
2026-07-02 12:55:17 [INFO] [state_change] from_state=STOPPED | to_state=SCANNING
2026-07-02 12:55:17 [ERROR] Calibration missing or invalid. Please run 'Calibrate Screen'.
2026-07-02 12:55:17 [INFO] [state_change] from_state=SCANNING | to_state=STOPPED
2026-07-02 12:56:36 [INFO] System Tray initialized. Application is running in the background.
2026-07-02 12:56:36 [INFO] All sub-systems initialised.
2026-07-02 12:56:36 [INFO] [state_change] from_state=IDLE | to_state=SCANNING
2026-07-02 12:56:36 [INFO] WorkflowEngine started — user='phan'  table={'left': -1, 'top': -1, 'width': -1, 'height': -1}
2026-07-02 12:56:36 [ERROR] Calibration missing or invalid. Please run 'Calibrate Screen'.
2026-07-02 12:56:36 [INFO] [state_change] from_state=SCANNING | to_state=STOPPED
2026-07-02 12:56:41 [INFO] Clean exit requested (ESC).
2026-07-02 12:56:41 [INFO] WorkflowEngine shut down cleanly.
2026-07-02 12:56:43 [INFO] Clean exit requested (ESC).
2026-07-02 12:56:44 [INFO] Clean exit requested (ESC).
2026-07-02 12:56:50 [INFO] System Tray initialized. Application is running in the background.
2026-07-02 12:56:50 [INFO] All sub-systems initialised.
2026-07-02 12:56:50 [INFO] [state_change] from_state=IDLE | to_state=SCANNING
2026-07-02 12:56:50 [INFO] WorkflowEngine started — user='phan'  table={'left': -1, 'top': -1, 'width': -1, 'height': -1}
2026-07-02 12:56:50 [ERROR] Calibration missing or invalid. Please run 'Calibrate Screen'.
2026-07-02 12:56:50 [INFO] [state_change] from_state=SCANNING | to_state=STOPPED
2026-07-02 12:56:57 [INFO] System Tray initialized. Application is running in the background.
2026-07-02 12:56:57 [INFO] All sub-systems initialised.
2026-07-02 12:56:57 [INFO] [state_change] from_state=IDLE | to_state=SCANNING
2026-07-02 12:56:57 [INFO] WorkflowEngine started — user='phan'  table={'left': -1, 'top': -1, 'width': -1, 'height': -1}
2026-07-02 12:56:57 [ERROR] Calibration missing or invalid. Please run 'Calibrate Screen'.
2026-07-02 12:56:57 [INFO] [state_change] from_state=SCANNING | to_state=STOPPED
2026-07-02 12:57:13 [INFO] System Tray initialized. Application is running in the background.
2026-07-02 12:57:13 [INFO] All sub-systems initialised.
2026-07-02 12:57:13 [INFO] [state_change] from_state=IDLE | to_state=SCANNING
2026-07-02 12:57:13 [INFO] WorkflowEngine started — user='phan'  table={'left': -1, 'top': -1, 'width': -1, 'height': -1}
2026-07-02 12:57:13 [ERROR] Calibration missing or invalid. Please run 'Calibrate Screen'.
2026-07-02 12:57:13 [INFO] [state_change] from_state=SCANNING | to_state=STOPPED
2026-07-02 12:57:56 [INFO] Running CLI Calibration...
2026-07-02 12:57:56 [INFO] Starting calibration...
2026-07-02 12:58:29 [INFO] Calibration complete — all regions configured.
2026-07-02 12:58:29 [INFO] Calibration finished.
2026-07-02 13:00:35 [INFO] System Tray initialized. Application is running in the background.
2026-07-02 13:00:35 [INFO] All sub-systems initialised.
2026-07-02 13:00:35 [INFO] [state_change] from_state=IDLE | to_state=SCANNING
2026-07-02 13:00:35 [INFO] WorkflowEngine started — user='phan'  table={'left': 53, 'top': 601, 'width': 1486, 'height': 293}
2026-07-02 13:00:39 [INFO] [loop_tick] state=SCANNING | rows=6 | claims=0
2026-07-02 13:00:39 [INFO] [loop_tick] state=SCANNING | rows=3 | claims=0
2026-07-02 13:00:39 [INFO] [loop_tick] state=SCANNING | rows=3 | claims=0
2026-07-02 13:00:42 [INFO] [row_detected] total_rows=4 | claim_rows=[1]
2026-07-02 13:00:42 [INFO] [claim_found] row_id=1 | text=CLAIM | confidence=0.999 | claim_cell=(1169, 649)
2026-07-02 13:00:42 [INFO] [state_change] from_state=SCANNING | to_state=CLAIM_FOUND
2026-07-02 13:00:42 [INFO] [state_change] from_state=CLAIM_FOUND | to_state=CLICK_CLAIM
2026-07-02 13:00:43 [INFO] [claim_cell_clicked] row_id=1 | x=1169 | y=649
2026-07-02 13:00:43 [INFO] [state_change] from_state=CLICK_CLAIM | to_state=WAIT_USERNAME
2026-07-02 13:00:44 [WARNING] Cell shows 'alamba' — claimed by someone else.
2026-07-02 13:00:44 [INFO] [claim_stolen] y_key=648 | cell_text=alamba
2026-07-02 13:00:44 [INFO] [state_change] from_state=WAIT_USERNAME | to_state=SCANNING
2026-07-02 13:00:44 [INFO] [loop_tick] state=SCANNING | rows=4 | claims=0
2026-07-02 13:00:47 [INFO] [loop_tick] state=SCANNING | rows=4 | claims=0
2026-07-02 13:00:50 [INFO] [loop_tick] state=SCANNING | rows=4 | claims=0
2026-07-02 13:00:52 [INFO] [loop_tick] state=SCANNING | rows=4 | claims=0
2026-07-02 13:00:55 [INFO] [loop_tick] state=SCANNING | rows=4 | claims=0
2026-07-02 13:00:57 [INFO] [loop_tick] state=SCANNING | rows=4 | claims=0
2026-07-02 13:01:00 [INFO] [loop_tick] state=SCANNING | rows=4 | claims=0
2026-07-02 13:01:02 [INFO] [loop_tick] state=SCANNING | rows=4 | claims=0
2026-07-02 13:01:05 [INFO] [loop_tick] state=SCANNING | rows=4 | claims=0
2026-07-02 13:01:07 [INFO] [loop_tick] state=SCANNING | rows=4 | claims=0
2026-07-02 13:01:10 [INFO] [loop_tick] state=SCANNING | rows=4 | claims=0
2026-07-02 13:01:12 [INFO] [loop_tick] state=SCANNING | rows=4 | claims=0
2026-07-02 13:01:15 [INFO] [loop_tick] state=SCANNING | rows=4 | claims=0
2026-07-02 13:01:17 [INFO] [row_detected] total_rows=5 | claim_rows=[1]
2026-07-02 13:01:20 [INFO] [loop_tick] state=SCANNING | rows=5 | claims=0
2026-07-02 13:01:22 [INFO] [loop_tick] state=SCANNING | rows=5 | claims=0
2026-07-02 13:01:25 [INFO] [loop_tick] state=SCANNING | rows=5 | claims=0
2026-07-02 13:01:27 [INFO] [loop_tick] state=SCANNING | rows=5 | claims=0
2026-07-02 13:01:30 [INFO] [loop_tick] state=SCANNING | rows=5 | claims=0
2026-07-02 13:01:32 [INFO] [loop_tick] state=SCANNING | rows=5 | claims=0
2026-07-02 13:01:35 [INFO] [loop_tick] state=SCANNING | rows=5 | claims=0
2026-07-02 13:01:37 [INFO] [loop_tick] state=SCANNING | rows=5 | claims=0
2026-07-02 13:01:40 [INFO] [loop_tick] state=SCANNING | rows=3 | claims=0
2026-07-02 13:01:42 [INFO] [row_detected] total_rows=4 | claim_rows=[0]
2026-07-02 13:01:42 [INFO] [claim_found] row_id=0 | text=CLAIM | confidence=0.995 | claim_cell=(1168, 619)
2026-07-02 13:01:42 [INFO] [state_change] from_state=SCANNING | to_state=CLAIM_FOUND
2026-07-02 13:01:42 [INFO] [state_change] from_state=CLAIM_FOUND | to_state=CLICK_CLAIM
2026-07-02 13:01:43 [INFO] [claim_cell_clicked] row_id=0 | x=1168 | y=619
2026-07-02 13:01:43 [INFO] [state_change] from_state=CLICK_CLAIM | to_state=WAIT_USERNAME
2026-07-02 13:01:45 [INFO] [claim_verified] y_key=616 | cell_text=phan | elapsed_s=1.407
2026-07-02 13:01:45 [INFO] [state_change] from_state=WAIT_USERNAME | to_state=CLAIM_SUCCESS
2026-07-02 13:01:45 [INFO] [select_clicked] y_key=616 | x=1315 | y=619
2026-07-02 13:01:45 [INFO] [state_change] from_state=CLAIM_SUCCESS | to_state=CLICK_SELECT
2026-07-02 13:01:45 [INFO] [state_change] from_state=CLICK_SELECT | to_state=CLICK_CONNECT
2026-07-02 13:01:46 [INFO] [connect_clicked] y_key=616 | x=760 | y=96
2026-07-02 13:01:46 [INFO] [state_change] from_state=CLICK_CONNECT | to_state=CONNECTED
2026-07-02 13:01:46 [INFO] ✓ Connected! Waiting 1000ms then entering STOPPED state.
2026-07-02 13:01:47 [INFO] [state_change] from_state=CONNECTED | to_state=STOPPED
2026-07-02 13:03:02 [INFO] Automation ENABLED (F8)
2026-07-02 13:03:02 [INFO] [state_change] from_state=STOPPED | to_state=SCANNING
2026-07-02 13:03:02 [INFO] [loop_tick] state=SCANNING | rows=4 | claims=0
2026-07-02 13:03:02 [INFO] [loop_tick] state=SCANNING | rows=3 | claims=0
2026-07-02 13:03:05 [INFO] [loop_tick] state=SCANNING | rows=3 | claims=0
2026-07-02 13:03:07 [INFO] [loop_tick] state=SCANNING | rows=3 | claims=0
2026-07-02 13:03:10 [INFO] [loop_tick] state=SCANNING | rows=3 | claims=0
2026-07-02 13:03:12 [INFO] [loop_tick] state=SCANNING | rows=3 | claims=0
2026-07-02 13:03:15 [INFO] [loop_tick] state=SCANNING | rows=3 | claims=0
2026-07-02 13:03:17 [INFO] [loop_tick] state=SCANNING | rows=3 | claims=0
2026-07-02 13:03:20 [INFO] [loop_tick] state=SCANNING | rows=3 | claims=0
2026-07-02 13:03:22 [INFO] [loop_tick] state=SCANNING | rows=2 | claims=0
2026-07-02 13:03:25 [INFO] [loop_tick] state=SCANNING | rows=2 | claims=0
2026-07-02 13:03:27 [INFO] [loop_tick] state=SCANNING | rows=2 | claims=0
2026-07-02 13:03:29 [INFO] [loop_tick] state=SCANNING | rows=2 | claims=0
2026-07-02 13:03:32 [INFO] [loop_tick] state=SCANNING | rows=2 | claims=0
2026-07-02 13:03:34 [INFO] [loop_tick] state=SCANNING | rows=2 | claims=0
2026-07-02 13:03:37 [INFO] [loop_tick] state=SCANNING | rows=2 | claims=0
2026-07-02 13:03:39 [INFO] [loop_tick] state=SCANNING | rows=2 | claims=0
2026-07-02 13:03:42 [INFO] [loop_tick] state=SCANNING | rows=2 | claims=0
2026-07-02 13:03:44 [INFO] [loop_tick] state=SCANNING | rows=2 | claims=0
2026-07-02 13:03:47 [INFO] [loop_tick] state=SCANNING | rows=2 | claims=0
2026-07-02 13:03:49 [INFO] [loop_tick] state=SCANNING | rows=2 | claims=0
2026-07-02 13:03:52 [INFO] [loop_tick] state=SCANNING | rows=2 | claims=0
2026-07-02 13:03:54 [INFO] [loop_tick] state=SCANNING | rows=2 | claims=0
2026-07-02 13:03:56 [INFO] [loop_tick] state=SCANNING | rows=2 | claims=0
2026-07-02 13:03:59 [INFO] [loop_tick] state=SCANNING | rows=2 | claims=0
2026-07-02 13:04:01 [INFO] [loop_tick] state=SCANNING | rows=2 | claims=0
2026-07-02 13:04:04 [INFO] [loop_tick] state=SCANNING | rows=2 | claims=0
2026-07-02 13:04:06 [INFO] [loop_tick] state=SCANNING | rows=2 | claims=0
2026-07-02 13:04:08 [INFO] [loop_tick] state=SCANNING | rows=2 | claims=0
2026-07-02 13:04:11 [INFO] [loop_tick] state=SCANNING | rows=2 | claims=0
2026-07-02 13:04:13 [INFO] [loop_tick] state=SCANNING | rows=2 | claims=0
2026-07-02 13:04:16 [INFO] [loop_tick] state=SCANNING | rows=2 | claims=0
2026-07-02 13:04:18 [INFO] [loop_tick] state=SCANNING | rows=2 | claims=0
2026-07-02 13:04:21 [INFO] [loop_tick] state=SCANNING | rows=2 | claims=0
2026-07-02 13:04:23 [INFO] [loop_tick] state=SCANNING | rows=2 | claims=0
2026-07-02 13:04:25 [INFO] [loop_tick] state=SCANNING | rows=2 | claims=0
2026-07-02 13:04:28 [INFO] [loop_tick] state=SCANNING | rows=2 | claims=0
2026-07-02 13:04:30 [INFO] [loop_tick] state=SCANNING | rows=1 | claims=0
2026-07-02 13:04:33 [INFO] [loop_tick] state=SCANNING | rows=1 | claims=0
2026-07-02 13:04:35 [INFO] [loop_tick] state=SCANNING | rows=1 | claims=0
2026-07-02 13:04:37 [INFO] [loop_tick] state=SCANNING | rows=1 | claims=0
2026-07-02 13:04:40 [INFO] [loop_tick] state=SCANNING | rows=1 | claims=0
2026-07-02 13:04:42 [INFO] [loop_tick] state=SCANNING | rows=1 | claims=0
2026-07-02 13:04:45 [INFO] [loop_tick] state=SCANNING | rows=1 | claims=0
2026-07-02 13:04:47 [INFO] [loop_tick] state=SCANNING | rows=1 | claims=0
2026-07-02 13:04:50 [INFO] [loop_tick] state=SCANNING | rows=1 | claims=0
2026-07-02 13:04:52 [INFO] [loop_tick] state=SCANNING | rows=1 | claims=0
2026-07-02 13:04:54 [INFO] [loop_tick] state=SCANNING | rows=1 | claims=0
2026-07-02 13:04:57 [INFO] [loop_tick] state=SCANNING | rows=1 | claims=0
2026-07-02 13:04:59 [INFO] [loop_tick] state=SCANNING | rows=1 | claims=0
2026-07-02 13:05:02 [INFO] [loop_tick] state=SCANNING | rows=1 | claims=0
2026-07-02 13:05:04 [INFO] [loop_tick] state=SCANNING | rows=1 | claims=0
2026-07-02 13:05:07 [INFO] [loop_tick] state=SCANNING | rows=1 | claims=0
2026-07-02 13:05:09 [INFO] [loop_tick] state=SCANNING | rows=1 | claims=0
2026-07-02 13:05:12 [INFO] [loop_tick] state=SCANNING | rows=1 | claims=0
2026-07-02 13:05:14 [INFO] [loop_tick] state=SCANNING | rows=1 | claims=0
2026-07-02 13:05:16 [INFO] [loop_tick] state=SCANNING | rows=1 | claims=0
2026-07-02 13:05:19 [INFO] [loop_tick] state=SCANNING | rows=1 | claims=0
2026-07-02 13:05:21 [INFO] [loop_tick] state=SCANNING | rows=1 | claims=0
2026-07-02 13:05:24 [INFO] [loop_tick] state=SCANNING | rows=1 | claims=0
2026-07-02 13:05:26 [INFO] [loop_tick] state=SCANNING | rows=1 | claims=0
2026-07-02 13:05:29 [INFO] [loop_tick] state=SCANNING | rows=1 | claims=0
2026-07-02 13:05:31 [INFO] [loop_tick] state=SCANNING | rows=1 | claims=0
2026-07-02 13:05:34 [INFO] [loop_tick] state=SCANNING | rows=1 | claims=0
2026-07-02 13:05:36 [INFO] [loop_tick] state=SCANNING | rows=1 | claims=0
2026-07-02 13:05:38 [INFO] [loop_tick] state=SCANNING | rows=1 | claims=0
2026-07-02 13:05:41 [INFO] [loop_tick] state=SCANNING | rows=1 | claims=0
2026-07-02 13:05:43 [INFO] [loop_tick] state=SCANNING | rows=1 | claims=0
2026-07-02 13:05:46 [INFO] [loop_tick] state=SCANNING | rows=1 | claims=0
2026-07-02 13:05:48 [INFO] [loop_tick] state=SCANNING | rows=1 | claims=0
2026-07-02 13:05:51 [INFO] [loop_tick] state=SCANNING | rows=1 | claims=0
2026-07-02 13:05:53 [INFO] [loop_tick] state=SCANNING | rows=1 | claims=0
2026-07-02 13:05:56 [INFO] [loop_tick] state=SCANNING | rows=1 | claims=0
2026-07-02 13:05:58 [INFO] [loop_tick] state=SCANNING | rows=1 | claims=0
2026-07-02 13:06:00 [INFO] [loop_tick] state=SCANNING | rows=1 | claims=0
2026-07-02 13:06:03 [INFO] [loop_tick] state=SCANNING | rows=1 | claims=0
2026-07-02 13:06:05 [INFO] [loop_tick] state=SCANNING | rows=1 | claims=0
2026-07-02 13:06:08 [INFO] [loop_tick] state=SCANNING | rows=1 | claims=0
2026-07-02 13:06:10 [INFO] [loop_tick] state=SCANNING | rows=1 | claims=0
2026-07-02 13:06:13 [INFO] [loop_tick] state=SCANNING | rows=1 | claims=0
2026-07-02 13:06:15 [INFO] [loop_tick] state=SCANNING | rows=1 | claims=0
2026-07-02 13:06:17 [INFO] [loop_tick] state=SCANNING | rows=1 | claims=0
2026-07-02 13:06:20 [INFO] [loop_tick] state=SCANNING | rows=1 | claims=0
2026-07-02 13:06:22 [INFO] [loop_tick] state=SCANNING | rows=1 | claims=0
2026-07-02 13:06:25 [INFO] [loop_tick] state=SCANNING | rows=1 | claims=0
2026-07-02 13:06:27 [INFO] [loop_tick] state=SCANNING | rows=1 | claims=0
2026-07-02 13:06:30 [INFO] [loop_tick] state=SCANNING | rows=1 | claims=0
2026-07-02 13:06:32 [INFO] [loop_tick] state=SCANNING | rows=1 | claims=0
2026-07-02 13:06:34 [INFO] [loop_tick] state=SCANNING | rows=1 | claims=0
2026-07-02 13:06:37 [INFO] [loop_tick] state=SCANNING | rows=1 | claims=0
2026-07-02 13:06:40 [INFO] [loop_tick] state=SCANNING | rows=1 | claims=0
2026-07-02 13:06:42 [INFO] [loop_tick] state=SCANNING | rows=1 | claims=0
2026-07-02 13:06:44 [INFO] [loop_tick] state=SCANNING | rows=1 | claims=0
2026-07-02 13:06:47 [INFO] [loop_tick] state=SCANNING | rows=1 | claims=0
2026-07-02 13:06:49 [INFO] [loop_tick] state=SCANNING | rows=1 | claims=0
2026-07-02 13:06:52 [INFO] [loop_tick] state=SCANNING | rows=1 | claims=0
2026-07-02 13:06:54 [INFO] [loop_tick] state=SCANNING | rows=1 | claims=0
2026-07-02 13:06:56 [INFO] [loop_tick] state=SCANNING | rows=1 | claims=0
2026-07-02 13:06:59 [INFO] [loop_tick] state=SCANNING | rows=1 | claims=0
2026-07-02 13:07:01 [INFO] [loop_tick] state=SCANNING | rows=1 | claims=0
2026-07-02 13:07:04 [INFO] [loop_tick] state=SCANNING | rows=1 | claims=0
2026-07-02 13:07:06 [INFO] [loop_tick] state=SCANNING | rows=1 | claims=0
2026-07-02 13:07:08 [INFO] [loop_tick] state=SCANNING | rows=1 | claims=0
2026-07-02 13:07:10 [INFO] [loop_tick] state=SCANNING | rows=1 | claims=0
2026-07-02 13:07:13 [INFO] [loop_tick] state=SCANNING | rows=1 | claims=0
2026-07-02 13:07:15 [INFO] [loop_tick] state=SCANNING | rows=1 | claims=0
2026-07-02 13:07:17 [INFO] [loop_tick] state=SCANNING | rows=1 | claims=0
2026-07-02 13:07:20 [INFO] [loop_tick] state=SCANNING | rows=1 | claims=0
2026-07-02 13:07:22 [INFO] [loop_tick] state=SCANNING | rows=1 | claims=0
2026-07-02 13:07:25 [INFO] [loop_tick] state=SCANNING | rows=1 | claims=0
2026-07-02 13:07:27 [INFO] [loop_tick] state=SCANNING | rows=1 | claims=0
2026-07-02 13:07:29 [INFO] [loop_tick] state=SCANNING | rows=1 | claims=0
2026-07-02 13:07:32 [INFO] [loop_tick] state=SCANNING | rows=1 | claims=0
2026-07-02 13:07:34 [INFO] [loop_tick] state=SCANNING | rows=1 | claims=0
2026-07-02 13:07:37 [INFO] [loop_tick] state=SCANNING | rows=1 | claims=0
2026-07-02 13:07:39 [INFO] [loop_tick] state=SCANNING | rows=1 | claims=0
2026-07-02 13:07:42 [INFO] [loop_tick] state=SCANNING | rows=1 | claims=0
2026-07-02 13:07:44 [INFO] [loop_tick] state=SCANNING | rows=1 | claims=0
2026-07-02 13:07:47 [INFO] [loop_tick] state=SCANNING | rows=1 | claims=0
2026-07-02 13:07:49 [INFO] [loop_tick] state=SCANNING | rows=1 | claims=0
2026-07-02 13:07:51 [INFO] [loop_tick] state=SCANNING | rows=1 | claims=0
2026-07-02 13:07:54 [INFO] [loop_tick] state=SCANNING | rows=1 | claims=0
2026-07-02 13:07:56 [INFO] [loop_tick] state=SCANNING | rows=1 | claims=0
2026-07-02 13:07:58 [INFO] [loop_tick] state=SCANNING | rows=1 | claims=0
2026-07-02 13:08:00 [INFO] [loop_tick] state=SCANNING | rows=1 | claims=0
2026-07-02 13:08:03 [INFO] [loop_tick] state=SCANNING | rows=1 | claims=0
2026-07-02 13:08:05 [INFO] [loop_tick] state=SCANNING | rows=1 | claims=0
2026-07-02 13:08:07 [INFO] [loop_tick] state=SCANNING | rows=1 | claims=0
2026-07-02 13:08:10 [INFO] [loop_tick] state=SCANNING | rows=1 | claims=0
2026-07-02 13:08:12 [INFO] [loop_tick] state=SCANNING | rows=1 | claims=0
2026-07-02 13:08:15 [INFO] [loop_tick] state=SCANNING | rows=1 | claims=0
2026-07-02 13:08:17 [INFO] [loop_tick] state=SCANNING | rows=1 | claims=0
2026-07-02 13:08:20 [INFO] [loop_tick] state=SCANNING | rows=1 | claims=0
2026-07-02 13:08:22 [INFO] [loop_tick] state=SCANNING | rows=1 | claims=0
2026-07-02 13:08:24 [INFO] [loop_tick] state=SCANNING | rows=1 | claims=0
2026-07-02 13:08:27 [INFO] [loop_tick] state=SCANNING | rows=1 | claims=0
2026-07-02 13:08:29 [INFO] [loop_tick] state=SCANNING | rows=1 | claims=0
2026-07-02 13:08:32 [INFO] [loop_tick] state=SCANNING | rows=1 | claims=0
2026-07-02 13:08:34 [INFO] [loop_tick] state=SCANNING | rows=1 | claims=0
2026-07-02 13:08:37 [INFO] [loop_tick] state=SCANNING | rows=1 | claims=0
2026-07-02 13:08:39 [INFO] [loop_tick] state=SCANNING | rows=1 | claims=0
2026-07-02 13:08:41 [INFO] [loop_tick] state=SCANNING | rows=1 | claims=0
2026-07-02 13:08:44 [INFO] [loop_tick] state=SCANNING | rows=1 | claims=0
2026-07-02 13:08:46 [INFO] [loop_tick] state=SCANNING | rows=1 | claims=0
2026-07-02 13:08:48 [INFO] [loop_tick] state=SCANNING | rows=1 | claims=0
2026-07-02 13:08:51 [INFO] [loop_tick] state=SCANNING | rows=1 | claims=0
2026-07-02 13:08:53 [INFO] [loop_tick] state=SCANNING | rows=1 | claims=0
2026-07-02 13:08:55 [INFO] [loop_tick] state=SCANNING | rows=1 | claims=0
2026-07-02 13:08:58 [INFO] [loop_tick] state=SCANNING | rows=1 | claims=0
2026-07-02 13:09:00 [INFO] [loop_tick] state=SCANNING | rows=1 | claims=0
2026-07-02 13:09:02 [INFO] [loop_tick] state=SCANNING | rows=1 | claims=0
2026-07-02 13:09:05 [INFO] [loop_tick] state=SCANNING | rows=1 | claims=0
2026-07-02 13:09:07 [INFO] [loop_tick] state=SCANNING | rows=1 | claims=0
2026-07-02 13:09:10 [INFO] [loop_tick] state=SCANNING | rows=1 | claims=0
2026-07-02 13:09:12 [INFO] [loop_tick] state=SCANNING | rows=1 | claims=0
2026-07-02 13:09:15 [INFO] [loop_tick] state=SCANNING | rows=1 | claims=0
2026-07-02 13:09:17 [INFO] [loop_tick] state=SCANNING | rows=1 | claims=0
2026-07-02 13:09:20 [INFO] [loop_tick] state=SCANNING | rows=1 | claims=0
2026-07-02 13:09:22 [INFO] [loop_tick] state=SCANNING | rows=1 | claims=0
2026-07-02 13:09:24 [INFO] [loop_tick] state=SCANNING | rows=1 | claims=0
2026-07-02 13:09:27 [INFO] [loop_tick] state=SCANNING | rows=1 | claims=0
2026-07-02 13:09:29 [INFO] [loop_tick] state=SCANNING | rows=1 | claims=0
2026-07-02 13:09:32 [INFO] [loop_tick] state=SCANNING | rows=1 | claims=0
2026-07-02 13:09:34 [INFO] [loop_tick] state=SCANNING | rows=1 | claims=0
2026-07-02 13:09:37 [INFO] [loop_tick] state=SCANNING | rows=1 | claims=0
2026-07-02 13:09:39 [INFO] [loop_tick] state=SCANNING | rows=1 | claims=0
2026-07-02 13:09:42 [INFO] [loop_tick] state=SCANNING | rows=1 | claims=0
2026-07-02 13:09:44 [INFO] [loop_tick] state=SCANNING | rows=1 | claims=0
2026-07-02 13:09:47 [INFO] [loop_tick] state=SCANNING | rows=1 | claims=0
2026-07-02 13:09:49 [INFO] [loop_tick] state=SCANNING | rows=1 | claims=0
2026-07-02 13:09:51 [INFO] [loop_tick] state=SCANNING | rows=1 | claims=0
2026-07-02 13:09:54 [INFO] [loop_tick] state=SCANNING | rows=1 | claims=0
2026-07-02 13:09:56 [INFO] [loop_tick] state=SCANNING | rows=1 | claims=0
2026-07-02 13:09:59 [INFO] [row_detected] total_rows=2 | claim_rows=[1]
2026-07-02 13:09:59 [INFO] [claim_found] row_id=1 | text=CLAIM | confidence=0.999 | claim_cell=(1169, 649)
2026-07-02 13:09:59 [INFO] [state_change] from_state=SCANNING | to_state=CLAIM_FOUND
2026-07-02 13:09:59 [INFO] [state_change] from_state=CLAIM_FOUND | to_state=CLICK_CLAIM
2026-07-02 13:09:59 [INFO] [claim_cell_clicked] row_id=1 | x=1169 | y=649
2026-07-02 13:09:59 [INFO] [state_change] from_state=CLICK_CLAIM | to_state=WAIT_USERNAME
2026-07-02 13:10:01 [WARNING] Cell shows 'aiming_' — claimed by someone else.
2026-07-02 13:10:01 [INFO] [claim_stolen] y_key=648 | cell_text=aiming_
2026-07-02 13:10:01 [INFO] [state_change] from_state=WAIT_USERNAME | to_state=SCANNING
2026-07-02 13:10:01 [INFO] [loop_tick] state=SCANNING | rows=2 | claims=0
2026-07-02 13:10:01 [INFO] [loop_tick] state=SCANNING | rows=2 | claims=0
2026-07-02 13:10:01 [INFO] [loop_tick] state=SCANNING | rows=2 | claims=0
2026-07-02 13:10:04 [INFO] [row_detected] total_rows=3 | claim_rows=[2]
2026-07-02 13:10:04 [INFO] [claim_found] row_id=2 | text=CLAIM | confidence=0.995 | claim_cell=(1168, 679)
2026-07-02 13:10:04 [INFO] [state_change] from_state=SCANNING | to_state=CLAIM_FOUND
2026-07-02 13:10:04 [INFO] [state_change] from_state=CLAIM_FOUND | to_state=CLICK_CLAIM
2026-07-02 13:10:04 [INFO] [claim_cell_clicked] row_id=2 | x=1168 | y=679
2026-07-02 13:10:04 [INFO] [state_change] from_state=CLICK_CLAIM | to_state=WAIT_USERNAME
2026-07-02 13:10:06 [WARNING] Cell shows 'ikliatsky' — claimed by someone else.
2026-07-02 13:10:06 [INFO] [claim_stolen] y_key=680 | cell_text=ikliatsky
2026-07-02 13:10:06 [INFO] [state_change] from_state=WAIT_USERNAME | to_state=SCANNING
2026-07-02 13:10:06 [INFO] [loop_tick] state=SCANNING | rows=3 | claims=0
2026-07-02 13:10:06 [INFO] [loop_tick] state=SCANNING | rows=3 | claims=0
2026-07-02 13:10:08 [INFO] [loop_tick] state=SCANNING | rows=3 | claims=0
2026-07-02 13:10:11 [INFO] [loop_tick] state=SCANNING | rows=3 | claims=0
2026-07-02 13:10:14 [INFO] [loop_tick] state=SCANNING | rows=3 | claims=0
2026-07-02 13:10:16 [INFO] [loop_tick] state=SCANNING | rows=3 | claims=0
2026-07-02 13:10:19 [INFO] [loop_tick] state=SCANNING | rows=3 | claims=0
2026-07-02 13:10:21 [INFO] [loop_tick] state=SCANNING | rows=3 | claims=0
2026-07-02 13:10:24 [INFO] [loop_tick] state=SCANNING | rows=3 | claims=0
2026-07-02 13:10:26 [INFO] [loop_tick] state=SCANNING | rows=3 | claims=0
2026-07-02 13:10:29 [INFO] [loop_tick] state=SCANNING | rows=3 | claims=0
2026-07-02 13:10:31 [INFO] [loop_tick] state=SCANNING | rows=3 | claims=0
2026-07-02 13:10:34 [INFO] [loop_tick] state=SCANNING | rows=3 | claims=0
2026-07-02 13:10:36 [INFO] [loop_tick] state=SCANNING | rows=3 | claims=0
2026-07-02 13:10:39 [INFO] [loop_tick] state=SCANNING | rows=3 | claims=0
2026-07-02 13:10:41 [INFO] [loop_tick] state=SCANNING | rows=3 | claims=0
2026-07-02 13:10:44 [INFO] [loop_tick] state=SCANNING | rows=3 | claims=0
2026-07-02 13:10:46 [INFO] [loop_tick] state=SCANNING | rows=3 | claims=0
2026-07-02 13:10:49 [INFO] [loop_tick] state=SCANNING | rows=3 | claims=0
2026-07-02 13:10:51 [INFO] [loop_tick] state=SCANNING | rows=3 | claims=0
2026-07-02 13:10:54 [INFO] [loop_tick] state=SCANNING | rows=3 | claims=0
2026-07-02 13:10:56 [INFO] [loop_tick] state=SCANNING | rows=3 | claims=0
2026-07-02 13:10:59 [INFO] [loop_tick] state=SCANNING | rows=3 | claims=0
2026-07-02 13:11:01 [INFO] [loop_tick] state=SCANNING | rows=3 | claims=0
2026-07-02 13:11:04 [INFO] [loop_tick] state=SCANNING | rows=3 | claims=0
2026-07-02 13:11:06 [INFO] [loop_tick] state=SCANNING | rows=3 | claims=0
2026-07-02 13:11:09 [INFO] [loop_tick] state=SCANNING | rows=3 | claims=0
2026-07-02 13:11:11 [INFO] [loop_tick] state=SCANNING | rows=3 | claims=0
2026-07-02 13:11:14 [INFO] [loop_tick] state=SCANNING | rows=3 | claims=0
2026-07-02 13:11:16 [INFO] [loop_tick] state=SCANNING | rows=3 | claims=0
2026-07-02 13:11:19 [INFO] [loop_tick] state=SCANNING | rows=3 | claims=0
2026-07-02 13:11:21 [INFO] [loop_tick] state=SCANNING | rows=3 | claims=0
2026-07-02 13:11:24 [INFO] [loop_tick] state=SCANNING | rows=3 | claims=0
2026-07-02 13:11:26 [INFO] [loop_tick] state=SCANNING | rows=3 | claims=0
2026-07-02 13:11:29 [INFO] [loop_tick] state=SCANNING | rows=3 | claims=0
2026-07-02 13:11:31 [INFO] [loop_tick] state=SCANNING | rows=3 | claims=0
2026-07-02 13:11:34 [INFO] [loop_tick] state=SCANNING | rows=3 | claims=0
2026-07-02 13:11:36 [INFO] [loop_tick] state=SCANNING | rows=3 | claims=0
2026-07-02 13:11:39 [INFO] [loop_tick] state=SCANNING | rows=3 | claims=0
2026-07-02 13:11:42 [INFO] [loop_tick] state=SCANNING | rows=3 | claims=0
2026-07-02 13:11:44 [INFO] [loop_tick] state=SCANNING | rows=3 | claims=0
2026-07-02 13:11:47 [INFO] [row_detected] total_rows=3 | claim_rows=[2]
2026-07-02 13:11:49 [INFO] [row_detected] total_rows=3 | claim_rows=[2]
2026-07-02 13:11:52 [INFO] [loop_tick] state=SCANNING | rows=3 | claims=0
2026-07-02 13:11:54 [INFO] [loop_tick] state=SCANNING | rows=3 | claims=0
2026-07-02 13:11:57 [INFO] [loop_tick] state=SCANNING | rows=3 | claims=0
2026-07-02 13:11:59 [INFO] [loop_tick] state=SCANNING | rows=3 | claims=0
2026-07-02 13:12:02 [INFO] [loop_tick] state=SCANNING | rows=3 | claims=0
2026-07-02 13:12:04 [INFO] [loop_tick] state=SCANNING | rows=3 | claims=0
2026-07-02 13:12:07 [INFO] [loop_tick] state=SCANNING | rows=3 | claims=0
2026-07-02 13:12:09 [INFO] [loop_tick] state=SCANNING | rows=3 | claims=0
2026-07-02 13:12:12 [INFO] [loop_tick] state=SCANNING | rows=3 | claims=0
2026-07-02 13:12:14 [INFO] [loop_tick] state=SCANNING | rows=3 | claims=0
2026-07-02 13:12:17 [INFO] [loop_tick] state=SCANNING | rows=3 | claims=0
2026-07-02 13:12:19 [INFO] [loop_tick] state=SCANNING | rows=3 | claims=0
2026-07-02 13:12:22 [INFO] [loop_tick] state=SCANNING | rows=3 | claims=0
2026-07-02 13:12:22 [INFO] [loop_tick] state=SCANNING | rows=3 | claims=0
2026-07-02 13:12:24 [INFO] [loop_tick] state=SCANNING | rows=3 | claims=0
2026-07-02 13:12:27 [INFO] [loop_tick] state=SCANNING | rows=3 | claims=0
2026-07-02 13:12:27 [INFO] Automation DISABLED (F8)
2026-07-02 13:12:27 [INFO] [state_change] from_state=SCANNING | to_state=STOPPED
2026-07-02 13:14:27 [INFO] Automation ENABLED (F8)
2026-07-02 13:14:27 [INFO] [state_change] from_state=STOPPED | to_state=SCANNING
2026-07-02 13:14:27 [INFO] [loop_tick] state=SCANNING | rows=6 | claims=0
2026-07-02 13:14:29 [INFO] [loop_tick] state=SCANNING | rows=6 | claims=0
2026-07-02 13:14:32 [INFO] [loop_tick] state=SCANNING | rows=6 | claims=0
2026-07-02 13:14:34 [INFO] [loop_tick] state=SCANNING | rows=6 | claims=0
2026-07-02 13:14:37 [INFO] [loop_tick] state=SCANNING | rows=6 | claims=0
2026-07-02 13:14:39 [INFO] [loop_tick] state=SCANNING | rows=6 | claims=0
2026-07-02 13:14:42 [INFO] [loop_tick] state=SCANNING | rows=6 | claims=0
2026-07-02 13:14:44 [INFO] [loop_tick] state=SCANNING | rows=6 | claims=0
2026-07-02 13:14:47 [INFO] [loop_tick] state=SCANNING | rows=6 | claims=0
2026-07-02 13:14:49 [INFO] [loop_tick] state=SCANNING | rows=6 | claims=0
2026-07-02 13:14:52 [INFO] [loop_tick] state=SCANNING | rows=6 | claims=0
2026-07-02 13:14:54 [INFO] [loop_tick] state=SCANNING | rows=6 | claims=0
2026-07-02 13:14:57 [INFO] [loop_tick] state=SCANNING | rows=6 | claims=0
2026-07-02 13:14:59 [INFO] [loop_tick] state=SCANNING | rows=6 | claims=0
2026-07-02 13:15:02 [INFO] [loop_tick] state=SCANNING | rows=6 | claims=0
2026-07-02 13:15:04 [INFO] [loop_tick] state=SCANNING | rows=6 | claims=0
2026-07-02 13:15:07 [INFO] [loop_tick] state=SCANNING | rows=5 | claims=0
2026-07-02 13:15:09 [INFO] [loop_tick] state=SCANNING | rows=5 | claims=0
2026-07-02 13:15:12 [INFO] [loop_tick] state=SCANNING | rows=5 | claims=0
2026-07-02 13:15:15 [INFO] [loop_tick] state=SCANNING | rows=5 | claims=0
2026-07-02 13:15:17 [INFO] [loop_tick] state=SCANNING | rows=5 | claims=0
2026-07-02 13:15:19 [INFO] [loop_tick] state=SCANNING | rows=5 | claims=0
2026-07-02 13:15:22 [INFO] [loop_tick] state=SCANNING | rows=5 | claims=0
2026-07-02 13:15:25 [INFO] [loop_tick] state=SCANNING | rows=5 | claims=0
2026-07-02 13:15:27 [INFO] [loop_tick] state=SCANNING | rows=5 | claims=0
2026-07-02 13:15:29 [INFO] [loop_tick] state=SCANNING | rows=5 | claims=0
2026-07-02 13:15:32 [INFO] [loop_tick] state=SCANNING | rows=5 | claims=0
2026-07-02 13:15:34 [INFO] [loop_tick] state=SCANNING | rows=5 | claims=0
2026-07-02 13:15:37 [INFO] [loop_tick] state=SCANNING | rows=5 | claims=0
2026-07-02 13:15:40 [INFO] [loop_tick] state=SCANNING | rows=5 | claims=0
2026-07-02 13:15:42 [INFO] [loop_tick] state=SCANNING | rows=5 | claims=0
2026-07-02 13:15:45 [INFO] [loop_tick] state=SCANNING | rows=5 | claims=0
2026-07-02 13:15:47 [INFO] [loop_tick] state=SCANNING | rows=5 | claims=0
2026-07-02 13:15:50 [INFO] [loop_tick] state=SCANNING | rows=4 | claims=0
2026-07-02 13:15:52 [INFO] [loop_tick] state=SCANNING | rows=4 | claims=0
2026-07-02 13:15:55 [INFO] [loop_tick] state=SCANNING | rows=4 | claims=0
2026-07-02 13:15:57 [INFO] [loop_tick] state=SCANNING | rows=4 | claims=0
2026-07-02 13:16:00 [INFO] [loop_tick] state=SCANNING | rows=4 | claims=0
2026-07-02 13:16:02 [INFO] [loop_tick] state=SCANNING | rows=4 | claims=0
2026-07-02 13:16:05 [INFO] [loop_tick] state=SCANNING | rows=4 | claims=0
2026-07-02 13:16:07 [INFO] [loop_tick] state=SCANNING | rows=4 | claims=0
2026-07-02 13:16:10 [INFO] [loop_tick] state=SCANNING | rows=4 | claims=0
2026-07-02 13:16:12 [INFO] [loop_tick] state=SCANNING | rows=4 | claims=0
2026-07-02 13:16:15 [INFO] [loop_tick] state=SCANNING | rows=3 | claims=0
2026-07-02 13:16:17 [INFO] [loop_tick] state=SCANNING | rows=3 | claims=0
2026-07-02 13:16:20 [INFO] [loop_tick] state=SCANNING | rows=3 | claims=0
2026-07-02 13:16:22 [INFO] [loop_tick] state=SCANNING | rows=3 | claims=0
2026-07-02 13:16:25 [INFO] [loop_tick] state=SCANNING | rows=2 | claims=0
2026-07-02 13:16:27 [INFO] [loop_tick] state=SCANNING | rows=2 | claims=0
2026-07-02 13:16:30 [INFO] [loop_tick] state=SCANNING | rows=2 | claims=0
2026-07-02 13:16:32 [INFO] [loop_tick] state=SCANNING | rows=2 | claims=0
2026-07-02 13:16:35 [INFO] [loop_tick] state=SCANNING | rows=2 | claims=0
2026-07-02 13:16:37 [INFO] [loop_tick] state=SCANNING | rows=2 | claims=0
2026-07-02 13:16:40 [INFO] [loop_tick] state=SCANNING | rows=2 | claims=0
2026-07-02 13:16:43 [INFO] [row_detected] total_rows=3 | claim_rows=[1]
2026-07-02 13:16:43 [INFO] [claim_found] row_id=1 | text=CLAIM | confidence=0.999 | claim_cell=(1169, 649)
2026-07-02 13:16:43 [INFO] [state_change] from_state=SCANNING | to_state=CLAIM_FOUND
2026-07-02 13:16:43 [INFO] [state_change] from_state=CLAIM_FOUND | to_state=CLICK_CLAIM
2026-07-02 13:16:43 [INFO] [claim_cell_clicked] row_id=1 | x=1169 | y=649
2026-07-02 13:16:43 [INFO] [state_change] from_state=CLICK_CLAIM | to_state=WAIT_USERNAME
2026-07-02 13:16:45 [WARNING] Cell shows 'tminh' — claimed by someone else.
2026-07-02 13:16:45 [INFO] [claim_stolen] y_key=648 | cell_text=tminh
2026-07-02 13:16:45 [INFO] [state_change] from_state=WAIT_USERNAME | to_state=SCANNING
2026-07-02 13:16:45 [INFO] [loop_tick] state=SCANNING | rows=3 | claims=0
2026-07-02 13:16:45 [INFO] [loop_tick] state=SCANNING | rows=3 | claims=0
2026-07-02 13:16:47 [INFO] [loop_tick] state=SCANNING | rows=3 | claims=0
2026-07-02 13:16:50 [INFO] [loop_tick] state=SCANNING | rows=3 | claims=0
2026-07-02 13:16:52 [INFO] [loop_tick] state=SCANNING | rows=3 | claims=0
2026-07-02 13:16:55 [INFO] [loop_tick] state=SCANNING | rows=3 | claims=0
2026-07-02 13:16:57 [INFO] [loop_tick] state=SCANNING | rows=3 | claims=0
2026-07-02 13:16:59 [INFO] [loop_tick] state=SCANNING | rows=3 | claims=0
2026-07-02 13:17:00 [INFO] [loop_tick] state=SCANNING | rows=3 | claims=0
2026-07-02 13:17:00 [INFO] [loop_tick] state=SCANNING | rows=3 | claims=0
2026-07-02 13:17:02 [INFO] [loop_tick] state=SCANNING | rows=3 | claims=0
2026-07-02 13:17:05 [INFO] [loop_tick] state=SCANNING | rows=3 | claims=0
2026-07-02 13:17:07 [INFO] [loop_tick] state=SCANNING | rows=3 | claims=0
2026-07-02 13:17:10 [INFO] [loop_tick] state=SCANNING | rows=3 | claims=0
2026-07-02 13:17:13 [INFO] [loop_tick] state=SCANNING | rows=3 | claims=0
2026-07-02 13:17:15 [INFO] [loop_tick] state=SCANNING | rows=3 | claims=0
2026-07-02 13:17:18 [INFO] [loop_tick] state=SCANNING | rows=3 | claims=0
2026-07-02 13:17:20 [INFO] [loop_tick] state=SCANNING | rows=3 | claims=0
2026-07-02 13:17:23 [INFO] [loop_tick] state=SCANNING | rows=3 | claims=0
2026-07-02 13:17:25 [INFO] [loop_tick] state=SCANNING | rows=3 | claims=0
2026-07-02 13:17:28 [INFO] [loop_tick] state=SCANNING | rows=3 | claims=0
2026-07-02 13:17:30 [INFO] [loop_tick] state=SCANNING | rows=3 | claims=0
2026-07-02 13:17:33 [INFO] [loop_tick] state=SCANNING | rows=3 | claims=0
2026-07-02 13:17:35 [INFO] [loop_tick] state=SCANNING | rows=3 | claims=0
2026-07-02 13:17:38 [INFO] [loop_tick] state=SCANNING | rows=3 | claims=0
2026-07-02 13:17:40 [INFO] [loop_tick] state=SCANNING | rows=3 | claims=0
2026-07-02 13:17:43 [INFO] [loop_tick] state=SCANNING | rows=3 | claims=0
2026-07-02 13:17:45 [INFO] [loop_tick] state=SCANNING | rows=3 | claims=0
2026-07-02 13:17:48 [INFO] [loop_tick] state=SCANNING | rows=3 | claims=0
2026-07-02 13:17:50 [INFO] [loop_tick] state=SCANNING | rows=3 | claims=0
2026-07-02 13:17:53 [INFO] [loop_tick] state=SCANNING | rows=3 | claims=0
2026-07-02 13:17:55 [INFO] [row_detected] total_rows=4 | claim_rows=[1]
2026-07-02 13:17:58 [INFO] [row_detected] total_rows=4 | claim_rows=[1]
2026-07-02 13:18:00 [INFO] [row_detected] total_rows=4 | claim_rows=[1]
2026-07-02 13:18:03 [INFO] [loop_tick] state=SCANNING | rows=4 | claims=0
2026-07-02 13:18:05 [INFO] [loop_tick] state=SCANNING | rows=4 | claims=0
2026-07-02 13:18:08 [INFO] [loop_tick] state=SCANNING | rows=4 | claims=0
2026-07-02 13:18:10 [INFO] [loop_tick] state=SCANNING | rows=4 | claims=0
2026-07-02 13:18:13 [INFO] [loop_tick] state=SCANNING | rows=4 | claims=0
2026-07-02 13:18:15 [INFO] [loop_tick] state=SCANNING | rows=4 | claims=0
2026-07-02 13:18:18 [INFO] [loop_tick] state=SCANNING | rows=4 | claims=0
2026-07-02 13:18:20 [INFO] [loop_tick] state=SCANNING | rows=4 | claims=0
2026-07-02 13:18:23 [INFO] [loop_tick] state=SCANNING | rows=4 | claims=0
2026-07-02 13:18:25 [INFO] [loop_tick] state=SCANNING | rows=4 | claims=0
2026-07-02 13:18:28 [INFO] [loop_tick] state=SCANNING | rows=4 | claims=0
2026-07-02 13:18:30 [INFO] [loop_tick] state=SCANNING | rows=4 | claims=0
2026-07-02 13:18:33 [INFO] [loop_tick] state=SCANNING | rows=4 | claims=0
2026-07-02 13:18:36 [INFO] [loop_tick] state=SCANNING | rows=4 | claims=0
2026-07-02 13:18:38 [INFO] [loop_tick] state=SCANNING | rows=4 | claims=0
2026-07-02 13:18:41 [INFO] [loop_tick] state=SCANNING | rows=4 | claims=0
2026-07-02 13:18:43 [INFO] [loop_tick] state=SCANNING | rows=4 | claims=0
2026-07-02 13:18:46 [INFO] [loop_tick] state=SCANNING | rows=4 | claims=0
2026-07-02 13:18:48 [INFO] [loop_tick] state=SCANNING | rows=4 | claims=0
2026-07-02 13:18:51 [INFO] [loop_tick] state=SCANNING | rows=4 | claims=0
2026-07-02 13:18:53 [INFO] [loop_tick] state=SCANNING | rows=4 | claims=0
2026-07-02 13:18:56 [INFO] [loop_tick] state=SCANNING | rows=4 | claims=0
2026-07-02 13:18:58 [INFO] [loop_tick] state=SCANNING | rows=4 | claims=0
2026-07-02 13:19:01 [INFO] [loop_tick] state=SCANNING | rows=4 | claims=0
2026-07-02 13:19:03 [INFO] [loop_tick] state=SCANNING | rows=4 | claims=0
2026-07-02 13:19:06 [INFO] [loop_tick] state=SCANNING | rows=4 | claims=0
2026-07-02 13:19:08 [INFO] [loop_tick] state=SCANNING | rows=4 | claims=0
2026-07-02 13:19:11 [INFO] [loop_tick] state=SCANNING | rows=4 | claims=0
2026-07-02 13:19:13 [INFO] [loop_tick] state=SCANNING | rows=4 | claims=0
2026-07-02 13:19:16 [INFO] [loop_tick] state=SCANNING | rows=4 | claims=0
2026-07-02 13:19:18 [INFO] [loop_tick] state=SCANNING | rows=4 | claims=0
2026-07-02 13:19:21 [INFO] [loop_tick] state=SCANNING | rows=4 | claims=0
2026-07-02 13:19:23 [INFO] [loop_tick] state=SCANNING | rows=4 | claims=0
2026-07-02 13:19:26 [INFO] [loop_tick] state=SCANNING | rows=4 | claims=0
2026-07-02 13:19:28 [INFO] [loop_tick] state=SCANNING | rows=4 | claims=0
2026-07-02 13:19:31 [INFO] [loop_tick] state=SCANNING | rows=4 | claims=0
2026-07-02 13:19:34 [INFO] [loop_tick] state=SCANNING | rows=4 | claims=0
2026-07-02 13:19:36 [INFO] [loop_tick] state=SCANNING | rows=4 | claims=0
2026-07-02 13:19:39 [INFO] [row_detected] total_rows=5 | claim_rows=[1]
2026-07-02 13:19:41 [INFO] [row_detected] total_rows=5 | claim_rows=[1]
2026-07-02 13:19:44 [INFO] [loop_tick] state=SCANNING | rows=5 | claims=0
2026-07-02 13:19:46 [INFO] [loop_tick] state=SCANNING | rows=5 | claims=0
2026-07-02 13:19:49 [INFO] [loop_tick] state=SCANNING | rows=5 | claims=0
2026-07-02 13:19:51 [INFO] [loop_tick] state=SCANNING | rows=5 | claims=0
2026-07-02 13:19:54 [INFO] [loop_tick] state=SCANNING | rows=5 | claims=0
2026-07-02 13:19:56 [INFO] [loop_tick] state=SCANNING | rows=5 | claims=0
2026-07-02 13:19:59 [INFO] [loop_tick] state=SCANNING | rows=4 | claims=0
2026-07-02 13:20:01 [INFO] [loop_tick] state=SCANNING | rows=4 | claims=0
2026-07-02 13:20:04 [INFO] [loop_tick] state=SCANNING | rows=4 | claims=0
2026-07-02 13:20:06 [INFO] [loop_tick] state=SCANNING | rows=4 | claims=0
2026-07-02 13:20:09 [INFO] [loop_tick] state=SCANNING | rows=4 | claims=0
2026-07-02 13:20:11 [INFO] [loop_tick] state=SCANNING | rows=4 | claims=0
2026-07-02 13:20:14 [INFO] [loop_tick] state=SCANNING | rows=3 | claims=0
2026-07-02 13:20:16 [INFO] [loop_tick] state=SCANNING | rows=3 | claims=0
2026-07-02 13:20:19 [INFO] [loop_tick] state=SCANNING | rows=3 | claims=0
2026-07-02 13:20:22 [INFO] [loop_tick] state=SCANNING | rows=3 | claims=0
2026-07-02 13:20:24 [INFO] [loop_tick] state=SCANNING | rows=3 | claims=0
2026-07-02 13:20:27 [INFO] [row_detected] total_rows=4 | claim_rows=[1]
2026-07-02 13:20:29 [INFO] [row_detected] total_rows=4 | claim_rows=[2]
2026-07-02 13:20:29 [INFO] [claim_found] row_id=2 | text=CLAIM | confidence=0.999 | claim_cell=(1169, 679)
2026-07-02 13:20:29 [INFO] [state_change] from_state=SCANNING | to_state=CLAIM_FOUND
2026-07-02 13:20:29 [INFO] [state_change] from_state=CLAIM_FOUND | to_state=CLICK_CLAIM
2026-07-02 13:20:30 [INFO] [claim_cell_clicked] row_id=2 | x=1169 | y=679
2026-07-02 13:20:30 [INFO] [state_change] from_state=CLICK_CLAIM | to_state=WAIT_USERNAME
2026-07-02 13:20:31 [WARNING] Cell shows 'alamba' — claimed by someone else.
2026-07-02 13:20:31 [INFO] [claim_stolen] y_key=680 | cell_text=alamba
2026-07-02 13:20:31 [INFO] [state_change] from_state=WAIT_USERNAME | to_state=SCANNING
2026-07-02 13:20:32 [INFO] [loop_tick] state=SCANNING | rows=4 | claims=0
2026-07-02 13:20:34 [INFO] Automation DISABLED (F8)
2026-07-02 13:20:34 [INFO] [state_change] from_state=SCANNING | to_state=STOPPED
2026-07-02 13:20:34 [INFO] Automation ENABLED (F8)
2026-07-02 13:20:34 [INFO] [state_change] from_state=STOPPED | to_state=SCANNING
2026-07-02 13:20:35 [INFO] [loop_tick] state=SCANNING | rows=4 | claims=0
2026-07-02 13:20:37 [INFO] [loop_tick] state=SCANNING | rows=4 | claims=0
2026-07-02 13:20:39 [INFO] [loop_tick] state=SCANNING | rows=4 | claims=0
2026-07-02 13:20:42 [INFO] [loop_tick] state=SCANNING | rows=4 | claims=0
2026-07-02 13:20:44 [INFO] [loop_tick] state=SCANNING | rows=4 | claims=0
2026-07-02 13:20:44 [INFO] [loop_tick] state=SCANNING | rows=4 | claims=0
2026-07-02 13:20:47 [INFO] [loop_tick] state=SCANNING | rows=4 | claims=0
2026-07-02 13:20:49 [INFO] [loop_tick] state=SCANNING | rows=4 | claims=0
2026-07-02 13:20:52 [INFO] [loop_tick] state=SCANNING | rows=4 | claims=0
2026-07-02 13:20:54 [INFO] [loop_tick] state=SCANNING | rows=4 | claims=0
2026-07-02 13:20:57 [INFO] [loop_tick] state=SCANNING | rows=4 | claims=0
2026-07-02 13:20:59 [INFO] [loop_tick] state=SCANNING | rows=4 | claims=0
2026-07-02 13:21:02 [INFO] [row_detected] total_rows=5 | claim_rows=[1]
2026-07-02 13:21:02 [INFO] [claim_found] row_id=1 | text=CLAIM | confidence=0.999 | claim_cell=(1169, 649)
2026-07-02 13:21:02 [INFO] [state_change] from_state=SCANNING | to_state=CLAIM_FOUND
2026-07-02 13:21:02 [INFO] [state_change] from_state=CLAIM_FOUND | to_state=CLICK_CLAIM
2026-07-02 13:21:03 [INFO] [claim_cell_clicked] row_id=1 | x=1169 | y=649
2026-07-02 13:21:03 [INFO] [state_change] from_state=CLICK_CLAIM | to_state=WAIT_USERNAME
2026-07-02 13:21:04 [WARNING] Cell shows 'aiming_' — claimed by someone else.
2026-07-02 13:21:04 [INFO] [claim_stolen] y_key=648 | cell_text=aiming_
2026-07-02 13:21:04 [INFO] [state_change] from_state=WAIT_USERNAME | to_state=SCANNING
2026-07-02 13:21:04 [INFO] [loop_tick] state=SCANNING | rows=5 | claims=0
2026-07-02 13:21:07 [INFO] [loop_tick] state=SCANNING | rows=5 | claims=0
2026-07-02 13:21:09 [INFO] [loop_tick] state=SCANNING | rows=5 | claims=0
2026-07-02 13:21:12 [INFO] [loop_tick] state=SCANNING | rows=5 | claims=0
2026-07-02 13:21:14 [INFO] [loop_tick] state=SCANNING | rows=5 | claims=0
2026-07-02 13:21:17 [INFO] [loop_tick] state=SCANNING | rows=5 | claims=0
2026-07-02 13:21:19 [INFO] [loop_tick] state=SCANNING | rows=5 | claims=0
2026-07-02 13:21:22 [INFO] [loop_tick] state=SCANNING | rows=5 | claims=0
2026-07-02 13:21:24 [INFO] [loop_tick] state=SCANNING | rows=5 | claims=0
2026-07-02 13:21:27 [INFO] [loop_tick] state=SCANNING | rows=5 | claims=0
2026-07-02 13:21:29 [INFO] [loop_tick] state=SCANNING | rows=5 | claims=0
2026-07-02 13:21:32 [INFO] [loop_tick] state=SCANNING | rows=5 | claims=0
2026-07-02 13:21:35 [INFO] [loop_tick] state=SCANNING | rows=5 | claims=0
2026-07-02 13:21:37 [INFO] [row_detected] total_rows=6 | claim_rows=[1]
2026-07-02 13:21:40 [INFO] [row_detected] total_rows=6 | claim_rows=[1]
2026-07-02 13:21:40 [INFO] [loop_tick] state=SCANNING | rows=6 | claims=0
2026-07-02 13:21:41 [INFO] [loop_tick] state=SCANNING | rows=6 | claims=0
2026-07-02 13:21:41 [INFO] [loop_tick] state=SCANNING | rows=6 | claims=0
2026-07-02 13:21:41 [INFO] [loop_tick] state=SCANNING | rows=6 | claims=0
2026-07-02 13:21:42 [INFO] [loop_tick] state=SCANNING | rows=6 | claims=0
2026-07-02 13:21:43 [INFO] [loop_tick] state=SCANNING | rows=6 | claims=0
2026-07-02 13:21:43 [INFO] Automation DISABLED (F8)
2026-07-02 13:21:43 [INFO] [state_change] from_state=SCANNING | to_state=STOPPED
2026-07-02 13:23:00 [INFO] Clean exit requested (ESC).
2026-07-02 13:23:00 [INFO] WorkflowEngine shut down cleanly.
2026-07-02 13:23:05 [INFO] System Tray initialized. Application is running in the background.
2026-07-02 13:23:06 [INFO] All sub-systems initialised.
2026-07-02 13:23:06 [INFO] [state_change] from_state=IDLE | to_state=SCANNING
2026-07-02 13:23:06 [INFO] WorkflowEngine started — user='phan'  table={'left': 53, 'top': 601, 'width': 1486, 'height': 293}
2026-07-02 13:23:10 [INFO] Automation DISABLED (F8)
2026-07-02 13:23:18 [INFO] [loop_tick] state=SCANNING | rows=2 | claims=0
2026-07-02 13:23:18 [INFO] [state_change] from_state=SCANNING | to_state=STOPPED
2026-07-02 13:24:01 [INFO] Automation ENABLED (F8)
2026-07-02 13:24:01 [INFO] [state_change] from_state=STOPPED | to_state=SCANNING
2026-07-02 13:24:01 [INFO] [loop_tick] state=SCANNING | rows=10 | claims=0
2026-07-02 13:24:04 [INFO] [row_detected] total_rows=10 | claim_rows=[3]
2026-07-02 13:24:04 [INFO] [claim_found] row_id=3 | text=CLAIM | confidence=0.999 | claim_cell=(1160, 709)
2026-07-02 13:24:04 [INFO] [state_change] from_state=SCANNING | to_state=CLAIM_FOUND
2026-07-02 13:24:04 [INFO] [state_change] from_state=CLAIM_FOUND | to_state=CLICK_CLAIM
2026-07-02 13:24:05 [INFO] [claim_cell_clicked] row_id=3 | x=1160 | y=709
2026-07-02 13:24:05 [INFO] [state_change] from_state=CLICK_CLAIM | to_state=WAIT_USERNAME
2026-07-02 13:24:06 [WARNING] Cell shows 'aiming' — claimed by someone else.
2026-07-02 13:24:06 [INFO] [claim_stolen] y_key=712 | cell_text=aiming
2026-07-02 13:24:06 [INFO] [state_change] from_state=WAIT_USERNAME | to_state=SCANNING
2026-07-02 13:24:06 [INFO] [loop_tick] state=SCANNING | rows=10 | claims=0
2026-07-02 13:24:07 [INFO] [loop_tick] state=SCANNING | rows=10 | claims=0
2026-07-02 13:24:09 [INFO] [loop_tick] state=SCANNING | rows=10 | claims=0
2026-07-02 13:24:10 [INFO] [loop_tick] state=SCANNING | rows=10 | claims=0
2026-07-02 13:24:11 [INFO] [loop_tick] state=SCANNING | rows=10 | claims=0
2026-07-02 13:24:11 [INFO] Automation DISABLED (F8)
2026-07-02 13:24:11 [INFO] [state_change] from_state=SCANNING | to_state=STOPPED
2026-07-02 13:35:24 [INFO] Automation ENABLED (F8)
2026-07-02 13:35:24 [INFO] [state_change] from_state=STOPPED | to_state=SCANNING
2026-07-02 13:35:25 [INFO] [row_detected] total_rows=10 | claim_rows=[0]
2026-07-02 13:35:25 [INFO] [claim_found] row_id=0 | text=CLAIM | confidence=0.999 | claim_cell=(1160, 619)
2026-07-02 13:35:25 [INFO] [state_change] from_state=SCANNING | to_state=CLAIM_FOUND
2026-07-02 13:35:25 [INFO] [state_change] from_state=CLAIM_FOUND | to_state=CLICK_CLAIM
2026-07-02 13:35:25 [INFO] [claim_cell_clicked] row_id=0 | x=1160 | y=619
2026-07-02 13:35:25 [INFO] [state_change] from_state=CLICK_CLAIM | to_state=WAIT_USERNAME
2026-07-02 13:35:30 [WARNING] WAIT_USERNAME timed out (5s) — row y=616. Stopping to prevent double claims.
2026-07-02 13:35:30 [INFO] [timeout] state=WAIT_USERNAME | y_key=616
2026-07-02 13:35:30 [INFO] [state_change] from_state=WAIT_USERNAME | to_state=STOPPED
2026-07-02 13:35:33 [INFO] Automation DISABLED (F8)
2026-07-02 13:36:00 [INFO] Automation ENABLED (F8)
2026-07-02 13:36:00 [INFO] [state_change] from_state=STOPPED | to_state=SCANNING
2026-07-02 13:36:01 [INFO] [loop_tick] state=SCANNING | rows=9 | claims=0
2026-07-02 13:36:03 [INFO] [loop_tick] state=SCANNING | rows=9 | claims=0
2026-07-02 13:36:05 [INFO] [loop_tick] state=SCANNING | rows=9 | claims=0
2026-07-02 13:36:08 [INFO] [loop_tick] state=SCANNING | rows=7 | claims=0
2026-07-02 13:36:10 [INFO] [loop_tick] state=SCANNING | rows=7 | claims=0
2026-07-02 13:36:13 [INFO] [loop_tick] state=SCANNING | rows=7 | claims=0
2026-07-02 13:36:15 [INFO] [loop_tick] state=SCANNING | rows=7 | claims=0
2026-07-02 13:36:18 [INFO] [loop_tick] state=SCANNING | rows=7 | claims=0
2026-07-02 13:36:20 [INFO] [loop_tick] state=SCANNING | rows=7 | claims=0
2026-07-02 13:36:23 [INFO] [loop_tick] state=SCANNING | rows=7 | claims=0
2026-07-02 13:36:25 [INFO] [loop_tick] state=SCANNING | rows=7 | claims=0
2026-07-02 13:36:28 [INFO] [loop_tick] state=SCANNING | rows=7 | claims=0
2026-07-02 13:36:30 [INFO] [loop_tick] state=SCANNING | rows=7 | claims=0
2026-07-02 13:36:31 [INFO] Clean exit requested (ESC).
2026-07-02 13:36:31 [INFO] WorkflowEngine shut down cleanly.
2026-07-02 13:59:14 [INFO] Running CLI Calibration...
2026-07-02 13:59:14 [INFO] Starting calibration...
2026-07-02 13:59:50 [INFO] Calibration complete — all regions configured.
2026-07-02 13:59:50 [INFO] Calibration finished.
2026-07-02 14:00:01 [INFO] System Tray initialized. Application is running in the background.
2026-07-02 14:00:01 [INFO] All sub-systems initialised.
2026-07-02 14:00:01 [INFO] [state_change] from_state=IDLE | to_state=SCANNING
2026-07-02 14:00:01 [INFO] WorkflowEngine started — user='phan'  table={'left': 52, 'top': 601, 'width': 1491, 'height': 298}
2026-07-02 14:00:03 [INFO] Automation DISABLED (F8)
2026-07-02 14:00:05 [INFO] [loop_tick] state=SCANNING | rows=6 | claims=0
2026-07-02 14:00:05 [INFO] [state_change] from_state=SCANNING | to_state=STOPPED
2026-07-02 14:01:17 [INFO] Automation ENABLED (F8)
2026-07-02 14:01:17 [INFO] [state_change] from_state=STOPPED | to_state=SCANNING
2026-07-02 14:01:17 [INFO] [row_detected] total_rows=5 | claim_rows=[0]
2026-07-02 14:01:17 [INFO] [claim_found] row_id=0 | text=CLAIM | confidence=0.999 | claim_cell=(1169, 619)
2026-07-02 14:01:17 [INFO] [state_change] from_state=SCANNING | to_state=CLAIM_FOUND
2026-07-02 14:01:17 [INFO] [state_change] from_state=CLAIM_FOUND | to_state=CLICK_CLAIM
2026-07-02 14:01:18 [INFO] [claim_cell_clicked] row_id=0 | x=1169 | y=619
2026-07-02 14:01:18 [INFO] [state_change] from_state=CLICK_CLAIM | to_state=WAIT_USERNAME
2026-07-02 14:01:19 [WARNING] Cell shows 'calamba;' — claimed by someone else.
2026-07-02 14:01:19 [INFO] [claim_stolen] y_key=616 | cell_text=calamba;
2026-07-02 14:01:19 [INFO] [state_change] from_state=WAIT_USERNAME | to_state=SCANNING
2026-07-02 14:01:19 [INFO] [loop_tick] state=SCANNING | rows=5 | claims=0
2026-07-02 14:01:19 [INFO] [loop_tick] state=SCANNING | rows=5 | claims=0
2026-07-02 14:01:22 [INFO] [loop_tick] state=SCANNING | rows=5 | claims=0
2026-07-02 14:01:24 [INFO] [loop_tick] state=SCANNING | rows=5 | claims=0
2026-07-02 14:01:27 [INFO] [loop_tick] state=SCANNING | rows=5 | claims=0
2026-07-02 14:01:29 [INFO] [loop_tick] state=SCANNING | rows=5 | claims=0
2026-07-02 14:01:32 [INFO] [loop_tick] state=SCANNING | rows=5 | claims=0
2026-07-02 14:01:34 [INFO] [loop_tick] state=SCANNING | rows=5 | claims=0
2026-07-02 14:01:37 [INFO] [loop_tick] state=SCANNING | rows=5 | claims=0
2026-07-02 14:01:39 [INFO] [loop_tick] state=SCANNING | rows=5 | claims=0
2026-07-02 14:01:42 [INFO] [loop_tick] state=SCANNING | rows=5 | claims=0
2026-07-02 14:01:44 [INFO] [loop_tick] state=SCANNING | rows=5 | claims=0
2026-07-02 14:01:47 [INFO] [loop_tick] state=SCANNING | rows=5 | claims=0
2026-07-02 14:01:49 [INFO] [loop_tick] state=SCANNING | rows=5 | claims=0
2026-07-02 14:01:52 [INFO] [loop_tick] state=SCANNING | rows=4 | claims=0
2026-07-02 14:01:54 [INFO] [loop_tick] state=SCANNING | rows=4 | claims=0
2026-07-02 14:01:57 [INFO] [loop_tick] state=SCANNING | rows=4 | claims=0
2026-07-02 14:01:59 [INFO] [loop_tick] state=SCANNING | rows=4 | claims=0
2026-07-02 14:02:02 [INFO] [loop_tick] state=SCANNING | rows=4 | claims=0
2026-07-02 14:02:04 [INFO] [loop_tick] state=SCANNING | rows=4 | claims=0
2026-07-02 14:02:07 [INFO] [loop_tick] state=SCANNING | rows=4 | claims=0
2026-07-02 14:02:09 [INFO] [loop_tick] state=SCANNING | rows=4 | claims=0
2026-07-02 14:02:12 [INFO] [loop_tick] state=SCANNING | rows=4 | claims=0
2026-07-02 14:02:14 [INFO] [loop_tick] state=SCANNING | rows=4 | claims=0
2026-07-02 14:02:17 [INFO] [loop_tick] state=SCANNING | rows=4 | claims=0
2026-07-02 14:02:19 [INFO] [loop_tick] state=SCANNING | rows=4 | claims=0
2026-07-02 14:02:22 [INFO] [loop_tick] state=SCANNING | rows=4 | claims=0
2026-07-02 14:02:24 [INFO] [loop_tick] state=SCANNING | rows=4 | claims=0
2026-07-02 14:02:27 [INFO] [loop_tick] state=SCANNING | rows=4 | claims=0
2026-07-02 14:02:29 [INFO] [loop_tick] state=SCANNING | rows=4 | claims=0
2026-07-02 14:02:32 [INFO] [loop_tick] state=SCANNING | rows=3 | claims=0
2026-07-02 14:02:35 [INFO] [row_detected] total_rows=4 | claim_rows=[0]
2026-07-02 14:02:37 [INFO] [loop_tick] state=SCANNING | rows=4 | claims=0
2026-07-02 14:02:39 [INFO] [loop_tick] state=SCANNING | rows=4 | claims=0
2026-07-02 14:02:41 [INFO] Automation DISABLED (F8)
2026-07-02 14:02:41 [INFO] [state_change] from_state=SCANNING | to_state=STOPPED
2026-07-02 14:02:42 [INFO] Automation ENABLED (F8)
2026-07-02 14:02:42 [INFO] [state_change] from_state=STOPPED | to_state=SCANNING
2026-07-02 14:02:42 [INFO] [loop_tick] state=SCANNING | rows=4 | claims=0
2026-07-02 14:02:44 [INFO] [loop_tick] state=SCANNING | rows=4 | claims=0
2026-07-02 14:02:47 [INFO] [loop_tick] state=SCANNING | rows=4 | claims=0
2026-07-02 14:02:49 [INFO] [loop_tick] state=SCANNING | rows=4 | claims=0
2026-07-02 14:02:52 [INFO] [loop_tick] state=SCANNING | rows=4 | claims=0
2026-07-02 14:02:55 [INFO] [loop_tick] state=SCANNING | rows=4 | claims=0
2026-07-02 14:02:57 [INFO] [loop_tick] state=SCANNING | rows=4 | claims=0
2026-07-02 14:03:00 [INFO] [loop_tick] state=SCANNING | rows=4 | claims=0
2026-07-02 14:03:02 [INFO] [loop_tick] state=SCANNING | rows=4 | claims=0
2026-07-02 14:03:05 [INFO] [loop_tick] state=SCANNING | rows=4 | claims=0
2026-07-02 14:03:07 [INFO] [loop_tick] state=SCANNING | rows=4 | claims=0
2026-07-02 14:03:10 [INFO] [loop_tick] state=SCANNING | rows=4 | claims=0
2026-07-02 14:03:12 [INFO] [row_detected] total_rows=5 | claim_rows=[0]
2026-07-02 14:03:12 [INFO] [claim_found] row_id=0 | text=CLAIM | confidence=0.999 | claim_cell=(1169, 619)
2026-07-02 14:03:12 [INFO] [state_change] from_state=SCANNING | to_state=CLAIM_FOUND
2026-07-02 14:03:12 [INFO] [state_change] from_state=CLAIM_FOUND | to_state=CLICK_CLAIM
2026-07-02 14:03:13 [INFO] [claim_cell_clicked] row_id=0 | x=1169 | y=619
2026-07-02 14:03:13 [INFO] [state_change] from_state=CLICK_CLAIM | to_state=WAIT_USERNAME
2026-07-02 14:03:15 [INFO] [claim_verified] y_key=616 | cell_text=sophan | elapsed_s=1.405
2026-07-02 14:03:15 [INFO] [state_change] from_state=WAIT_USERNAME | to_state=CLAIM_SUCCESS
2026-07-02 14:03:15 [INFO] [select_clicked] y_key=616 | x=1316 | y=619
2026-07-02 14:03:15 [INFO] [state_change] from_state=CLAIM_SUCCESS | to_state=CLICK_SELECT
2026-07-02 14:03:15 [INFO] [state_change] from_state=CLICK_SELECT | to_state=CLICK_CONNECT
2026-07-02 14:03:16 [INFO] [connect_clicked] y_key=616 | x=768 | y=88
2026-07-02 14:03:16 [INFO] [state_change] from_state=CLICK_CONNECT | to_state=CONNECTED
2026-07-02 14:03:16 [INFO] ✓ Connected! Waiting 1000ms then entering STOPPED state.
2026-07-02 14:03:17 [INFO] [state_change] from_state=CONNECTED | to_state=STOPPED
2026-07-02 14:04:04 [INFO] Automation ENABLED (F8)
2026-07-02 14:04:04 [INFO] [state_change] from_state=STOPPED | to_state=SCANNING
2026-07-02 14:04:04 [INFO] [loop_tick] state=SCANNING | rows=4 | claims=0
2026-07-02 14:04:05 [INFO] [loop_tick] state=SCANNING | rows=4 | claims=0
2026-07-02 14:04:08 [INFO] [loop_tick] state=SCANNING | rows=4 | claims=0
2026-07-02 14:04:10 [INFO] [loop_tick] state=SCANNING | rows=4 | claims=0
2026-07-02 14:04:13 [INFO] [loop_tick] state=SCANNING | rows=4 | claims=0
2026-07-02 14:04:15 [INFO] [loop_tick] state=SCANNING | rows=4 | claims=0
2026-07-02 14:04:18 [INFO] [loop_tick] state=SCANNING | rows=4 | claims=0
2026-07-02 14:04:20 [INFO] [loop_tick] state=SCANNING | rows=4 | claims=0
2026-07-02 14:04:22 [INFO] [loop_tick] state=SCANNING | rows=4 | claims=0
2026-07-02 14:04:25 [INFO] [loop_tick] state=SCANNING | rows=4 | claims=0
2026-07-02 14:04:27 [INFO] [loop_tick] state=SCANNING | rows=4 | claims=0
2026-07-02 14:04:30 [INFO] [loop_tick] state=SCANNING | rows=4 | claims=0
2026-07-02 14:04:32 [INFO] [loop_tick] state=SCANNING | rows=4 | claims=0
2026-07-02 14:04:35 [INFO] [loop_tick] state=SCANNING | rows=4 | claims=0
2026-07-02 14:04:38 [INFO] [loop_tick] state=SCANNING | rows=4 | claims=0
2026-07-02 14:04:40 [INFO] [loop_tick] state=SCANNING | rows=4 | claims=0
2026-07-02 14:04:43 [INFO] [loop_tick] state=SCANNING | rows=4 | claims=0
2026-07-02 14:04:45 [INFO] [loop_tick] state=SCANNING | rows=4 | claims=0
2026-07-02 14:04:48 [INFO] [loop_tick] state=SCANNING | rows=4 | claims=0
2026-07-02 14:04:50 [INFO] [loop_tick] state=SCANNING | rows=4 | claims=0
2026-07-02 14:04:53 [INFO] [loop_tick] state=SCANNING | rows=4 | claims=0
2026-07-02 14:04:55 [INFO] [loop_tick] state=SCANNING | rows=4 | claims=0
2026-07-02 14:04:58 [INFO] [loop_tick] state=SCANNING | rows=4 | claims=0
2026-07-02 14:05:00 [INFO] [loop_tick] state=SCANNING | rows=4 | claims=0
2026-07-02 14:05:02 [INFO] [loop_tick] state=SCANNING | rows=4 | claims=0
2026-07-02 14:05:05 [INFO] [loop_tick] state=SCANNING | rows=4 | claims=0
2026-07-02 14:05:08 [INFO] [loop_tick] state=SCANNING | rows=4 | claims=0
2026-07-02 14:05:10 [INFO] [loop_tick] state=SCANNING | rows=4 | claims=0
2026-07-02 14:05:13 [INFO] [loop_tick] state=SCANNING | rows=4 | claims=0
2026-07-02 14:05:15 [INFO] [loop_tick] state=SCANNING | rows=4 | claims=0
2026-07-02 14:05:17 [INFO] [loop_tick] state=SCANNING | rows=4 | claims=0
2026-07-02 14:05:20 [INFO] [loop_tick] state=SCANNING | rows=4 | claims=0
2026-07-02 14:05:22 [INFO] [loop_tick] state=SCANNING | rows=4 | claims=0
2026-07-02 14:05:25 [INFO] [loop_tick] state=SCANNING | rows=4 | claims=0
2026-07-02 14:05:27 [INFO] [loop_tick] state=SCANNING | rows=4 | claims=0
2026-07-02 14:05:30 [INFO] [loop_tick] state=SCANNING | rows=4 | claims=0
2026-07-02 14:05:32 [INFO] [loop_tick] state=SCANNING | rows=4 | claims=0
2026-07-02 14:05:35 [INFO] [loop_tick] state=SCANNING | rows=4 | claims=0
2026-07-02 14:05:37 [INFO] [loop_tick] state=SCANNING | rows=4 | claims=0
2026-07-02 14:05:40 [INFO] [loop_tick] state=SCANNING | rows=3 | claims=0
2026-07-02 14:05:42 [INFO] [loop_tick] state=SCANNING | rows=3 | claims=0
2026-07-02 14:05:44 [INFO] [loop_tick] state=SCANNING | rows=3 | claims=0
2026-07-02 14:05:46 [INFO] [loop_tick] state=SCANNING | rows=3 | claims=0
2026-07-02 14:05:49 [INFO] [row_detected] total_rows=3 | claim_rows=[0]
2026-07-02 14:05:49 [INFO] [claim_found] row_id=0 | text=CLAIM | confidence=0.999 | claim_cell=(1169, 619)
2026-07-02 14:05:49 [INFO] [state_change] from_state=SCANNING | to_state=CLAIM_FOUND
2026-07-02 14:05:49 [INFO] [state_change] from_state=CLAIM_FOUND | to_state=CLICK_CLAIM
2026-07-02 14:05:50 [INFO] [claim_cell_clicked] row_id=0 | x=1169 | y=619
2026-07-02 14:05:50 [INFO] [state_change] from_state=CLICK_CLAIM | to_state=WAIT_USERNAME
2026-07-02 14:05:51 [WARNING] Cell shows 'aiming' — claimed by someone else.
2026-07-02 14:05:51 [INFO] [claim_stolen] y_key=616 | cell_text=aiming
2026-07-02 14:05:51 [INFO] [state_change] from_state=WAIT_USERNAME | to_state=SCANNING
2026-07-02 14:05:51 [INFO] [loop_tick] state=SCANNING | rows=3 | claims=0
2026-07-02 14:05:54 [INFO] [loop_tick] state=SCANNING | rows=3 | claims=0
2026-07-02 14:05:56 [INFO] [loop_tick] state=SCANNING | rows=2 | claims=0
2026-07-02 14:05:58 [INFO] [loop_tick] state=SCANNING | rows=2 | claims=0
2026-07-02 14:06:01 [INFO] [loop_tick] state=SCANNING | rows=2 | claims=0
2026-07-02 14:06:03 [INFO] [loop_tick] state=SCANNING | rows=2 | claims=0
2026-07-02 14:06:05 [INFO] [loop_tick] state=SCANNING | rows=2 | claims=0
2026-07-02 14:06:08 [INFO] [loop_tick] state=SCANNING | rows=2 | claims=0
2026-07-02 14:06:10 [INFO] [loop_tick] state=SCANNING | rows=2 | claims=0
2026-07-02 14:06:13 [INFO] [loop_tick] state=SCANNING | rows=2 | claims=0
2026-07-02 14:06:15 [INFO] [loop_tick] state=SCANNING | rows=2 | claims=0
2026-07-02 14:06:18 [INFO] [loop_tick] state=SCANNING | rows=2 | claims=0
2026-07-02 14:06:20 [INFO] [loop_tick] state=SCANNING | rows=2 | claims=0
2026-07-02 14:06:22 [INFO] [loop_tick] state=SCANNING | rows=2 | claims=0
2026-07-02 14:06:25 [INFO] [loop_tick] state=SCANNING | rows=2 | claims=0
2026-07-02 14:06:27 [INFO] [loop_tick] state=SCANNING | rows=2 | claims=0
2026-07-02 14:06:30 [INFO] [loop_tick] state=SCANNING | rows=2 | claims=0
2026-07-02 14:06:32 [INFO] [loop_tick] state=SCANNING | rows=2 | claims=0
2026-07-02 14:06:35 [INFO] [loop_tick] state=SCANNING | rows=2 | claims=0
2026-07-02 14:06:37 [INFO] [loop_tick] state=SCANNING | rows=2 | claims=0
2026-07-02 14:06:39 [INFO] [loop_tick] state=SCANNING | rows=2 | claims=0
2026-07-02 14:06:42 [INFO] [loop_tick] state=SCANNING | rows=2 | claims=0
2026-07-02 14:06:45 [INFO] [row_detected] total_rows=3 | claim_rows=[0]
2026-07-02 14:06:47 [INFO] [row_detected] total_rows=3 | claim_rows=[0]
2026-07-02 14:06:50 [INFO] [loop_tick] state=SCANNING | rows=3 | claims=0
2026-07-02 14:06:51 [INFO] Automation DISABLED (F8)
2026-07-02 14:06:51 [INFO] [state_change] from_state=SCANNING | to_state=STOPPED
2026-07-02 14:06:53 [INFO] Clean exit requested (ESC).
2026-07-02 14:06:53 [INFO] WorkflowEngine shut down cleanly.
2026-07-02 14:06:56 [INFO] System Tray initialized. Application is running in the background.
2026-07-02 14:06:56 [INFO] All sub-systems initialised.
2026-07-02 14:06:56 [INFO] [state_change] from_state=IDLE | to_state=SCANNING
2026-07-02 14:06:56 [INFO] WorkflowEngine started — user='phan'  table={'left': 52, 'top': 601, 'width': 1491, 'height': 298}
2026-07-02 14:07:00 [INFO] [loop_tick] state=SCANNING | rows=6 | claims=0
2026-07-02 14:07:00 [INFO] Automation DISABLED (F8)
2026-07-02 14:07:00 [INFO] [loop_tick] state=SCANNING | rows=3 | claims=0
2026-07-02 14:07:00 [INFO] [state_change] from_state=SCANNING | to_state=STOPPED
2026-07-02 14:07:02 [INFO] Automation ENABLED (F8)
2026-07-02 14:07:02 [INFO] [state_change] from_state=STOPPED | to_state=SCANNING
2026-07-02 14:07:02 [INFO] [loop_tick] state=SCANNING | rows=3 | claims=0
2026-07-02 14:07:04 [INFO] [loop_tick] state=SCANNING | rows=3 | claims=0
2026-07-02 14:07:07 [INFO] [loop_tick] state=SCANNING | rows=3 | claims=0
2026-07-02 14:07:09 [INFO] [loop_tick] state=SCANNING | rows=3 | claims=0
2026-07-02 14:07:12 [INFO] [loop_tick] state=SCANNING | rows=3 | claims=0
2026-07-02 14:07:14 [INFO] [loop_tick] state=SCANNING | rows=3 | claims=0
2026-07-02 14:07:17 [INFO] [loop_tick] state=SCANNING | rows=3 | claims=0
2026-07-02 14:07:19 [INFO] [loop_tick] state=SCANNING | rows=3 | claims=0
2026-07-02 14:07:22 [INFO] [loop_tick] state=SCANNING | rows=3 | claims=0
2026-07-02 14:07:24 [INFO] [loop_tick] state=SCANNING | rows=3 | claims=0
2026-07-02 14:07:26 [INFO] [loop_tick] state=SCANNING | rows=3 | claims=0
2026-07-02 14:07:29 [INFO] [loop_tick] state=SCANNING | rows=3 | claims=0
2026-07-02 14:07:31 [INFO] [loop_tick] state=SCANNING | rows=3 | claims=0
2026-07-02 14:07:34 [INFO] [loop_tick] state=SCANNING | rows=3 | claims=0
2026-07-02 14:07:36 [INFO] [loop_tick] state=SCANNING | rows=3 | claims=0
2026-07-02 14:07:39 [INFO] [loop_tick] state=SCANNING | rows=3 | claims=0
2026-07-02 14:07:41 [INFO] [loop_tick] state=SCANNING | rows=3 | claims=0
2026-07-02 14:07:43 [INFO] [loop_tick] state=SCANNING | rows=3 | claims=0
2026-07-02 14:07:46 [INFO] [loop_tick] state=SCANNING | rows=3 | claims=0
2026-07-02 14:07:48 [INFO] [loop_tick] state=SCANNING | rows=3 | claims=0
2026-07-02 14:07:51 [INFO] [loop_tick] state=SCANNING | rows=3 | claims=0
2026-07-02 14:07:53 [INFO] [loop_tick] state=SCANNING | rows=3 | claims=0
2026-07-02 14:07:56 [INFO] [loop_tick] state=SCANNING | rows=3 | claims=0
2026-07-02 14:07:58 [INFO] [loop_tick] state=SCANNING | rows=3 | claims=0
2026-07-02 14:08:00 [INFO] [loop_tick] state=SCANNING | rows=3 | claims=0
2026-07-02 14:08:03 [INFO] [loop_tick] state=SCANNING | rows=3 | claims=0
2026-07-02 14:08:05 [INFO] [loop_tick] state=SCANNING | rows=3 | claims=0
2026-07-02 14:08:08 [INFO] [loop_tick] state=SCANNING | rows=3 | claims=0
2026-07-02 14:08:10 [INFO] [loop_tick] state=SCANNING | rows=3 | claims=0
2026-07-02 14:08:13 [INFO] [loop_tick] state=SCANNING | rows=3 | claims=0
2026-07-02 14:08:15 [INFO] [loop_tick] state=SCANNING | rows=3 | claims=0
2026-07-02 14:08:17 [INFO] [loop_tick] state=SCANNING | rows=3 | claims=0
2026-07-02 14:08:20 [INFO] [loop_tick] state=SCANNING | rows=3 | claims=0
2026-07-02 14:08:22 [INFO] [loop_tick] state=SCANNING | rows=3 | claims=0
2026-07-02 14:08:25 [INFO] [loop_tick] state=SCANNING | rows=3 | claims=0
2026-07-02 14:08:27 [INFO] [loop_tick] state=SCANNING | rows=3 | claims=0
2026-07-02 14:08:30 [INFO] [loop_tick] state=SCANNING | rows=3 | claims=0
2026-07-02 14:08:32 [INFO] [loop_tick] state=SCANNING | rows=3 | claims=0
2026-07-02 14:08:35 [INFO] [row_detected] total_rows=4 | claim_rows=[0]
2026-07-02 14:08:35 [INFO] [claim_found] row_id=0 | text=CLAIM | confidence=0.999 | claim_cell=(1169, 619)
2026-07-02 14:08:35 [INFO] [state_change] from_state=SCANNING | to_state=CLAIM_FOUND
2026-07-02 14:08:35 [INFO] [state_change] from_state=CLAIM_FOUND | to_state=CLICK_CLAIM
2026-07-02 14:08:36 [INFO] [claim_cell_clicked] row_id=0 | x=1169 | y=619
2026-07-02 14:08:36 [INFO] [state_change] from_state=CLICK_CLAIM | to_state=WAIT_USERNAME
2026-07-02 14:08:37 [INFO] [claim_verified] y_key=616 | cell_text=phan | elapsed_s=1.607
2026-07-02 14:08:37 [INFO] [state_change] from_state=WAIT_USERNAME | to_state=CLAIM_SUCCESS
2026-07-02 14:08:38 [INFO] [select_clicked] y_key=616 | x=1316 | y=619
2026-07-02 14:08:38 [INFO] [state_change] from_state=CLAIM_SUCCESS | to_state=CLICK_SELECT
2026-07-02 14:08:38 [INFO] [state_change] from_state=CLICK_SELECT | to_state=CLICK_CONNECT
2026-07-02 14:08:39 [INFO] [connect_clicked] y_key=616 | x=768 | y=88
2026-07-02 14:08:39 [INFO] [state_change] from_state=CLICK_CONNECT | to_state=CONNECTED
2026-07-02 14:08:39 [INFO] ✓ Connected! Waiting 1000ms then entering STOPPED state.
2026-07-02 14:08:40 [INFO] [state_change] from_state=CONNECTED | to_state=STOPPED
2026-07-02 14:11:09 [INFO] Automation ENABLED (F8)
2026-07-02 14:11:09 [INFO] [state_change] from_state=STOPPED | to_state=SCANNING
2026-07-02 14:11:09 [INFO] [loop_tick] state=SCANNING | rows=2 | claims=0
2026-07-02 14:11:10 [INFO] [loop_tick] state=SCANNING | rows=2 | claims=0
2026-07-02 14:11:12 [INFO] [loop_tick] state=SCANNING | rows=2 | claims=0
2026-07-02 14:11:15 [INFO] [loop_tick] state=SCANNING | rows=2 | claims=0
2026-07-02 14:11:17 [INFO] [loop_tick] state=SCANNING | rows=2 | claims=0
2026-07-02 14:11:20 [INFO] [loop_tick] state=SCANNING | rows=1 | claims=0
2026-07-02 14:11:22 [INFO] [loop_tick] state=SCANNING | rows=1 | claims=0
2026-07-02 14:11:25 [INFO] [loop_tick] state=SCANNING | rows=1 | claims=0
2026-07-02 14:11:27 [INFO] [loop_tick] state=SCANNING | rows=1 | claims=0
2026-07-02 14:11:30 [INFO] [loop_tick] state=SCANNING | rows=1 | claims=0
2026-07-02 14:11:32 [INFO] [loop_tick] state=SCANNING | rows=1 | claims=0
2026-07-02 14:11:34 [INFO] [loop_tick] state=SCANNING | rows=1 | claims=0
2026-07-02 14:11:37 [INFO] [loop_tick] state=SCANNING | rows=1 | claims=0
2026-07-02 14:11:39 [INFO] [loop_tick] state=SCANNING | rows=1 | claims=0
2026-07-02 14:11:42 [INFO] [loop_tick] state=SCANNING | rows=1 | claims=0
2026-07-02 14:11:44 [INFO] [loop_tick] state=SCANNING | rows=1 | claims=0
2026-07-02 14:11:47 [INFO] [loop_tick] state=SCANNING | rows=1 | claims=0
2026-07-02 14:11:49 [INFO] [loop_tick] state=SCANNING | rows=1 | claims=0
2026-07-02 14:11:52 [INFO] [loop_tick] state=SCANNING | rows=1 | claims=0
2026-07-02 14:11:54 [INFO] [loop_tick] state=SCANNING | rows=1 | claims=0
2026-07-02 14:11:56 [INFO] [loop_tick] state=SCANNING | rows=1 | claims=0
2026-07-02 14:11:59 [INFO] [loop_tick] state=SCANNING | rows=1 | claims=0
2026-07-02 14:12:01 [INFO] [loop_tick] state=SCANNING | rows=1 | claims=0
2026-07-02 14:12:04 [INFO] [loop_tick] state=SCANNING | rows=1 | claims=0
2026-07-02 14:12:06 [INFO] [loop_tick] state=SCANNING | rows=1 | claims=0
2026-07-02 14:12:09 [INFO] [loop_tick] state=SCANNING | rows=1 | claims=0
2026-07-02 14:12:11 [INFO] [loop_tick] state=SCANNING | rows=1 | claims=0
2026-07-02 14:12:13 [INFO] [loop_tick] state=SCANNING | rows=1 | claims=0
2026-07-02 14:12:15 [INFO] [loop_tick] state=SCANNING | rows=1 | claims=0
2026-07-02 14:12:18 [INFO] [loop_tick] state=SCANNING | rows=1 | claims=0
2026-07-02 14:12:20 [INFO] [loop_tick] state=SCANNING | rows=1 | claims=0
2026-07-02 14:12:22 [INFO] [loop_tick] state=SCANNING | rows=1 | claims=0
2026-07-02 14:12:25 [INFO] [loop_tick] state=SCANNING | rows=1 | claims=0
2026-07-02 14:12:27 [INFO] [loop_tick] state=SCANNING | rows=1 | claims=0
2026-07-02 14:12:30 [INFO] [loop_tick] state=SCANNING | rows=1 | claims=0
2026-07-02 14:12:32 [INFO] [loop_tick] state=SCANNING | rows=1 | claims=0
2026-07-02 14:12:34 [INFO] [loop_tick] state=SCANNING | rows=1 | claims=0
2026-07-02 14:12:37 [INFO] [loop_tick] state=SCANNING | rows=1 | claims=0
2026-07-02 14:12:39 [INFO] [loop_tick] state=SCANNING | rows=1 | claims=0
2026-07-02 14:12:42 [INFO] [loop_tick] state=SCANNING | rows=1 | claims=0
2026-07-02 14:12:44 [INFO] [loop_tick] state=SCANNING | rows=1 | claims=0
2026-07-02 14:12:46 [INFO] [loop_tick] state=SCANNING | rows=1 | claims=0
2026-07-02 14:12:49 [INFO] [loop_tick] state=SCANNING | rows=1 | claims=0
2026-07-02 14:12:51 [INFO] [loop_tick] state=SCANNING | rows=1 | claims=0
2026-07-02 14:12:53 [INFO] [loop_tick] state=SCANNING | rows=1 | claims=0
2026-07-02 14:12:56 [INFO] [loop_tick] state=SCANNING | rows=1 | claims=0
2026-07-02 14:12:58 [INFO] [loop_tick] state=SCANNING | rows=1 | claims=0
2026-07-02 14:13:00 [INFO] [loop_tick] state=SCANNING | rows=1 | claims=0
2026-07-02 14:13:03 [INFO] [loop_tick] state=SCANNING | rows=1 | claims=0
2026-07-02 14:13:05 [INFO] [loop_tick] state=SCANNING | rows=1 | claims=0
2026-07-02 14:13:07 [INFO] [loop_tick] state=SCANNING | rows=1 | claims=0
2026-07-02 14:13:10 [INFO] [loop_tick] state=SCANNING | rows=1 | claims=0
2026-07-02 14:13:12 [INFO] [loop_tick] state=SCANNING | rows=1 | claims=0
2026-07-02 14:13:14 [INFO] [loop_tick] state=SCANNING | rows=1 | claims=0
2026-07-02 14:13:17 [INFO] [loop_tick] state=SCANNING | rows=1 | claims=0
2026-07-02 14:13:19 [INFO] [loop_tick] state=SCANNING | rows=1 | claims=0
2026-07-02 14:13:21 [INFO] [loop_tick] state=SCANNING | rows=1 | claims=0
2026-07-02 14:13:24 [INFO] [loop_tick] state=SCANNING | rows=1 | claims=0
2026-07-02 14:13:26 [INFO] [loop_tick] state=SCANNING | rows=1 | claims=0
2026-07-02 14:13:29 [INFO] [loop_tick] state=SCANNING | rows=1 | claims=0
2026-07-02 14:13:31 [INFO] [loop_tick] state=SCANNING | rows=1 | claims=0
2026-07-02 14:13:33 [INFO] [loop_tick] state=SCANNING | rows=1 | claims=0
2026-07-02 14:13:36 [INFO] [loop_tick] state=SCANNING | rows=1 | claims=0
2026-07-02 14:13:38 [INFO] [loop_tick] state=SCANNING | rows=1 | claims=0
2026-07-02 14:13:41 [INFO] [row_detected] total_rows=2 | claim_rows=[0]
2026-07-02 14:13:41 [INFO] [claim_found] row_id=0 | text=CLAIM | confidence=0.999 | claim_cell=(1169, 619)
2026-07-02 14:13:41 [INFO] [state_change] from_state=SCANNING | to_state=CLAIM_FOUND
2026-07-02 14:13:41 [INFO] [state_change] from_state=CLAIM_FOUND | to_state=CLICK_CLAIM
2026-07-02 14:13:42 [INFO] [claim_cell_clicked] row_id=0 | x=1169 | y=619
2026-07-02 14:13:42 [INFO] [state_change] from_state=CLICK_CLAIM | to_state=WAIT_USERNAME
2026-07-02 14:13:43 [WARNING] Cell shows 'aiming' — claimed by someone else.
2026-07-02 14:13:43 [INFO] [claim_stolen] y_key=616 | cell_text=aiming
2026-07-02 14:13:43 [INFO] [state_change] from_state=WAIT_USERNAME | to_state=SCANNING
2026-07-02 14:13:44 [INFO] [loop_tick] state=SCANNING | rows=2 | claims=0
2026-07-02 14:13:46 [INFO] [loop_tick] state=SCANNING | rows=2 | claims=0
2026-07-02 14:13:49 [INFO] [loop_tick] state=SCANNING | rows=2 | claims=0
2026-07-02 14:13:49 [INFO] Automation DISABLED (F8)
2026-07-02 14:13:49 [INFO] [state_change] from_state=SCANNING | to_state=STOPPED
2026-07-02 14:17:07 [INFO] Automation ENABLED (F8)
2026-07-02 14:17:07 [INFO] [state_change] from_state=STOPPED | to_state=SCANNING
2026-07-02 14:17:07 [INFO] [loop_tick] state=SCANNING | rows=3 | claims=0
2026-07-02 14:17:09 [INFO] [loop_tick] state=SCANNING | rows=3 | claims=0
2026-07-02 14:17:12 [INFO] [loop_tick] state=SCANNING | rows=3 | claims=0
2026-07-02 14:17:14 [INFO] [loop_tick] state=SCANNING | rows=3 | claims=0
2026-07-02 14:17:17 [INFO] [loop_tick] state=SCANNING | rows=3 | claims=0
2026-07-02 14:17:19 [INFO] [loop_tick] state=SCANNING | rows=3 | claims=0
2026-07-02 14:17:22 [INFO] [loop_tick] state=SCANNING | rows=3 | claims=0
2026-07-02 14:17:24 [INFO] [loop_tick] state=SCANNING | rows=3 | claims=0
2026-07-02 14:17:27 [INFO] [loop_tick] state=SCANNING | rows=3 | claims=0
2026-07-02 14:17:29 [INFO] [loop_tick] state=SCANNING | rows=3 | claims=0
2026-07-02 14:17:32 [INFO] [loop_tick] state=SCANNING | rows=3 | claims=0
2026-07-02 14:17:34 [INFO] [loop_tick] state=SCANNING | rows=3 | claims=0
2026-07-02 14:17:37 [INFO] [loop_tick] state=SCANNING | rows=3 | claims=0
2026-07-02 14:17:39 [INFO] [loop_tick] state=SCANNING | rows=3 | claims=0
2026-07-02 14:17:42 [INFO] [loop_tick] state=SCANNING | rows=3 | claims=0
2026-07-02 14:17:44 [INFO] [loop_tick] state=SCANNING | rows=3 | claims=0
2026-07-02 14:17:47 [INFO] [loop_tick] state=SCANNING | rows=3 | claims=0
2026-07-02 14:17:49 [INFO] [loop_tick] state=SCANNING | rows=3 | claims=0
2026-07-02 14:17:52 [INFO] [loop_tick] state=SCANNING | rows=3 | claims=0
2026-07-02 14:17:54 [INFO] [loop_tick] state=SCANNING | rows=3 | claims=0
2026-07-02 14:17:57 [INFO] [loop_tick] state=SCANNING | rows=3 | claims=0
2026-07-02 14:17:59 [INFO] [loop_tick] state=SCANNING | rows=3 | claims=0
2026-07-02 14:18:02 [INFO] [loop_tick] state=SCANNING | rows=3 | claims=0
2026-07-02 14:18:04 [INFO] [loop_tick] state=SCANNING | rows=3 | claims=0
2026-07-02 14:18:07 [INFO] [row_detected] total_rows=4 | claim_rows=[0]
2026-07-02 14:18:07 [INFO] [claim_found] row_id=0 | text=CLAIM | confidence=0.999 | claim_cell=(1169, 619)
2026-07-02 14:18:07 [INFO] [state_change] from_state=SCANNING | to_state=CLAIM_FOUND
2026-07-02 14:18:07 [INFO] [state_change] from_state=CLAIM_FOUND | to_state=CLICK_CLAIM
2026-07-02 14:18:08 [INFO] [claim_cell_clicked] row_id=0 | x=1169 | y=619
2026-07-02 14:18:08 [INFO] [state_change] from_state=CLICK_CLAIM | to_state=WAIT_USERNAME
2026-07-02 14:18:09 [WARNING] Cell shows 'aiming' — claimed by someone else.
2026-07-02 14:18:09 [INFO] [claim_stolen] y_key=616 | cell_text=aiming
2026-07-02 14:18:09 [INFO] [state_change] from_state=WAIT_USERNAME | to_state=SCANNING
2026-07-02 14:18:09 [INFO] [loop_tick] state=SCANNING | rows=4 | claims=0
2026-07-02 14:18:09 [INFO] [loop_tick] state=SCANNING | rows=4 | claims=0
2026-07-02 14:18:12 [INFO] [loop_tick] state=SCANNING | rows=4 | claims=0
2026-07-02 14:18:12 [INFO] Automation DISABLED (F8)
2026-07-02 14:18:12 [INFO] [state_change] from_state=SCANNING | to_state=STOPPED
2026-07-02 14:20:04 [INFO] Clean exit requested (ESC).
2026-07-02 14:20:04 [INFO] WorkflowEngine shut down cleanly.
