2026-07-08 06:26:07 [INFO] System Tray initialized. Application is running in the background.
2026-07-08 06:26:08 [INFO] All sub-systems initialised.
2026-07-08 06:26:08 [INFO] [state_change] from_state=IDLE | to_state=SCANNING
2026-07-08 06:26:08 [INFO] WorkflowEngine started — user='phan'  table={'left': 53, 'top': 601, 'width': 1484, 'height': 290}
2026-07-08 06:26:14 [INFO] Automation DISABLED (F8)
2026-07-08 06:26:19 [INFO] [loop_tick] state=SCANNING | rows=10 | claims=0
2026-07-08 06:26:19 [INFO] [state_change] from_state=SCANNING | to_state=STOPPED
2026-07-08 06:30:12 [INFO] Automation ENABLED (F8)
2026-07-08 06:30:12 [INFO] [state_change] from_state=STOPPED | to_state=SCANNING
2026-07-08 06:30:12 [INFO] [loop_tick] state=SCANNING | rows=9 | claims=0
2026-07-08 06:30:13 [INFO] [loop_tick] state=SCANNING | rows=9 | claims=0
2026-07-08 06:30:16 [INFO] [loop_tick] state=SCANNING | rows=9 | claims=0
2026-07-08 06:30:18 [INFO] [loop_tick] state=SCANNING | rows=9 | claims=0
2026-07-08 06:30:21 [INFO] [loop_tick] state=SCANNING | rows=9 | claims=0
2026-07-08 06:30:23 [INFO] [loop_tick] state=SCANNING | rows=7 | claims=0
2026-07-08 06:30:26 [INFO] [loop_tick] state=SCANNING | rows=6 | claims=0
2026-07-08 06:30:28 [INFO] [row_detected] total_rows=7 | claim_rows=[1]
2026-07-08 06:30:28 [INFO] [claim_found] row_id=1 | text=CLAIM | confidence=0.999 | claim_cell=(1169, 649)
2026-07-08 06:30:28 [INFO] [state_change] from_state=SCANNING | to_state=CLAIM_FOUND
2026-07-08 06:30:28 [INFO] [state_change] from_state=CLAIM_FOUND | to_state=CLICK_CLAIM
2026-07-08 06:30:29 [INFO] [claim_cell_clicked] row_id=1 | x=1169 | y=649
2026-07-08 06:30:29 [INFO] [state_change] from_state=CLICK_CLAIM | to_state=WAIT_USERNAME
2026-07-08 06:30:31 [WARNING] Cell shows 'inguyen' (not pending and not 'PHAN') — claimed by someone else.
2026-07-08 06:30:31 [INFO] [claim_stolen] y_key=648 | cell_text=inguyen
2026-07-08 06:30:31 [INFO] [state_change] from_state=WAIT_USERNAME | to_state=SCANNING
2026-07-08 06:30:31 [INFO] [loop_tick] state=SCANNING | rows=7 | claims=0
2026-07-08 06:30:31 [INFO] [loop_tick] state=SCANNING | rows=7 | claims=0
2026-07-08 06:30:33 [INFO] [loop_tick] state=SCANNING | rows=7 | claims=0
2026-07-08 06:30:35 [INFO] [loop_tick] state=SCANNING | rows=7 | claims=0
2026-07-08 06:30:38 [INFO] [loop_tick] state=SCANNING | rows=7 | claims=0
2026-07-08 06:30:40 [INFO] [loop_tick] state=SCANNING | rows=7 | claims=0
2026-07-08 06:30:43 [INFO] [loop_tick] state=SCANNING | rows=7 | claims=0
2026-07-08 06:30:45 [INFO] [loop_tick] state=SCANNING | rows=6 | claims=0
2026-07-08 06:30:48 [INFO] [loop_tick] state=SCANNING | rows=6 | claims=0
2026-07-08 06:30:50 [INFO] [loop_tick] state=SCANNING | rows=6 | claims=0
2026-07-08 06:30:52 [INFO] [loop_tick] state=SCANNING | rows=6 | claims=0
2026-07-08 06:30:55 [INFO] [loop_tick] state=SCANNING | rows=6 | claims=0
2026-07-08 06:30:57 [INFO] [loop_tick] state=SCANNING | rows=6 | claims=0
2026-07-08 06:30:59 [INFO] [loop_tick] state=SCANNING | rows=5 | claims=0
2026-07-08 06:31:02 [INFO] [loop_tick] state=SCANNING | rows=5 | claims=0
2026-07-08 06:31:04 [INFO] [loop_tick] state=SCANNING | rows=5 | claims=0
2026-07-08 06:31:06 [INFO] [loop_tick] state=SCANNING | rows=5 | claims=0
2026-07-08 06:31:09 [INFO] [loop_tick] state=SCANNING | rows=5 | claims=0
2026-07-08 06:31:11 [INFO] [loop_tick] state=SCANNING | rows=5 | claims=0
2026-07-08 06:31:14 [INFO] [loop_tick] state=SCANNING | rows=5 | claims=0
2026-07-08 06:31:16 [INFO] [loop_tick] state=SCANNING | rows=5 | claims=0
2026-07-08 06:31:18 [INFO] [loop_tick] state=SCANNING | rows=5 | claims=0
2026-07-08 06:31:21 [INFO] [loop_tick] state=SCANNING | rows=5 | claims=0
2026-07-08 06:31:23 [INFO] [loop_tick] state=SCANNING | rows=5 | claims=0
2026-07-08 06:31:26 [INFO] [loop_tick] state=SCANNING | rows=5 | claims=0
2026-07-08 06:31:28 [INFO] [loop_tick] state=SCANNING | rows=5 | claims=0
2026-07-08 06:31:31 [INFO] [loop_tick] state=SCANNING | rows=5 | claims=0
2026-07-08 06:31:33 [INFO] [loop_tick] state=SCANNING | rows=5 | claims=0
2026-07-08 06:31:36 [INFO] [loop_tick] state=SCANNING | rows=5 | claims=0
2026-07-08 06:31:38 [INFO] [loop_tick] state=SCANNING | rows=5 | claims=0
2026-07-08 06:31:40 [INFO] [loop_tick] state=SCANNING | rows=5 | claims=0
2026-07-08 06:31:43 [INFO] [loop_tick] state=SCANNING | rows=4 | claims=0
2026-07-08 06:31:45 [INFO] [loop_tick] state=SCANNING | rows=4 | claims=0
2026-07-08 06:31:48 [INFO] [loop_tick] state=SCANNING | rows=4 | claims=0
2026-07-08 06:31:50 [INFO] [loop_tick] state=SCANNING | rows=4 | claims=0
2026-07-08 06:31:53 [INFO] [loop_tick] state=SCANNING | rows=4 | claims=0
2026-07-08 06:31:55 [INFO] [loop_tick] state=SCANNING | rows=4 | claims=0
2026-07-08 06:31:58 [INFO] [loop_tick] state=SCANNING | rows=4 | claims=0
2026-07-08 06:32:00 [INFO] [loop_tick] state=SCANNING | rows=4 | claims=0
2026-07-08 06:32:03 [INFO] [loop_tick] state=SCANNING | rows=4 | claims=0
2026-07-08 06:32:05 [INFO] [loop_tick] state=SCANNING | rows=4 | claims=0
2026-07-08 06:32:08 [INFO] [loop_tick] state=SCANNING | rows=4 | claims=0
2026-07-08 06:32:10 [INFO] [loop_tick] state=SCANNING | rows=4 | claims=0
2026-07-08 06:32:13 [INFO] [loop_tick] state=SCANNING | rows=4 | claims=0
2026-07-08 06:32:15 [INFO] [loop_tick] state=SCANNING | rows=4 | claims=0
2026-07-08 06:32:17 [INFO] [loop_tick] state=SCANNING | rows=4 | claims=0
2026-07-08 06:32:19 [INFO] [loop_tick] state=SCANNING | rows=4 | claims=0
2026-07-08 06:32:22 [INFO] [loop_tick] state=SCANNING | rows=4 | claims=0
2026-07-08 06:32:24 [INFO] [loop_tick] state=SCANNING | rows=4 | claims=0
2026-07-08 06:32:27 [INFO] [loop_tick] state=SCANNING | rows=4 | claims=0
2026-07-08 06:32:29 [INFO] [loop_tick] state=SCANNING | rows=4 | claims=0
2026-07-08 06:32:31 [INFO] [loop_tick] state=SCANNING | rows=4 | claims=0
2026-07-08 06:32:34 [INFO] [loop_tick] state=SCANNING | rows=3 | claims=0
2026-07-08 06:32:36 [INFO] [loop_tick] state=SCANNING | rows=3 | claims=0
2026-07-08 06:32:39 [INFO] [loop_tick] state=SCANNING | rows=3 | claims=0
2026-07-08 06:32:41 [INFO] [loop_tick] state=SCANNING | rows=3 | claims=0
2026-07-08 06:32:44 [INFO] [loop_tick] state=SCANNING | rows=3 | claims=0
2026-07-08 06:32:46 [INFO] [loop_tick] state=SCANNING | rows=3 | claims=0
2026-07-08 06:32:49 [INFO] [loop_tick] state=SCANNING | rows=3 | claims=0
2026-07-08 06:32:51 [INFO] [loop_tick] state=SCANNING | rows=3 | claims=0
2026-07-08 06:32:53 [INFO] [loop_tick] state=SCANNING | rows=3 | claims=0
2026-07-08 06:32:56 [INFO] [loop_tick] state=SCANNING | rows=3 | claims=0
2026-07-08 06:32:58 [INFO] [loop_tick] state=SCANNING | rows=3 | claims=0
2026-07-08 06:33:01 [INFO] [loop_tick] state=SCANNING | rows=3 | claims=0
2026-07-08 06:33:03 [INFO] [loop_tick] state=SCANNING | rows=3 | claims=0
2026-07-08 06:33:06 [INFO] [loop_tick] state=SCANNING | rows=3 | claims=0
2026-07-08 06:33:08 [INFO] [loop_tick] state=SCANNING | rows=3 | claims=0
2026-07-08 06:33:11 [INFO] [loop_tick] state=SCANNING | rows=3 | claims=0
2026-07-08 06:33:13 [INFO] [loop_tick] state=SCANNING | rows=2 | claims=0
2026-07-08 06:33:15 [INFO] [loop_tick] state=SCANNING | rows=2 | claims=0
2026-07-08 06:33:18 [INFO] [loop_tick] state=SCANNING | rows=2 | claims=0
2026-07-08 06:33:20 [INFO] [loop_tick] state=SCANNING | rows=2 | claims=0
2026-07-08 06:33:22 [INFO] [loop_tick] state=SCANNING | rows=2 | claims=0
2026-07-08 06:33:25 [INFO] [loop_tick] state=SCANNING | rows=2 | claims=0
2026-07-08 06:33:27 [INFO] [loop_tick] state=SCANNING | rows=2 | claims=0
2026-07-08 06:33:30 [INFO] [loop_tick] state=SCANNING | rows=2 | claims=0
2026-07-08 06:33:32 [INFO] [loop_tick] state=SCANNING | rows=2 | claims=0
2026-07-08 06:33:34 [INFO] [loop_tick] state=SCANNING | rows=2 | claims=0
2026-07-08 06:33:37 [INFO] [loop_tick] state=SCANNING | rows=2 | claims=0
2026-07-08 06:33:39 [INFO] [loop_tick] state=SCANNING | rows=2 | claims=0
2026-07-08 06:33:42 [INFO] [loop_tick] state=SCANNING | rows=2 | claims=0
2026-07-08 06:33:44 [INFO] [loop_tick] state=SCANNING | rows=2 | claims=0
2026-07-08 06:33:47 [INFO] [loop_tick] state=SCANNING | rows=2 | claims=0
2026-07-08 06:33:49 [INFO] [loop_tick] state=SCANNING | rows=2 | claims=0
2026-07-08 06:33:52 [INFO] [loop_tick] state=SCANNING | rows=2 | claims=0
2026-07-08 06:33:54 [INFO] [loop_tick] state=SCANNING | rows=2 | claims=0
2026-07-08 06:33:57 [INFO] [loop_tick] state=SCANNING | rows=2 | claims=0
2026-07-08 06:33:59 [INFO] [loop_tick] state=SCANNING | rows=2 | claims=0
2026-07-08 06:34:01 [INFO] [loop_tick] state=SCANNING | rows=2 | claims=0
2026-07-08 06:34:04 [INFO] [loop_tick] state=SCANNING | rows=1 | claims=0
2026-07-08 06:34:06 [INFO] [loop_tick] state=SCANNING | rows=1 | claims=0
2026-07-08 06:34:09 [INFO] [loop_tick] state=SCANNING | rows=1 | claims=0
2026-07-08 06:34:11 [INFO] [loop_tick] state=SCANNING | rows=1 | claims=0
2026-07-08 06:34:14 [INFO] [row_detected] total_rows=2 | claim_rows=[0]
2026-07-08 06:34:14 [INFO] [claim_found] row_id=0 | text=CLAIM | confidence=0.995 | claim_cell=(1168, 619)
2026-07-08 06:34:14 [INFO] [state_change] from_state=SCANNING | to_state=CLAIM_FOUND
2026-07-08 06:34:14 [INFO] [state_change] from_state=CLAIM_FOUND | to_state=CLICK_CLAIM
2026-07-08 06:34:14 [INFO] [claim_cell_clicked] row_id=0 | x=1168 | y=619
2026-07-08 06:34:14 [INFO] [state_change] from_state=CLICK_CLAIM | to_state=WAIT_USERNAME
2026-07-08 06:34:16 [INFO] [claim_verified] y_key=616 | cell_text=phan | elapsed_s=1.807
2026-07-08 06:34:16 [INFO] [state_change] from_state=WAIT_USERNAME | to_state=CLAIM_SUCCESS
2026-07-08 06:34:17 [INFO] [select_clicked] y_key=616 | x=1316 | y=619
2026-07-08 06:34:18 [INFO] [state_change] from_state=CLAIM_SUCCESS | to_state=CLICK_SELECT
2026-07-08 06:34:18 [INFO] [state_change] from_state=CLICK_SELECT | to_state=CLICK_CONNECT
2026-07-08 06:34:19 [INFO] [connect_clicked] y_key=616 | x=763 | y=104
2026-07-08 06:34:19 [INFO] [state_change] from_state=CLICK_CONNECT | to_state=CONNECTED
2026-07-08 06:34:19 [INFO] ✓ Connected! Waiting 1000ms then entering STOPPED state.
2026-07-08 06:34:20 [INFO] [state_change] from_state=CONNECTED | to_state=STOPPED
2026-07-08 06:37:30 [INFO] Clean exit requested (ESC).
2026-07-08 06:37:30 [INFO] WorkflowEngine shut down cleanly.
2026-07-08 06:51:10 [INFO] System Tray initialized. Application is running in the background.
2026-07-08 06:51:10 [INFO] All sub-systems initialised.
2026-07-08 06:51:10 [INFO] [state_change] from_state=IDLE | to_state=SCANNING
2026-07-08 06:51:10 [INFO] WorkflowEngine started — user='phan'  table={'left': 53, 'top': 601, 'width': 1484, 'height': 290}
2026-07-08 06:51:15 [INFO] [loop_tick] state=SCANNING | rows=3 | claims=0
2026-07-08 06:51:15 [INFO] [row_detected] total_rows=6 | claim_rows=[1]
2026-07-08 06:51:15 [INFO] [claim_found] row_id=1 | text=CLAIM | confidence=0.999 | claim_cell=(1169, 649)
2026-07-08 06:51:15 [INFO] [state_change] from_state=SCANNING | to_state=CLAIM_FOUND
2026-07-08 06:51:15 [INFO] [state_change] from_state=CLAIM_FOUND | to_state=CLICK_CLAIM
2026-07-08 06:51:15 [INFO] [claim_cell_clicked] row_id=1 | x=1169 | y=649
2026-07-08 06:51:15 [INFO] [state_change] from_state=CLICK_CLAIM | to_state=WAIT_USERNAME
2026-07-08 06:51:17 [WARNING] Cell shows 'sophan' (not pending and not 'PHAN') — claimed by someone else.
2026-07-08 06:51:17 [INFO] [claim_stolen] y_key=648 | cell_text=sophan
2026-07-08 06:51:17 [INFO] [state_change] from_state=WAIT_USERNAME | to_state=SCANNING
2026-07-08 06:51:17 [INFO] [loop_tick] state=SCANNING | rows=6 | claims=0
2026-07-08 06:51:17 [INFO] [loop_tick] state=SCANNING | rows=6 | claims=0
2026-07-08 06:51:18 [INFO] [loop_tick] state=SCANNING | rows=6 | claims=0
2026-07-08 06:51:19 [INFO] [loop_tick] state=SCANNING | rows=6 | claims=0
2026-07-08 06:51:22 [INFO] [row_detected] total_rows=7 | claim_rows=[2]
2026-07-08 06:51:22 [INFO] [claim_found] row_id=2 | text=CLAIM | confidence=0.999 | claim_cell=(1169, 679)
2026-07-08 06:51:22 [INFO] [state_change] from_state=SCANNING | to_state=CLAIM_FOUND
2026-07-08 06:51:22 [INFO] [state_change] from_state=CLAIM_FOUND | to_state=CLICK_CLAIM
2026-07-08 06:51:23 [INFO] [claim_cell_clicked] row_id=2 | x=1169 | y=679
2026-07-08 06:51:23 [INFO] [state_change] from_state=CLICK_CLAIM | to_state=WAIT_USERNAME
2026-07-08 06:51:24 [INFO] [claim_verified] y_key=680 | cell_text=phan | elapsed_s=1.406
2026-07-08 06:51:24 [INFO] [state_change] from_state=WAIT_USERNAME | to_state=CLAIM_SUCCESS
2026-07-08 06:51:25 [INFO] [select_clicked] y_key=680 | x=1316 | y=679
2026-07-08 06:51:26 [INFO] [state_change] from_state=CLAIM_SUCCESS | to_state=CLICK_SELECT
2026-07-08 06:51:26 [INFO] [state_change] from_state=CLICK_SELECT | to_state=CLICK_CONNECT
2026-07-08 06:51:26 [INFO] [connect_clicked] y_key=680 | x=763 | y=104
2026-07-08 06:51:26 [INFO] [state_change] from_state=CLICK_CONNECT | to_state=CONNECTED
2026-07-08 06:51:26 [INFO] ✓ Connected! Waiting 1000ms then entering STOPPED state.
2026-07-08 06:51:27 [INFO] [state_change] from_state=CONNECTED | to_state=STOPPED
2026-07-08 07:10:43 [INFO] Clean exit requested (ESC).
2026-07-08 07:10:43 [INFO] WorkflowEngine shut down cleanly.
