2026-07-24 06:07:27 [INFO] System Tray initialized. Application is running in the background.
2026-07-24 06:07:27 [INFO] All sub-systems initialised.
2026-07-24 06:07:27 [INFO] [state_change] from_state=IDLE | to_state=SCANNING
2026-07-24 06:07:27 [INFO] WorkflowEngine started — user='phan'  table={'left': 53, 'top': 601, 'width': 1484, 'height': 290}
2026-07-24 06:07:31 [INFO] [loop_tick] state=SCANNING | rows=5 | claims=0
2026-07-24 06:07:32 [INFO] [loop_tick] state=SCANNING | rows=3 | claims=0
2026-07-24 06:07:32 [INFO] [loop_tick] state=SCANNING | rows=3 | claims=0
2026-07-24 06:07:34 [INFO] [loop_tick] state=SCANNING | rows=3 | claims=0
2026-07-24 06:07:40 [INFO] [loop_tick] state=SCANNING | rows=3 | claims=0
2026-07-24 06:07:42 [INFO] [loop_tick] state=SCANNING | rows=3 | claims=0
2026-07-24 06:07:45 [INFO] [loop_tick] state=SCANNING | rows=3 | claims=0
2026-07-24 06:07:47 [INFO] [loop_tick] state=SCANNING | rows=3 | claims=0
2026-07-24 06:07:49 [INFO] [loop_tick] state=SCANNING | rows=3 | claims=0
2026-07-24 06:07:52 [INFO] [loop_tick] state=SCANNING | rows=3 | claims=0
2026-07-24 06:07:54 [INFO] [loop_tick] state=SCANNING | rows=3 | claims=0
2026-07-24 06:07:57 [INFO] [loop_tick] state=SCANNING | rows=3 | claims=0
2026-07-24 06:07:59 [INFO] [loop_tick] state=SCANNING | rows=3 | claims=0
2026-07-24 06:08:02 [INFO] [loop_tick] state=SCANNING | rows=3 | claims=0
2026-07-24 06:08:04 [INFO] [loop_tick] state=SCANNING | rows=3 | claims=0
2026-07-24 06:08:06 [INFO] [loop_tick] state=SCANNING | rows=3 | claims=0
2026-07-24 06:08:08 [INFO] [loop_tick] state=SCANNING | rows=3 | claims=0
2026-07-24 06:08:11 [INFO] [loop_tick] state=SCANNING | rows=3 | claims=0
2026-07-24 06:08:13 [INFO] [loop_tick] state=SCANNING | rows=3 | claims=0
2026-07-24 06:08:15 [INFO] [loop_tick] state=SCANNING | rows=3 | claims=0
2026-07-24 06:08:18 [INFO] [loop_tick] state=SCANNING | rows=3 | claims=0
2026-07-24 06:08:20 [INFO] [loop_tick] state=SCANNING | rows=3 | claims=0
2026-07-24 06:08:23 [INFO] [loop_tick] state=SCANNING | rows=3 | claims=0
2026-07-24 06:08:25 [INFO] [loop_tick] state=SCANNING | rows=3 | claims=0
2026-07-24 06:08:27 [INFO] [loop_tick] state=SCANNING | rows=3 | claims=0
2026-07-24 06:08:29 [INFO] [loop_tick] state=SCANNING | rows=3 | claims=0
2026-07-24 06:08:31 [INFO] [loop_tick] state=SCANNING | rows=2 | claims=0
2026-07-24 06:08:32 [INFO] [loop_tick] state=SCANNING | rows=4 | claims=0
2026-07-24 06:08:32 [INFO] [loop_tick] state=SCANNING | rows=5 | claims=0
2026-07-24 06:08:32 [INFO] [loop_tick] state=SCANNING | rows=2 | claims=0
2026-07-24 06:08:42 [INFO] [loop_tick] state=SCANNING | rows=4 | claims=0
2026-07-24 06:08:42 [INFO] [loop_tick] state=SCANNING | rows=4 | claims=0
2026-07-24 06:08:52 [INFO] [loop_tick] state=SCANNING | rows=4 | claims=0
2026-07-24 06:08:55 [INFO] [loop_tick] state=SCANNING | rows=4 | claims=0
2026-07-24 06:09:02 [INFO] [loop_tick] state=SCANNING | rows=4 | claims=0
2026-07-24 06:09:24 [INFO] [loop_tick] state=SCANNING | rows=4 | claims=0
2026-07-24 06:09:29 [INFO] [loop_tick] state=SCANNING | rows=4 | claims=0
2026-07-24 06:10:35 [INFO] [loop_tick] state=SCANNING | rows=4 | claims=0
2026-07-24 06:10:35 [INFO] [loop_tick] state=SCANNING | rows=4 | claims=0
2026-07-24 06:10:37 [INFO] [loop_tick] state=SCANNING | rows=4 | claims=0
2026-07-24 06:10:39 [INFO] [loop_tick] state=SCANNING | rows=4 | claims=0
2026-07-24 06:10:42 [INFO] [loop_tick] state=SCANNING | rows=4 | claims=0
2026-07-24 06:10:44 [INFO] [loop_tick] state=SCANNING | rows=4 | claims=0
2026-07-24 06:10:47 [INFO] [loop_tick] state=SCANNING | rows=4 | claims=0
2026-07-24 06:10:49 [INFO] [loop_tick] state=SCANNING | rows=4 | claims=0
2026-07-24 06:10:52 [INFO] [loop_tick] state=SCANNING | rows=4 | claims=0
2026-07-24 06:10:54 [INFO] [loop_tick] state=SCANNING | rows=4 | claims=0
2026-07-24 06:10:56 [INFO] [loop_tick] state=SCANNING | rows=4 | claims=0
2026-07-24 06:10:58 [INFO] [loop_tick] state=SCANNING | rows=4 | claims=0
2026-07-24 06:11:01 [INFO] [loop_tick] state=SCANNING | rows=4 | claims=0
2026-07-24 06:11:03 [INFO] [loop_tick] state=SCANNING | rows=4 | claims=0
2026-07-24 06:11:09 [INFO] [loop_tick] state=SCANNING | rows=4 | claims=0
2026-07-24 06:11:11 [INFO] [loop_tick] state=SCANNING | rows=4 | claims=0
2026-07-24 06:11:14 [INFO] [loop_tick] state=SCANNING | rows=4 | claims=0
2026-07-24 06:11:16 [INFO] [loop_tick] state=SCANNING | rows=4 | claims=0
2026-07-24 06:11:22 [INFO] [loop_tick] state=SCANNING | rows=4 | claims=0
2026-07-24 06:11:24 [INFO] [loop_tick] state=SCANNING | rows=4 | claims=0
2026-07-24 06:11:26 [INFO] [loop_tick] state=SCANNING | rows=4 | claims=0
2026-07-24 06:11:28 [INFO] [loop_tick] state=SCANNING | rows=4 | claims=0
2026-07-24 06:11:29 [INFO] [loop_tick] state=SCANNING | rows=4 | claims=0
2026-07-24 06:11:46 [INFO] [loop_tick] state=SCANNING | rows=4 | claims=0
2026-07-24 06:11:50 [INFO] [loop_tick] state=SCANNING | rows=4 | claims=0
2026-07-24 06:12:15 [INFO] [loop_tick] state=SCANNING | rows=4 | claims=0
2026-07-24 06:12:15 [INFO] [loop_tick] state=SCANNING | rows=4 | claims=0
2026-07-24 06:12:15 [INFO] [loop_tick] state=SCANNING | rows=1 | claims=0
2026-07-24 06:12:16 [INFO] [loop_tick] state=SCANNING | rows=5 | claims=0
2026-07-24 06:12:16 [INFO] [loop_tick] state=SCANNING | rows=5 | claims=0
2026-07-24 06:12:17 [INFO] [loop_tick] state=SCANNING | rows=5 | claims=0
2026-07-24 06:12:22 [INFO] [loop_tick] state=SCANNING | rows=5 | claims=0
2026-07-24 06:12:25 [INFO] [loop_tick] state=SCANNING | rows=5 | claims=0
2026-07-24 06:12:27 [INFO] [loop_tick] state=SCANNING | rows=5 | claims=0
2026-07-24 06:12:29 [INFO] [loop_tick] state=SCANNING | rows=5 | claims=0
2026-07-24 06:12:32 [INFO] [loop_tick] state=SCANNING | rows=5 | claims=0
2026-07-24 06:12:34 [INFO] [loop_tick] state=SCANNING | rows=5 | claims=0
2026-07-24 06:12:37 [INFO] [loop_tick] state=SCANNING | rows=5 | claims=0
2026-07-24 06:12:39 [INFO] [loop_tick] state=SCANNING | rows=5 | claims=0
2026-07-24 06:12:42 [INFO] [loop_tick] state=SCANNING | rows=5 | claims=0
2026-07-24 06:12:45 [INFO] [loop_tick] state=SCANNING | rows=4 | claims=0
2026-07-24 06:12:45 [INFO] [loop_tick] state=SCANNING | rows=5 | claims=0
2026-07-24 06:12:45 [INFO] [loop_tick] state=SCANNING | rows=5 | claims=0
2026-07-24 06:12:45 [INFO] [loop_tick] state=SCANNING | rows=5 | claims=0
2026-07-24 06:12:45 [INFO] [loop_tick] state=SCANNING | rows=5 | claims=0
2026-07-24 06:12:46 [INFO] [loop_tick] state=SCANNING | rows=5 | claims=0
2026-07-24 06:12:46 [INFO] [loop_tick] state=SCANNING | rows=5 | claims=0
2026-07-24 06:12:46 [INFO] [loop_tick] state=SCANNING | rows=5 | claims=0
2026-07-24 06:12:47 [INFO] [loop_tick] state=SCANNING | rows=5 | claims=0
2026-07-24 06:12:47 [INFO] [loop_tick] state=SCANNING | rows=5 | claims=0
2026-07-24 06:12:47 [INFO] [loop_tick] state=SCANNING | rows=5 | claims=0
2026-07-24 06:12:49 [INFO] [loop_tick] state=SCANNING | rows=5 | claims=0
2026-07-24 06:12:52 [INFO] [row_detected] total_rows=6 | claim_rows=[0]
2026-07-24 06:12:52 [INFO] [claim_found] row_id=0 | text=CLAIM | confidence=0.999 | claim_cell=(1169, 619)
2026-07-24 06:12:52 [INFO] [state_change] from_state=SCANNING | to_state=CLAIM_FOUND
2026-07-24 06:12:52 [INFO] [state_change] from_state=CLAIM_FOUND | to_state=CLICK_CLAIM
2026-07-24 06:12:53 [INFO] [claim_cell_clicked] row_id=0 | x=1169 | y=619
2026-07-24 06:12:53 [INFO] [state_change] from_state=CLICK_CLAIM | to_state=WAIT_USERNAME
2026-07-24 06:12:54 [INFO] [claim_verified] y_key=616 | cell_text=phan | elapsed_s=1.606
2026-07-24 06:12:54 [INFO] [state_change] from_state=WAIT_USERNAME | to_state=CLAIM_SUCCESS
2026-07-24 06:12:55 [INFO] [select_clicked] y_key=616 | x=1316 | y=619
2026-07-24 06:12:56 [INFO] [state_change] from_state=CLAIM_SUCCESS | to_state=CLICK_SELECT
2026-07-24 06:12:56 [INFO] [state_change] from_state=CLICK_SELECT | to_state=CLICK_CONNECT
2026-07-24 06:12:57 [INFO] [connect_clicked] y_key=616 | x=763 | y=104
2026-07-24 06:12:57 [INFO] [state_change] from_state=CLICK_CONNECT | to_state=CONNECTED
2026-07-24 06:12:57 [INFO] ✓ Connected! Waiting 1000ms then entering STOPPED state.
2026-07-24 06:12:58 [INFO] [state_change] from_state=CONNECTED | to_state=STOPPED
2026-07-24 06:28:09 [INFO] Clean exit requested (ESC).
2026-07-24 06:28:09 [INFO] WorkflowEngine shut down cleanly.
2026-07-24 06:28:17 [INFO] System Tray initialized. Application is running in the background.
2026-07-24 06:28:18 [INFO] All sub-systems initialised.
2026-07-24 06:28:18 [INFO] [state_change] from_state=IDLE | to_state=SCANNING
2026-07-24 06:28:18 [INFO] WorkflowEngine started — user='phan'  table={'left': 53, 'top': 601, 'width': 1484, 'height': 290}
2026-07-24 06:28:31 [INFO] [loop_tick] state=SCANNING | rows=6 | claims=0
2026-07-24 06:28:31 [INFO] [loop_tick] state=SCANNING | rows=3 | claims=0
2026-07-24 06:28:31 [INFO] [loop_tick] state=SCANNING | rows=5 | claims=0
2026-07-24 06:28:31 [INFO] [loop_tick] state=SCANNING | rows=7 | claims=0
2026-07-24 06:28:31 [INFO] [loop_tick] state=SCANNING | rows=6 | claims=0
2026-07-24 06:28:31 [INFO] [loop_tick] state=SCANNING | rows=5 | claims=0
2026-07-24 06:28:31 [INFO] [loop_tick] state=SCANNING | rows=5 | claims=0
2026-07-24 06:28:31 [INFO] [loop_tick] state=SCANNING | rows=5 | claims=0
2026-07-24 06:28:31 [INFO] [loop_tick] state=SCANNING | rows=3 | claims=0
2026-07-24 06:28:32 [INFO] [loop_tick] state=SCANNING | rows=6 | claims=0
2026-07-24 06:28:32 [INFO] [loop_tick] state=SCANNING | rows=6 | claims=0
2026-07-24 06:28:32 [INFO] [loop_tick] state=SCANNING | rows=6 | claims=0
2026-07-24 06:28:32 [INFO] [loop_tick] state=SCANNING | rows=6 | claims=0
2026-07-24 06:28:32 [INFO] [loop_tick] state=SCANNING | rows=6 | claims=0
2026-07-24 06:28:32 [INFO] [loop_tick] state=SCANNING | rows=6 | claims=0
2026-07-24 06:28:32 [INFO] [loop_tick] state=SCANNING | rows=6 | claims=0
2026-07-24 06:28:32 [INFO] [loop_tick] state=SCANNING | rows=2 | claims=0
2026-07-24 06:28:32 [INFO] [loop_tick] state=SCANNING | rows=2 | claims=0
2026-07-24 06:28:32 [INFO] [loop_tick] state=SCANNING | rows=2 | claims=0
2026-07-24 06:28:33 [INFO] [loop_tick] state=SCANNING | rows=2 | claims=0
2026-07-24 06:28:33 [INFO] [loop_tick] state=SCANNING | rows=2 | claims=0
2026-07-24 06:28:33 [INFO] [loop_tick] state=SCANNING | rows=2 | claims=0
2026-07-24 06:28:33 [INFO] [loop_tick] state=SCANNING | rows=3 | claims=0
2026-07-24 06:28:33 [INFO] [loop_tick] state=SCANNING | rows=9 | claims=0
2026-07-24 06:28:33 [INFO] [loop_tick] state=SCANNING | rows=9 | claims=0
2026-07-24 06:28:33 [INFO] [loop_tick] state=SCANNING | rows=9 | claims=0
2026-07-24 06:28:33 [INFO] [loop_tick] state=SCANNING | rows=9 | claims=0
2026-07-24 06:28:33 [INFO] [loop_tick] state=SCANNING | rows=10 | claims=0
2026-07-24 06:28:33 [INFO] [loop_tick] state=SCANNING | rows=10 | claims=0
2026-07-24 06:28:34 [INFO] [loop_tick] state=SCANNING | rows=10 | claims=0
2026-07-24 06:28:34 [INFO] [loop_tick] state=SCANNING | rows=9 | claims=0
2026-07-24 06:28:34 [INFO] [loop_tick] state=SCANNING | rows=9 | claims=0
2026-07-24 06:28:34 [INFO] [loop_tick] state=SCANNING | rows=9 | claims=0
2026-07-24 06:28:34 [INFO] [loop_tick] state=SCANNING | rows=9 | claims=0
2026-07-24 06:28:34 [INFO] [loop_tick] state=SCANNING | rows=9 | claims=0
2026-07-24 06:28:34 [INFO] [loop_tick] state=SCANNING | rows=9 | claims=0
2026-07-24 06:28:34 [INFO] [loop_tick] state=SCANNING | rows=9 | claims=0
2026-07-24 06:28:34 [INFO] [loop_tick] state=SCANNING | rows=9 | claims=0
2026-07-24 06:28:35 [INFO] [loop_tick] state=SCANNING | rows=9 | claims=0
2026-07-24 06:28:35 [INFO] [loop_tick] state=SCANNING | rows=9 | claims=0
2026-07-24 06:28:35 [INFO] [loop_tick] state=SCANNING | rows=5 | claims=0
2026-07-24 06:28:35 [INFO] [loop_tick] state=SCANNING | rows=6 | claims=0
2026-07-24 06:28:35 [INFO] [loop_tick] state=SCANNING | rows=6 | claims=0
2026-07-24 06:28:35 [INFO] [loop_tick] state=SCANNING | rows=7 | claims=0
2026-07-24 06:28:35 [INFO] [loop_tick] state=SCANNING | rows=7 | claims=0
2026-07-24 06:28:36 [INFO] [loop_tick] state=SCANNING | rows=9 | claims=0
2026-07-24 06:28:36 [INFO] [loop_tick] state=SCANNING | rows=9 | claims=0
2026-07-24 06:28:36 [INFO] [loop_tick] state=SCANNING | rows=9 | claims=0
2026-07-24 06:28:36 [INFO] [loop_tick] state=SCANNING | rows=7 | claims=0
2026-07-24 06:28:36 [INFO] [loop_tick] state=SCANNING | rows=7 | claims=0
2026-07-24 06:28:36 [INFO] [loop_tick] state=SCANNING | rows=9 | claims=0
2026-07-24 06:28:36 [INFO] [loop_tick] state=SCANNING | rows=9 | claims=0
2026-07-24 06:28:36 [INFO] [loop_tick] state=SCANNING | rows=9 | claims=0
2026-07-24 06:28:37 [INFO] [loop_tick] state=SCANNING | rows=9 | claims=0
2026-07-24 06:28:37 [INFO] [loop_tick] state=SCANNING | rows=10 | claims=0
2026-07-24 06:28:37 [INFO] [loop_tick] state=SCANNING | rows=10 | claims=0
2026-07-24 06:28:37 [INFO] [loop_tick] state=SCANNING | rows=10 | claims=0
2026-07-24 06:28:37 [INFO] [loop_tick] state=SCANNING | rows=9 | claims=0
2026-07-24 06:28:37 [INFO] [loop_tick] state=SCANNING | rows=2 | claims=0
2026-07-24 06:28:37 [INFO] [loop_tick] state=SCANNING | rows=1 | claims=0
2026-07-24 06:28:38 [INFO] [loop_tick] state=SCANNING | rows=6 | claims=0
2026-07-24 06:28:38 [INFO] [loop_tick] state=SCANNING | rows=4 | claims=0
2026-07-24 06:28:38 [INFO] [loop_tick] state=SCANNING | rows=4 | claims=0
2026-07-24 06:28:38 [INFO] [loop_tick] state=SCANNING | rows=6 | claims=0
2026-07-24 06:28:39 [INFO] [loop_tick] state=SCANNING | rows=4 | claims=0
2026-07-24 06:28:39 [INFO] [loop_tick] state=SCANNING | rows=6 | claims=0
2026-07-24 06:28:39 [INFO] [loop_tick] state=SCANNING | rows=6 | claims=0
2026-07-24 06:28:39 [INFO] [loop_tick] state=SCANNING | rows=6 | claims=0
2026-07-24 06:28:39 [INFO] [loop_tick] state=SCANNING | rows=6 | claims=0
2026-07-24 06:28:39 [INFO] [loop_tick] state=SCANNING | rows=4 | claims=0
2026-07-24 06:28:39 [INFO] [loop_tick] state=SCANNING | rows=4 | claims=0
2026-07-24 06:28:40 [INFO] [loop_tick] state=SCANNING | rows=6 | claims=0
2026-07-24 06:28:40 [INFO] [loop_tick] state=SCANNING | rows=1 | claims=0
2026-07-24 06:28:40 [INFO] [loop_tick] state=SCANNING | rows=3 | claims=0
2026-07-24 06:28:40 [INFO] [loop_tick] state=SCANNING | rows=3 | claims=0
2026-07-24 06:28:40 [INFO] [loop_tick] state=SCANNING | rows=5 | claims=0
2026-07-24 06:28:40 [INFO] [loop_tick] state=SCANNING | rows=5 | claims=0
2026-07-24 06:28:40 [INFO] [loop_tick] state=SCANNING | rows=3 | claims=0
2026-07-24 06:28:41 [INFO] [loop_tick] state=SCANNING | rows=6 | claims=0
2026-07-24 06:28:41 [INFO] [loop_tick] state=SCANNING | rows=1 | claims=0
2026-07-24 06:28:41 [INFO] [loop_tick] state=SCANNING | rows=3 | claims=0
2026-07-24 06:28:41 [INFO] [loop_tick] state=SCANNING | rows=4 | claims=0
2026-07-24 06:28:41 [INFO] [loop_tick] state=SCANNING | rows=4 | claims=0
2026-07-24 06:28:43 [INFO] [row_detected] total_rows=10 | claim_rows=[0, 1, 2, 3, 4, 5]
2026-07-24 06:28:43 [INFO] [claim_found] row_id=0 | text=CLAIM | confidence=0.999 | claim_cell=(1160, 619)
2026-07-24 06:28:43 [INFO] [state_change] from_state=SCANNING | to_state=CLAIM_FOUND
2026-07-24 06:28:43 [INFO] [state_change] from_state=CLAIM_FOUND | to_state=CLICK_CLAIM
2026-07-24 06:28:44 [INFO] [claim_cell_clicked] row_id=0 | x=1160 | y=619
2026-07-24 06:28:44 [INFO] [state_change] from_state=CLICK_CLAIM | to_state=WAIT_USERNAME
2026-07-24 06:28:46 [INFO] [claim_verified] y_key=616 | cell_text=phan | elapsed_s=1.606
2026-07-24 06:28:46 [INFO] [state_change] from_state=WAIT_USERNAME | to_state=CLAIM_SUCCESS
2026-07-24 06:28:46 [INFO] [select_clicked] y_key=616 | x=1316 | y=619
2026-07-24 06:28:47 [INFO] [state_change] from_state=CLAIM_SUCCESS | to_state=CLICK_SELECT
2026-07-24 06:28:47 [INFO] [state_change] from_state=CLICK_SELECT | to_state=CLICK_CONNECT
2026-07-24 06:28:48 [INFO] [connect_clicked] y_key=616 | x=763 | y=104
2026-07-24 06:28:48 [INFO] [state_change] from_state=CLICK_CONNECT | to_state=CONNECTED
2026-07-24 06:28:48 [INFO] ✓ Connected! Waiting 1000ms then entering STOPPED state.
2026-07-24 06:28:49 [INFO] [state_change] from_state=CONNECTED | to_state=STOPPED
2026-07-24 06:33:06 [INFO] Automation ENABLED (F8)
2026-07-24 06:33:06 [INFO] [state_change] from_state=STOPPED | to_state=SCANNING
2026-07-24 06:33:07 [INFO] [loop_tick] state=SCANNING | rows=9 | claims=0
2026-07-24 06:33:07 [INFO] [loop_tick] state=SCANNING | rows=9 | claims=0
2026-07-24 06:33:09 [INFO] [loop_tick] state=SCANNING | rows=9 | claims=0
2026-07-24 06:33:12 [INFO] [loop_tick] state=SCANNING | rows=7 | claims=0
2026-07-24 06:33:14 [INFO] [loop_tick] state=SCANNING | rows=7 | claims=0
2026-07-24 06:33:17 [INFO] [loop_tick] state=SCANNING | rows=7 | claims=0
2026-07-24 06:33:19 [INFO] [row_detected] total_rows=9 | claim_rows=[1]
2026-07-24 06:33:19 [INFO] [claim_found] row_id=1 | text=CLAIM | confidence=0.999 | claim_cell=(1169, 649)
2026-07-24 06:33:19 [INFO] [state_change] from_state=SCANNING | to_state=CLAIM_FOUND
2026-07-24 06:33:19 [INFO] [state_change] from_state=CLAIM_FOUND | to_state=CLICK_CLAIM
2026-07-24 06:33:20 [INFO] [claim_cell_clicked] row_id=1 | x=1169 | y=649
2026-07-24 06:33:20 [INFO] [state_change] from_state=CLICK_CLAIM | to_state=WAIT_USERNAME
2026-07-24 06:33:22 [INFO] [claim_verified] y_key=648 | cell_text=phan | elapsed_s=1.607
2026-07-24 06:33:22 [INFO] [state_change] from_state=WAIT_USERNAME | to_state=CLAIM_SUCCESS
2026-07-24 06:33:22 [INFO] [select_clicked] y_key=648 | x=1316 | y=649
2026-07-24 06:33:23 [INFO] [state_change] from_state=CLAIM_SUCCESS | to_state=CLICK_SELECT
2026-07-24 06:33:23 [INFO] [state_change] from_state=CLICK_SELECT | to_state=CLICK_CONNECT
2026-07-24 06:33:24 [INFO] [connect_clicked] y_key=648 | x=763 | y=104
2026-07-24 06:33:24 [INFO] [state_change] from_state=CLICK_CONNECT | to_state=CONNECTED
2026-07-24 06:33:24 [INFO] ✓ Connected! Waiting 1000ms then entering STOPPED state.
2026-07-24 06:33:25 [INFO] [state_change] from_state=CONNECTED | to_state=STOPPED
2026-07-24 06:35:37 [INFO] Automation ENABLED (F8)
2026-07-24 06:35:37 [INFO] [state_change] from_state=STOPPED | to_state=SCANNING
2026-07-24 06:35:37 [INFO] [loop_tick] state=SCANNING | rows=4 | claims=0
2026-07-24 06:35:37 [INFO] [loop_tick] state=SCANNING | rows=4 | claims=0
2026-07-24 06:35:39 [INFO] [loop_tick] state=SCANNING | rows=4 | claims=0
2026-07-24 06:35:42 [INFO] [loop_tick] state=SCANNING | rows=4 | claims=0
2026-07-24 06:35:44 [INFO] [loop_tick] state=SCANNING | rows=4 | claims=0
2026-07-24 06:35:46 [INFO] [loop_tick] state=SCANNING | rows=4 | claims=0
2026-07-24 06:35:49 [INFO] [loop_tick] state=SCANNING | rows=4 | claims=0
2026-07-24 06:35:51 [INFO] [row_detected] total_rows=5 | claim_rows=[1]
2026-07-24 06:35:51 [INFO] [claim_found] row_id=1 | text=CLAIM | confidence=0.999 | claim_cell=(1169, 649)
2026-07-24 06:35:51 [INFO] [state_change] from_state=SCANNING | to_state=CLAIM_FOUND
2026-07-24 06:35:51 [INFO] [state_change] from_state=CLAIM_FOUND | to_state=CLICK_CLAIM
2026-07-24 06:35:52 [INFO] [claim_cell_clicked] row_id=1 | x=1169 | y=649
2026-07-24 06:35:52 [INFO] [state_change] from_state=CLICK_CLAIM | to_state=WAIT_USERNAME
2026-07-24 06:35:53 [WARNING] Cell shows 'Jnguyen' (not pending and not 'PHAN') — claimed by someone else.
2026-07-24 06:35:53 [INFO] [claim_stolen] y_key=648 | cell_text=Jnguyen
2026-07-24 06:35:53 [INFO] [state_change] from_state=WAIT_USERNAME | to_state=SCANNING
2026-07-24 06:35:54 [INFO] [loop_tick] state=SCANNING | rows=5 | claims=0
2026-07-24 06:35:56 [INFO] [loop_tick] state=SCANNING | rows=5 | claims=0
2026-07-24 06:35:58 [INFO] [loop_tick] state=SCANNING | rows=5 | claims=0
2026-07-24 06:36:01 [INFO] [loop_tick] state=SCANNING | rows=4 | claims=0
2026-07-24 06:36:03 [INFO] [loop_tick] state=SCANNING | rows=4 | claims=0
2026-07-24 06:36:05 [INFO] [loop_tick] state=SCANNING | rows=4 | claims=0
2026-07-24 06:36:08 [INFO] [row_detected] total_rows=5 | claim_rows=[0]
2026-07-24 06:36:08 [INFO] [claim_found] row_id=0 | text=CLAIM | confidence=0.999 | claim_cell=(1169, 619)
2026-07-24 06:36:08 [INFO] [state_change] from_state=SCANNING | to_state=CLAIM_FOUND
2026-07-24 06:36:08 [INFO] [state_change] from_state=CLAIM_FOUND | to_state=CLICK_CLAIM
2026-07-24 06:36:09 [INFO] [claim_cell_clicked] row_id=0 | x=1169 | y=619
2026-07-24 06:36:09 [INFO] [state_change] from_state=CLICK_CLAIM | to_state=WAIT_USERNAME
2026-07-24 06:36:11 [INFO] [claim_verified] y_key=616 | cell_text=phan | elapsed_s=1.707
2026-07-24 06:36:11 [INFO] [state_change] from_state=WAIT_USERNAME | to_state=CLAIM_SUCCESS
2026-07-24 06:36:11 [INFO] [select_clicked] y_key=616 | x=1316 | y=619
2026-07-24 06:36:12 [INFO] [state_change] from_state=CLAIM_SUCCESS | to_state=CLICK_SELECT
2026-07-24 06:36:12 [INFO] [state_change] from_state=CLICK_SELECT | to_state=CLICK_CONNECT
2026-07-24 06:36:13 [INFO] [connect_clicked] y_key=616 | x=763 | y=104
2026-07-24 06:36:13 [INFO] [state_change] from_state=CLICK_CONNECT | to_state=CONNECTED
2026-07-24 06:36:13 [INFO] ✓ Connected! Waiting 1000ms then entering STOPPED state.
2026-07-24 06:36:14 [INFO] [state_change] from_state=CONNECTED | to_state=STOPPED
2026-07-24 07:07:17 [INFO] Clean exit requested (ESC).
2026-07-24 07:07:18 [INFO] WorkflowEngine shut down cleanly.
2026-07-24 07:19:21 [INFO] System Tray initialized. Application is running in the background.
2026-07-24 07:19:21 [INFO] All sub-systems initialised.
2026-07-24 07:19:21 [INFO] [state_change] from_state=IDLE | to_state=SCANNING
2026-07-24 07:19:21 [INFO] WorkflowEngine started — user='phan'  table={'left': 53, 'top': 601, 'width': 1484, 'height': 290}
2026-07-24 07:19:25 [INFO] [loop_tick] state=SCANNING | rows=6 | claims=0
2026-07-24 07:19:25 [INFO] [row_detected] total_rows=5 | claim_rows=[1]
2026-07-24 07:19:25 [INFO] [claim_found] row_id=1 | text=CLAIM | confidence=0.999 | claim_cell=(1169, 649)
2026-07-24 07:19:25 [INFO] [state_change] from_state=SCANNING | to_state=CLAIM_FOUND
2026-07-24 07:19:25 [INFO] [state_change] from_state=CLAIM_FOUND | to_state=CLICK_CLAIM
2026-07-24 07:19:26 [INFO] [claim_cell_clicked] row_id=1 | x=1169 | y=649
2026-07-24 07:19:26 [INFO] [state_change] from_state=CLICK_CLAIM | to_state=WAIT_USERNAME
2026-07-24 07:19:28 [INFO] [claim_verified] y_key=648 | cell_text=phan | elapsed_s=2.109
2026-07-24 07:19:28 [INFO] [state_change] from_state=WAIT_USERNAME | to_state=CLAIM_SUCCESS
2026-07-24 07:19:29 [INFO] [select_clicked] y_key=648 | x=1316 | y=649
2026-07-24 07:19:30 [INFO] [state_change] from_state=CLAIM_SUCCESS | to_state=CLICK_SELECT
2026-07-24 07:19:30 [INFO] [state_change] from_state=CLICK_SELECT | to_state=CLICK_CONNECT
2026-07-24 07:19:31 [INFO] [connect_clicked] y_key=648 | x=763 | y=104
2026-07-24 07:19:31 [INFO] [state_change] from_state=CLICK_CONNECT | to_state=CONNECTED
2026-07-24 07:19:31 [INFO] ✓ Connected! Waiting 1000ms then entering STOPPED state.
2026-07-24 07:19:32 [INFO] [state_change] from_state=CONNECTED | to_state=STOPPED
2026-07-24 07:27:14 [INFO] Clean exit requested (ESC).
2026-07-24 07:27:14 [INFO] WorkflowEngine shut down cleanly.
2026-07-24 07:53:11 [INFO] System Tray initialized. Application is running in the background.
2026-07-24 07:53:11 [INFO] All sub-systems initialised.
2026-07-24 07:53:11 [INFO] [state_change] from_state=IDLE | to_state=SCANNING
2026-07-24 07:53:11 [INFO] WorkflowEngine started — user='phan'  table={'left': 53, 'top': 601, 'width': 1484, 'height': 290}
2026-07-24 07:53:15 [INFO] [loop_tick] state=SCANNING | rows=2 | claims=0
2026-07-24 07:53:15 [INFO] [loop_tick] state=SCANNING | rows=2 | claims=0
2026-07-24 07:53:16 [INFO] [loop_tick] state=SCANNING | rows=2 | claims=0
2026-07-24 07:53:18 [INFO] [loop_tick] state=SCANNING | rows=2 | claims=0
2026-07-24 07:53:20 [INFO] [loop_tick] state=SCANNING | rows=2 | claims=0
2026-07-24 07:53:23 [INFO] [loop_tick] state=SCANNING | rows=2 | claims=0
2026-07-24 07:53:25 [INFO] [loop_tick] state=SCANNING | rows=2 | claims=0
2026-07-24 07:53:28 [INFO] [loop_tick] state=SCANNING | rows=2 | claims=0
2026-07-24 07:53:30 [INFO] [loop_tick] state=SCANNING | rows=2 | claims=0
2026-07-24 07:53:33 [INFO] [loop_tick] state=SCANNING | rows=2 | claims=0
2026-07-24 07:53:35 [INFO] [loop_tick] state=SCANNING | rows=2 | claims=0
2026-07-24 07:53:37 [INFO] [loop_tick] state=SCANNING | rows=2 | claims=0
2026-07-24 07:53:39 [INFO] [loop_tick] state=SCANNING | rows=1 | claims=0
2026-07-24 07:53:42 [INFO] [row_detected] total_rows=2 | claim_rows=[0]
2026-07-24 07:53:42 [INFO] [claim_found] row_id=0 | text=CLAIM | confidence=0.999 | claim_cell=(1169, 619)
2026-07-24 07:53:42 [INFO] [state_change] from_state=SCANNING | to_state=CLAIM_FOUND
2026-07-24 07:53:42 [INFO] [state_change] from_state=CLAIM_FOUND | to_state=CLICK_CLAIM
2026-07-24 07:53:42 [INFO] [claim_cell_clicked] row_id=0 | x=1169 | y=619
2026-07-24 07:53:42 [INFO] [state_change] from_state=CLICK_CLAIM | to_state=WAIT_USERNAME
2026-07-24 07:53:44 [INFO] [claim_verified] y_key=616 | cell_text=phan | elapsed_s=1.406
2026-07-24 07:53:44 [INFO] [state_change] from_state=WAIT_USERNAME | to_state=CLAIM_SUCCESS
2026-07-24 07:53:44 [INFO] [select_clicked] y_key=616 | x=1316 | y=619
2026-07-24 07:53:45 [INFO] [state_change] from_state=CLAIM_SUCCESS | to_state=CLICK_SELECT
2026-07-24 07:53:45 [INFO] [state_change] from_state=CLICK_SELECT | to_state=CLICK_CONNECT
2026-07-24 07:53:46 [INFO] [connect_clicked] y_key=616 | x=763 | y=104
2026-07-24 07:53:46 [INFO] [state_change] from_state=CLICK_CONNECT | to_state=CONNECTED
2026-07-24 07:53:46 [INFO] ✓ Connected! Waiting 1000ms then entering STOPPED state.
2026-07-24 07:53:47 [INFO] [state_change] from_state=CONNECTED | to_state=STOPPED
2026-07-24 08:07:43 [INFO] Automation ENABLED (F8)
2026-07-24 08:07:43 [INFO] [state_change] from_state=STOPPED | to_state=SCANNING
2026-07-24 08:07:43 [INFO] [loop_tick] state=SCANNING | rows=4 | claims=0
2026-07-24 08:07:43 [INFO] [loop_tick] state=SCANNING | rows=4 | claims=0
2026-07-24 08:07:43 [INFO] Automation DISABLED (F8)
2026-07-24 08:07:43 [INFO] [state_change] from_state=SCANNING | to_state=STOPPED
2026-07-24 08:07:44 [INFO] Automation ENABLED (F8)
2026-07-24 08:07:44 [INFO] [state_change] from_state=STOPPED | to_state=SCANNING
2026-07-24 08:07:45 [INFO] [loop_tick] state=SCANNING | rows=4 | claims=0
2026-07-24 08:07:48 [INFO] [row_detected] total_rows=5 | claim_rows=[0]
2026-07-24 08:07:48 [INFO] [claim_found] row_id=0 | text=CLAIM | confidence=0.999 | claim_cell=(1169, 619)
2026-07-24 08:07:48 [INFO] [state_change] from_state=SCANNING | to_state=CLAIM_FOUND
2026-07-24 08:07:48 [INFO] [state_change] from_state=CLAIM_FOUND | to_state=CLICK_CLAIM
2026-07-24 08:07:49 [INFO] [claim_cell_clicked] row_id=0 | x=1169 | y=619
2026-07-24 08:07:49 [INFO] [state_change] from_state=CLICK_CLAIM | to_state=WAIT_USERNAME
2026-07-24 08:07:51 [INFO] [claim_verified] y_key=616 | cell_text=phan | elapsed_s=1.405
2026-07-24 08:07:51 [INFO] [state_change] from_state=WAIT_USERNAME | to_state=CLAIM_SUCCESS
2026-07-24 08:07:51 [INFO] [select_clicked] y_key=616 | x=1316 | y=619
2026-07-24 08:07:52 [INFO] [state_change] from_state=CLAIM_SUCCESS | to_state=CLICK_SELECT
2026-07-24 08:07:52 [INFO] [state_change] from_state=CLICK_SELECT | to_state=CLICK_CONNECT
2026-07-24 08:07:53 [INFO] [connect_clicked] y_key=616 | x=763 | y=104
2026-07-24 08:07:53 [INFO] [state_change] from_state=CLICK_CONNECT | to_state=CONNECTED
2026-07-24 08:07:53 [INFO] ✓ Connected! Waiting 1000ms then entering STOPPED state.
2026-07-24 08:07:54 [INFO] [state_change] from_state=CONNECTED | to_state=STOPPED
2026-07-24 08:19:07 [INFO] Clean exit requested (ESC).
2026-07-24 08:19:08 [INFO] WorkflowEngine shut down cleanly.
2026-07-24 10:21:48 [INFO] System Tray initialized. Application is running in the background.
2026-07-24 10:21:48 [INFO] All sub-systems initialised.
2026-07-24 10:21:48 [INFO] [state_change] from_state=IDLE | to_state=SCANNING
2026-07-24 10:21:48 [INFO] WorkflowEngine started — user='phan'  table={'left': 53, 'top': 601, 'width': 1484, 'height': 290}
2026-07-24 10:21:52 [INFO] [loop_tick] state=SCANNING | rows=5 | claims=0
2026-07-24 10:21:52 [INFO] [loop_tick] state=SCANNING | rows=4 | claims=0
2026-07-24 10:21:53 [INFO] [loop_tick] state=SCANNING | rows=4 | claims=0
2026-07-24 10:21:56 [INFO] [loop_tick] state=SCANNING | rows=4 | claims=0
2026-07-24 10:21:58 [INFO] [loop_tick] state=SCANNING | rows=4 | claims=0
2026-07-24 10:22:00 [INFO] [loop_tick] state=SCANNING | rows=4 | claims=0
2026-07-24 10:22:02 [INFO] [loop_tick] state=SCANNING | rows=4 | claims=0
2026-07-24 10:22:05 [INFO] [loop_tick] state=SCANNING | rows=4 | claims=0
2026-07-24 10:22:07 [INFO] [loop_tick] state=SCANNING | rows=3 | claims=0
2026-07-24 10:22:09 [INFO] [row_detected] total_rows=2 | claim_rows=[0]
2026-07-24 10:22:10 [INFO] [claim_found] row_id=0 | text=CLAIM | confidence=0.995 | claim_cell=(1168, 619)
2026-07-24 10:22:10 [INFO] [state_change] from_state=SCANNING | to_state=CLAIM_FOUND
2026-07-24 10:22:10 [INFO] [state_change] from_state=CLAIM_FOUND | to_state=CLICK_CLAIM
2026-07-24 10:22:10 [INFO] [claim_cell_clicked] row_id=0 | x=1168 | y=619
2026-07-24 10:22:10 [INFO] [state_change] from_state=CLICK_CLAIM | to_state=WAIT_USERNAME
2026-07-24 10:22:12 [WARNING] Cell shows 'daramole' (not pending and not 'PHAN') — claimed by someone else.
2026-07-24 10:22:12 [INFO] [claim_stolen] y_key=616 | cell_text=daramole
2026-07-24 10:22:12 [INFO] [state_change] from_state=WAIT_USERNAME | to_state=SCANNING
2026-07-24 10:22:12 [INFO] [loop_tick] state=SCANNING | rows=1 | claims=0
2026-07-24 10:22:14 [INFO] [loop_tick] state=SCANNING | rows=1 | claims=0
2026-07-24 10:22:16 [INFO] [loop_tick] state=SCANNING | rows=1 | claims=0
2026-07-24 10:22:19 [INFO] [loop_tick] state=SCANNING | rows=1 | claims=0
2026-07-24 10:22:44 [INFO] [row_detected] total_rows=1 | claim_rows=[0]
2026-07-24 10:22:46 [INFO] [row_detected] total_rows=1 | claim_rows=[0]
2026-07-24 10:22:48 [INFO] [row_detected] total_rows=1 | claim_rows=[0]
2026-07-24 10:22:50 [INFO] [row_detected] total_rows=1 | claim_rows=[0]
2026-07-24 10:22:50 [INFO] [loop_tick] state=SCANNING | rows=1 | claims=0
2026-07-24 10:22:50 [INFO] [loop_tick] state=SCANNING | rows=1 | claims=0
2026-07-24 10:22:50 [INFO] [loop_tick] state=SCANNING | rows=1 | claims=0
2026-07-24 10:22:50 [INFO] [loop_tick] state=SCANNING | rows=1 | claims=0
2026-07-24 10:22:50 [INFO] [loop_tick] state=SCANNING | rows=1 | claims=0
2026-07-24 10:22:51 [INFO] [loop_tick] state=SCANNING | rows=1 | claims=0
2026-07-24 10:22:52 [INFO] [loop_tick] state=SCANNING | rows=1 | claims=0
2026-07-24 10:22:54 [INFO] Automation DISABLED (F8)
2026-07-24 10:22:54 [INFO] [state_change] from_state=SCANNING | to_state=STOPPED
2026-07-24 10:22:54 [INFO] Automation ENABLED (F8)
2026-07-24 10:22:54 [INFO] [state_change] from_state=STOPPED | to_state=SCANNING
2026-07-24 10:22:54 [INFO] [loop_tick] state=SCANNING | rows=1 | claims=0
2026-07-24 10:22:55 [INFO] Automation DISABLED (F8)
2026-07-24 10:22:55 [INFO] [state_change] from_state=SCANNING | to_state=STOPPED
2026-07-24 12:11:59 [INFO] Clean exit requested (ESC).
2026-07-24 12:11:59 [INFO] WorkflowEngine shut down cleanly.
