2026-07-22 06:52:13 [INFO] System Tray initialized. Application is running in the background.
2026-07-22 06:52:14 [INFO] All sub-systems initialised.
2026-07-22 06:52:14 [INFO] [state_change] from_state=IDLE | to_state=SCANNING
2026-07-22 06:52:14 [INFO] WorkflowEngine started — user='phan'  table={'left': 53, 'top': 601, 'width': 1484, 'height': 290}
2026-07-22 06:52:20 [INFO] Automation DISABLED (F8)
2026-07-22 06:52:25 [INFO] [loop_tick] state=SCANNING | rows=2 | claims=0
2026-07-22 06:52:25 [INFO] [state_change] from_state=SCANNING | to_state=STOPPED
2026-07-22 06:56:34 [INFO] Automation ENABLED (F8)
2026-07-22 06:56:34 [INFO] [state_change] from_state=STOPPED | to_state=SCANNING
2026-07-22 06:56:34 [INFO] [loop_tick] state=SCANNING | rows=3 | claims=0
2026-07-22 06:56:34 [INFO] [loop_tick] state=SCANNING | rows=5 | claims=0
2026-07-22 06:56:34 [INFO] [loop_tick] state=SCANNING | rows=4 | claims=0
2026-07-22 06:56:35 [INFO] [loop_tick] state=SCANNING | rows=4 | claims=0
2026-07-22 06:56:35 [INFO] [loop_tick] state=SCANNING | rows=4 | claims=0
2026-07-22 06:56:35 [INFO] [loop_tick] state=SCANNING | rows=4 | claims=0
2026-07-22 06:56:35 [INFO] [loop_tick] state=SCANNING | rows=4 | claims=0
2026-07-22 06:56:35 [INFO] [loop_tick] state=SCANNING | rows=2 | claims=0
2026-07-22 06:56:35 [INFO] [loop_tick] state=SCANNING | rows=2 | claims=0
2026-07-22 06:56:35 [INFO] [loop_tick] state=SCANNING | rows=1 | claims=0
2026-07-22 06:56:35 [INFO] [loop_tick] state=SCANNING | rows=2 | claims=0
2026-07-22 06:56:36 [INFO] [loop_tick] state=SCANNING | rows=3 | claims=0
2026-07-22 06:56:36 [INFO] [loop_tick] state=SCANNING | rows=3 | claims=0
2026-07-22 06:56:36 [INFO] [loop_tick] state=SCANNING | rows=2 | claims=0
2026-07-22 06:56:36 [INFO] [loop_tick] state=SCANNING | rows=2 | claims=0
2026-07-22 06:56:36 [INFO] [loop_tick] state=SCANNING | rows=3 | claims=0
2026-07-22 06:56:36 [INFO] [loop_tick] state=SCANNING | rows=5 | claims=0
2026-07-22 06:56:36 [INFO] [loop_tick] state=SCANNING | rows=4 | claims=0
2026-07-22 06:56:36 [INFO] [loop_tick] state=SCANNING | rows=4 | claims=0
2026-07-22 06:56:37 [INFO] [loop_tick] state=SCANNING | rows=4 | claims=0
2026-07-22 06:56:37 [INFO] [loop_tick] state=SCANNING | rows=1 | claims=0
2026-07-22 06:56:37 [INFO] [loop_tick] state=SCANNING | rows=2 | claims=0
2026-07-22 06:56:37 [INFO] [loop_tick] state=SCANNING | rows=3 | claims=0
2026-07-22 06:56:37 [INFO] [loop_tick] state=SCANNING | rows=5 | claims=0
2026-07-22 06:56:37 [INFO] [loop_tick] state=SCANNING | rows=4 | claims=0
2026-07-22 06:56:37 [INFO] [loop_tick] state=SCANNING | rows=4 | claims=0
2026-07-22 06:56:38 [INFO] [loop_tick] state=SCANNING | rows=3 | claims=0
2026-07-22 06:56:38 [INFO] [loop_tick] state=SCANNING | rows=2 | claims=0
2026-07-22 06:56:38 [INFO] [loop_tick] state=SCANNING | rows=3 | claims=0
2026-07-22 06:56:38 [INFO] [loop_tick] state=SCANNING | rows=4 | claims=0
2026-07-22 06:56:38 [INFO] [loop_tick] state=SCANNING | rows=4 | claims=0
2026-07-22 06:56:38 [INFO] [loop_tick] state=SCANNING | rows=6 | claims=0
2026-07-22 06:56:41 [INFO] [loop_tick] state=SCANNING | rows=6 | claims=0
2026-07-22 06:56:41 [INFO] [loop_tick] state=SCANNING | rows=4 | claims=0
2026-07-22 06:56:41 [INFO] [loop_tick] state=SCANNING | rows=2 | claims=0
2026-07-22 06:56:41 [INFO] [loop_tick] state=SCANNING | rows=2 | claims=0
2026-07-22 06:56:43 [INFO] [loop_tick] state=SCANNING | rows=4 | claims=0
2026-07-22 06:56:43 [INFO] [loop_tick] state=SCANNING | rows=4 | claims=0
2026-07-22 06:56:43 [INFO] [loop_tick] state=SCANNING | rows=5 | claims=0
2026-07-22 06:56:43 [INFO] [loop_tick] state=SCANNING | rows=3 | claims=0
2026-07-22 06:56:44 [INFO] [loop_tick] state=SCANNING | rows=5 | claims=0
2026-07-22 06:56:44 [INFO] [loop_tick] state=SCANNING | rows=3 | claims=0
2026-07-22 06:56:44 [INFO] [loop_tick] state=SCANNING | rows=4 | claims=0
2026-07-22 06:56:44 [INFO] [loop_tick] state=SCANNING | rows=3 | claims=0
2026-07-22 06:56:44 [INFO] [loop_tick] state=SCANNING | rows=4 | claims=0
2026-07-22 06:56:44 [INFO] [loop_tick] state=SCANNING | rows=3 | claims=0
2026-07-22 06:56:44 [INFO] [loop_tick] state=SCANNING | rows=4 | claims=0
2026-07-22 06:56:45 [INFO] [loop_tick] state=SCANNING | rows=4 | claims=0
2026-07-22 06:56:45 [INFO] [loop_tick] state=SCANNING | rows=5 | claims=0
2026-07-22 06:56:45 [INFO] [loop_tick] state=SCANNING | rows=3 | claims=0
2026-07-22 06:56:45 [INFO] [loop_tick] state=SCANNING | rows=4 | claims=0
2026-07-22 06:56:45 [INFO] [loop_tick] state=SCANNING | rows=5 | claims=0
2026-07-22 06:56:45 [INFO] [loop_tick] state=SCANNING | rows=5 | claims=0
2026-07-22 06:56:45 [INFO] [loop_tick] state=SCANNING | rows=4 | claims=0
2026-07-22 06:56:45 [INFO] [loop_tick] state=SCANNING | rows=4 | claims=0
2026-07-22 06:56:46 [INFO] [loop_tick] state=SCANNING | rows=5 | claims=0
2026-07-22 06:56:46 [INFO] [loop_tick] state=SCANNING | rows=5 | claims=0
2026-07-22 06:56:46 [INFO] [loop_tick] state=SCANNING | rows=5 | claims=0
2026-07-22 06:56:46 [INFO] [loop_tick] state=SCANNING | rows=4 | claims=0
2026-07-22 06:56:46 [INFO] [loop_tick] state=SCANNING | rows=5 | claims=0
2026-07-22 06:56:46 [INFO] [loop_tick] state=SCANNING | rows=4 | claims=0
2026-07-22 06:56:46 [INFO] [loop_tick] state=SCANNING | rows=5 | claims=0
2026-07-22 06:56:47 [INFO] [loop_tick] state=SCANNING | rows=5 | claims=0
2026-07-22 06:56:47 [INFO] [loop_tick] state=SCANNING | rows=5 | claims=0
2026-07-22 06:56:47 [INFO] [loop_tick] state=SCANNING | rows=4 | claims=0
2026-07-22 06:56:47 [INFO] [loop_tick] state=SCANNING | rows=6 | claims=0
2026-07-22 06:56:47 [INFO] [loop_tick] state=SCANNING | rows=5 | claims=0
2026-07-22 06:56:47 [INFO] [loop_tick] state=SCANNING | rows=3 | claims=0
2026-07-22 06:56:47 [INFO] [loop_tick] state=SCANNING | rows=4 | claims=0
2026-07-22 06:56:48 [INFO] [loop_tick] state=SCANNING | rows=4 | claims=0
2026-07-22 06:56:48 [INFO] [loop_tick] state=SCANNING | rows=6 | claims=0
2026-07-22 06:56:48 [INFO] [loop_tick] state=SCANNING | rows=4 | claims=0
2026-07-22 06:56:48 [INFO] [loop_tick] state=SCANNING | rows=5 | claims=0
2026-07-22 06:56:48 [INFO] [loop_tick] state=SCANNING | rows=6 | claims=0
2026-07-22 06:56:48 [INFO] [loop_tick] state=SCANNING | rows=4 | claims=0
2026-07-22 06:56:48 [INFO] [loop_tick] state=SCANNING | rows=6 | claims=0
2026-07-22 06:56:49 [INFO] [loop_tick] state=SCANNING | rows=3 | claims=0
2026-07-22 06:56:49 [INFO] [loop_tick] state=SCANNING | rows=1 | claims=0
2026-07-22 06:56:49 [INFO] [loop_tick] state=SCANNING | rows=4 | claims=0
2026-07-22 06:56:49 [INFO] [loop_tick] state=SCANNING | rows=3 | claims=0
2026-07-22 06:56:49 [INFO] [loop_tick] state=SCANNING | rows=1 | claims=0
2026-07-22 06:56:49 [INFO] [loop_tick] state=SCANNING | rows=1 | claims=0
2026-07-22 06:56:49 [INFO] [loop_tick] state=SCANNING | rows=1 | claims=0
2026-07-22 06:56:50 [INFO] [loop_tick] state=SCANNING | rows=2 | claims=0
2026-07-22 06:56:50 [INFO] [loop_tick] state=SCANNING | rows=4 | claims=0
2026-07-22 06:56:50 [INFO] [loop_tick] state=SCANNING | rows=3 | claims=0
2026-07-22 06:56:50 [INFO] [loop_tick] state=SCANNING | rows=5 | claims=0
2026-07-22 06:56:50 [INFO] [loop_tick] state=SCANNING | rows=2 | claims=0
2026-07-22 06:56:50 [INFO] [loop_tick] state=SCANNING | rows=2 | claims=0
2026-07-22 06:56:51 [INFO] [loop_tick] state=SCANNING | rows=2 | claims=0
2026-07-22 06:56:51 [INFO] [loop_tick] state=SCANNING | rows=2 | claims=0
2026-07-22 06:56:51 [INFO] [loop_tick] state=SCANNING | rows=2 | claims=0
2026-07-22 06:56:51 [INFO] [loop_tick] state=SCANNING | rows=2 | claims=0
2026-07-22 06:56:51 [INFO] [loop_tick] state=SCANNING | rows=2 | claims=0
2026-07-22 06:56:51 [INFO] [loop_tick] state=SCANNING | rows=2 | claims=0
2026-07-22 06:56:52 [INFO] [loop_tick] state=SCANNING | rows=2 | claims=0
2026-07-22 06:56:52 [INFO] [loop_tick] state=SCANNING | rows=2 | claims=0
2026-07-22 06:56:52 [INFO] [loop_tick] state=SCANNING | rows=2 | claims=0
2026-07-22 06:56:52 [INFO] [loop_tick] state=SCANNING | rows=2 | claims=0
2026-07-22 06:56:52 [INFO] [loop_tick] state=SCANNING | rows=2 | claims=0
2026-07-22 06:56:53 [INFO] [loop_tick] state=SCANNING | rows=2 | claims=0
2026-07-22 06:56:53 [INFO] [loop_tick] state=SCANNING | rows=2 | claims=0
2026-07-22 06:56:53 [INFO] [loop_tick] state=SCANNING | rows=1 | claims=0
2026-07-22 06:56:53 [INFO] [loop_tick] state=SCANNING | rows=1 | claims=0
2026-07-22 06:56:53 [INFO] [loop_tick] state=SCANNING | rows=1 | claims=0
2026-07-22 06:56:53 [INFO] [loop_tick] state=SCANNING | rows=1 | claims=0
2026-07-22 06:56:53 [INFO] [loop_tick] state=SCANNING | rows=1 | claims=0
2026-07-22 06:56:53 [INFO] [loop_tick] state=SCANNING | rows=1 | claims=0
2026-07-22 06:56:54 [INFO] [loop_tick] state=SCANNING | rows=2 | claims=0
2026-07-22 06:56:54 [INFO] [loop_tick] state=SCANNING | rows=2 | claims=0
2026-07-22 06:56:54 [INFO] [loop_tick] state=SCANNING | rows=2 | claims=0
2026-07-22 06:56:54 [INFO] [loop_tick] state=SCANNING | rows=2 | claims=0
2026-07-22 06:56:54 [INFO] [loop_tick] state=SCANNING | rows=2 | claims=0
2026-07-22 06:56:55 [INFO] [loop_tick] state=SCANNING | rows=2 | claims=0
2026-07-22 06:56:55 [INFO] [loop_tick] state=SCANNING | rows=2 | claims=0
2026-07-22 06:56:55 [INFO] [loop_tick] state=SCANNING | rows=2 | claims=0
2026-07-22 06:56:55 [INFO] [loop_tick] state=SCANNING | rows=2 | claims=0
2026-07-22 06:56:55 [INFO] [loop_tick] state=SCANNING | rows=2 | claims=0
2026-07-22 06:56:56 [INFO] [loop_tick] state=SCANNING | rows=2 | claims=0
2026-07-22 06:56:56 [INFO] [loop_tick] state=SCANNING | rows=2 | claims=0
2026-07-22 06:56:56 [INFO] [loop_tick] state=SCANNING | rows=2 | claims=0
2026-07-22 06:56:56 [INFO] [loop_tick] state=SCANNING | rows=2 | claims=0
2026-07-22 06:56:56 [INFO] [loop_tick] state=SCANNING | rows=2 | claims=0
2026-07-22 06:56:57 [INFO] [loop_tick] state=SCANNING | rows=2 | claims=0
2026-07-22 06:56:57 [INFO] [loop_tick] state=SCANNING | rows=2 | claims=0
2026-07-22 06:56:57 [INFO] [loop_tick] state=SCANNING | rows=2 | claims=0
2026-07-22 06:56:58 [INFO] [loop_tick] state=SCANNING | rows=2 | claims=0
2026-07-22 06:56:58 [INFO] [loop_tick] state=SCANNING | rows=2 | claims=0
2026-07-22 06:56:58 [INFO] [loop_tick] state=SCANNING | rows=2 | claims=0
2026-07-22 06:56:58 [INFO] [loop_tick] state=SCANNING | rows=2 | claims=0
2026-07-22 06:56:58 [INFO] [loop_tick] state=SCANNING | rows=2 | claims=0
2026-07-22 06:56:59 [INFO] [loop_tick] state=SCANNING | rows=2 | claims=0
2026-07-22 06:56:59 [INFO] [loop_tick] state=SCANNING | rows=2 | claims=0
2026-07-22 06:56:59 [INFO] [loop_tick] state=SCANNING | rows=2 | claims=0
2026-07-22 06:56:59 [INFO] [loop_tick] state=SCANNING | rows=2 | claims=0
2026-07-22 06:56:59 [INFO] [loop_tick] state=SCANNING | rows=1 | claims=0
2026-07-22 06:56:59 [INFO] [loop_tick] state=SCANNING | rows=1 | claims=0
2026-07-22 06:57:00 [INFO] [loop_tick] state=SCANNING | rows=1 | claims=0
2026-07-22 06:57:00 [INFO] [loop_tick] state=SCANNING | rows=1 | claims=0
2026-07-22 06:57:00 [INFO] [loop_tick] state=SCANNING | rows=1 | claims=0
2026-07-22 06:57:00 [INFO] [loop_tick] state=SCANNING | rows=2 | claims=0
2026-07-22 06:57:01 [INFO] [loop_tick] state=SCANNING | rows=2 | claims=0
2026-07-22 06:57:01 [INFO] [loop_tick] state=SCANNING | rows=2 | claims=0
2026-07-22 06:57:01 [INFO] [loop_tick] state=SCANNING | rows=5 | claims=0
2026-07-22 06:57:01 [INFO] [loop_tick] state=SCANNING | rows=1 | claims=0
2026-07-22 06:57:01 [INFO] [loop_tick] state=SCANNING | rows=2 | claims=0
2026-07-22 06:57:01 [INFO] [loop_tick] state=SCANNING | rows=5 | claims=0
2026-07-22 06:57:02 [INFO] [loop_tick] state=SCANNING | rows=5 | claims=0
2026-07-22 06:57:02 [INFO] [loop_tick] state=SCANNING | rows=5 | claims=0
2026-07-22 06:57:02 [INFO] [loop_tick] state=SCANNING | rows=3 | claims=0
2026-07-22 06:57:02 [INFO] [loop_tick] state=SCANNING | rows=5 | claims=0
2026-07-22 06:57:02 [INFO] [loop_tick] state=SCANNING | rows=3 | claims=0
2026-07-22 06:57:02 [INFO] [loop_tick] state=SCANNING | rows=4 | claims=0
2026-07-22 06:57:03 [INFO] [loop_tick] state=SCANNING | rows=2 | claims=0
2026-07-22 06:57:03 [INFO] [loop_tick] state=SCANNING | rows=3 | claims=0
2026-07-22 06:57:03 [INFO] [loop_tick] state=SCANNING | rows=2 | claims=0
2026-07-22 06:57:03 [INFO] [loop_tick] state=SCANNING | rows=3 | claims=0
2026-07-22 06:57:03 [INFO] [loop_tick] state=SCANNING | rows=3 | claims=0
2026-07-22 06:57:04 [INFO] [loop_tick] state=SCANNING | rows=4 | claims=0
2026-07-22 06:57:04 [INFO] [loop_tick] state=SCANNING | rows=4 | claims=0
2026-07-22 06:57:04 [INFO] [loop_tick] state=SCANNING | rows=3 | claims=0
2026-07-22 06:57:04 [INFO] [loop_tick] state=SCANNING | rows=3 | claims=0
2026-07-22 06:57:04 [INFO] [loop_tick] state=SCANNING | rows=5 | claims=0
2026-07-22 06:57:05 [INFO] [loop_tick] state=SCANNING | rows=2 | claims=0
2026-07-22 06:57:05 [INFO] [loop_tick] state=SCANNING | rows=1 | claims=0
2026-07-22 06:57:05 [INFO] [loop_tick] state=SCANNING | rows=4 | claims=0
2026-07-22 06:57:05 [INFO] [loop_tick] state=SCANNING | rows=1 | claims=0
2026-07-22 06:57:05 [INFO] [loop_tick] state=SCANNING | rows=2 | claims=0
2026-07-22 06:57:05 [INFO] [loop_tick] state=SCANNING | rows=2 | claims=0
2026-07-22 06:57:06 [INFO] [loop_tick] state=SCANNING | rows=2 | claims=0
2026-07-22 06:57:06 [INFO] [loop_tick] state=SCANNING | rows=2 | claims=0
2026-07-22 06:57:06 [INFO] [loop_tick] state=SCANNING | rows=2 | claims=0
2026-07-22 06:57:06 [INFO] [loop_tick] state=SCANNING | rows=2 | claims=0
2026-07-22 06:57:06 [INFO] [loop_tick] state=SCANNING | rows=2 | claims=0
2026-07-22 06:57:06 [INFO] [loop_tick] state=SCANNING | rows=2 | claims=0
2026-07-22 06:57:06 [INFO] [loop_tick] state=SCANNING | rows=2 | claims=0
2026-07-22 06:57:06 [INFO] [loop_tick] state=SCANNING | rows=2 | claims=0
2026-07-22 06:57:07 [INFO] [loop_tick] state=SCANNING | rows=2 | claims=0
2026-07-22 06:57:07 [INFO] [loop_tick] state=SCANNING | rows=2 | claims=0
2026-07-22 06:57:07 [INFO] [loop_tick] state=SCANNING | rows=2 | claims=0
2026-07-22 06:57:07 [INFO] [loop_tick] state=SCANNING | rows=2 | claims=0
2026-07-22 06:57:07 [INFO] [loop_tick] state=SCANNING | rows=3 | claims=0
2026-07-22 06:57:08 [INFO] [loop_tick] state=SCANNING | rows=3 | claims=0
2026-07-22 06:57:08 [INFO] [loop_tick] state=SCANNING | rows=3 | claims=0
2026-07-22 06:57:08 [INFO] [loop_tick] state=SCANNING | rows=4 | claims=0
2026-07-22 06:57:08 [INFO] [loop_tick] state=SCANNING | rows=5 | claims=0
2026-07-22 06:57:08 [INFO] [loop_tick] state=SCANNING | rows=3 | claims=0
2026-07-22 06:57:09 [INFO] [loop_tick] state=SCANNING | rows=4 | claims=0
2026-07-22 06:57:09 [INFO] [loop_tick] state=SCANNING | rows=4 | claims=0
2026-07-22 06:57:09 [INFO] [loop_tick] state=SCANNING | rows=4 | claims=0
2026-07-22 06:57:09 [INFO] [loop_tick] state=SCANNING | rows=6 | claims=0
2026-07-22 06:57:09 [INFO] [loop_tick] state=SCANNING | rows=4 | claims=0
2026-07-22 06:57:10 [INFO] [loop_tick] state=SCANNING | rows=5 | claims=0
2026-07-22 06:57:10 [INFO] [loop_tick] state=SCANNING | rows=5 | claims=0
2026-07-22 06:57:10 [INFO] [loop_tick] state=SCANNING | rows=4 | claims=0
2026-07-22 06:57:10 [INFO] [loop_tick] state=SCANNING | rows=4 | claims=0
2026-07-22 06:57:10 [INFO] [loop_tick] state=SCANNING | rows=3 | claims=0
2026-07-22 06:57:10 [INFO] [loop_tick] state=SCANNING | rows=4 | claims=0
2026-07-22 06:57:11 [INFO] [loop_tick] state=SCANNING | rows=5 | claims=0
2026-07-22 06:57:11 [INFO] [loop_tick] state=SCANNING | rows=2 | claims=0
2026-07-22 06:57:11 [INFO] [loop_tick] state=SCANNING | rows=2 | claims=0
2026-07-22 06:57:11 [INFO] [loop_tick] state=SCANNING | rows=2 | claims=0
2026-07-22 06:57:12 [INFO] [loop_tick] state=SCANNING | rows=2 | claims=0
2026-07-22 06:57:12 [INFO] [loop_tick] state=SCANNING | rows=2 | claims=0
2026-07-22 06:57:12 [INFO] [loop_tick] state=SCANNING | rows=2 | claims=0
2026-07-22 06:57:12 [INFO] [loop_tick] state=SCANNING | rows=2 | claims=0
2026-07-22 06:57:13 [INFO] [loop_tick] state=SCANNING | rows=2 | claims=0
2026-07-22 06:57:13 [INFO] [loop_tick] state=SCANNING | rows=2 | claims=0
2026-07-22 06:57:13 [INFO] [loop_tick] state=SCANNING | rows=2 | claims=0
2026-07-22 06:57:13 [INFO] [loop_tick] state=SCANNING | rows=2 | claims=0
2026-07-22 06:57:13 [INFO] [loop_tick] state=SCANNING | rows=2 | claims=0
2026-07-22 06:57:14 [INFO] [loop_tick] state=SCANNING | rows=2 | claims=0
2026-07-22 06:57:14 [INFO] [loop_tick] state=SCANNING | rows=2 | claims=0
2026-07-22 06:57:14 [INFO] [loop_tick] state=SCANNING | rows=2 | claims=0
2026-07-22 06:57:15 [INFO] [loop_tick] state=SCANNING | rows=2 | claims=0
2026-07-22 06:57:15 [INFO] [loop_tick] state=SCANNING | rows=2 | claims=0
2026-07-22 06:57:15 [INFO] [loop_tick] state=SCANNING | rows=2 | claims=0
2026-07-22 06:57:15 [INFO] [loop_tick] state=SCANNING | rows=2 | claims=0
2026-07-22 06:57:15 [INFO] [loop_tick] state=SCANNING | rows=2 | claims=0
2026-07-22 06:57:15 [INFO] [loop_tick] state=SCANNING | rows=2 | claims=0
2026-07-22 06:57:15 [INFO] [loop_tick] state=SCANNING | rows=2 | claims=0
2026-07-22 06:57:16 [INFO] [loop_tick] state=SCANNING | rows=2 | claims=0
2026-07-22 06:57:16 [INFO] [loop_tick] state=SCANNING | rows=2 | claims=0
2026-07-22 06:57:16 [INFO] [loop_tick] state=SCANNING | rows=1 | claims=0
2026-07-22 06:57:16 [INFO] [loop_tick] state=SCANNING | rows=1 | claims=0
2026-07-22 06:57:16 [INFO] [loop_tick] state=SCANNING | rows=1 | claims=0
2026-07-22 06:57:16 [INFO] [loop_tick] state=SCANNING | rows=2 | claims=0
2026-07-22 06:57:16 [INFO] [loop_tick] state=SCANNING | rows=2 | claims=0
2026-07-22 06:57:17 [INFO] [loop_tick] state=SCANNING | rows=2 | claims=0
2026-07-22 06:57:17 [INFO] [loop_tick] state=SCANNING | rows=2 | claims=0
2026-07-22 06:57:17 [INFO] [loop_tick] state=SCANNING | rows=2 | claims=0
2026-07-22 06:57:17 [INFO] [loop_tick] state=SCANNING | rows=2 | claims=0
2026-07-22 06:57:17 [INFO] [loop_tick] state=SCANNING | rows=2 | claims=0
2026-07-22 06:57:17 [INFO] [loop_tick] state=SCANNING | rows=2 | claims=0
2026-07-22 06:57:18 [INFO] [loop_tick] state=SCANNING | rows=2 | claims=0
2026-07-22 06:57:18 [INFO] [loop_tick] state=SCANNING | rows=2 | claims=0
2026-07-22 06:57:18 [INFO] [loop_tick] state=SCANNING | rows=2 | claims=0
2026-07-22 06:57:18 [INFO] [loop_tick] state=SCANNING | rows=2 | claims=0
2026-07-22 06:57:18 [INFO] [loop_tick] state=SCANNING | rows=2 | claims=0
2026-07-22 06:57:18 [INFO] [loop_tick] state=SCANNING | rows=2 | claims=0
2026-07-22 06:57:18 [INFO] [loop_tick] state=SCANNING | rows=2 | claims=0
2026-07-22 06:57:19 [INFO] [loop_tick] state=SCANNING | rows=2 | claims=0
2026-07-22 06:57:19 [INFO] [loop_tick] state=SCANNING | rows=2 | claims=0
2026-07-22 06:57:19 [INFO] [loop_tick] state=SCANNING | rows=2 | claims=0
2026-07-22 06:57:19 [INFO] [loop_tick] state=SCANNING | rows=2 | claims=0
2026-07-22 06:57:20 [INFO] [loop_tick] state=SCANNING | rows=2 | claims=0
2026-07-22 06:57:20 [INFO] [loop_tick] state=SCANNING | rows=2 | claims=0
2026-07-22 06:57:20 [INFO] [loop_tick] state=SCANNING | rows=2 | claims=0
2026-07-22 06:57:20 [INFO] [loop_tick] state=SCANNING | rows=2 | claims=0
2026-07-22 06:57:20 [INFO] [loop_tick] state=SCANNING | rows=2 | claims=0
2026-07-22 06:57:21 [INFO] [loop_tick] state=SCANNING | rows=2 | claims=0
2026-07-22 06:57:21 [INFO] [loop_tick] state=SCANNING | rows=2 | claims=0
2026-07-22 06:57:21 [INFO] [loop_tick] state=SCANNING | rows=2 | claims=0
2026-07-22 06:57:21 [INFO] [loop_tick] state=SCANNING | rows=2 | claims=0
2026-07-22 06:57:22 [INFO] [loop_tick] state=SCANNING | rows=2 | claims=0
2026-07-22 06:57:22 [INFO] [loop_tick] state=SCANNING | rows=2 | claims=0
2026-07-22 06:57:22 [INFO] [loop_tick] state=SCANNING | rows=2 | claims=0
2026-07-22 06:57:22 [INFO] [loop_tick] state=SCANNING | rows=2 | claims=0
2026-07-22 06:57:23 [INFO] [loop_tick] state=SCANNING | rows=2 | claims=0
2026-07-22 06:57:23 [INFO] [loop_tick] state=SCANNING | rows=1 | claims=0
2026-07-22 06:57:23 [INFO] [loop_tick] state=SCANNING | rows=1 | claims=0
2026-07-22 06:57:23 [INFO] [loop_tick] state=SCANNING | rows=2 | claims=0
2026-07-22 06:57:23 [INFO] [loop_tick] state=SCANNING | rows=2 | claims=0
2026-07-22 06:57:23 [INFO] [loop_tick] state=SCANNING | rows=2 | claims=0
2026-07-22 06:57:23 [INFO] [loop_tick] state=SCANNING | rows=2 | claims=0
2026-07-22 06:57:24 [INFO] [loop_tick] state=SCANNING | rows=1 | claims=0
2026-07-22 06:57:24 [INFO] [loop_tick] state=SCANNING | rows=1 | claims=0
2026-07-22 06:57:24 [INFO] [loop_tick] state=SCANNING | rows=2 | claims=0
2026-07-22 06:57:24 [INFO] [loop_tick] state=SCANNING | rows=2 | claims=0
2026-07-22 06:57:24 [INFO] [loop_tick] state=SCANNING | rows=2 | claims=0
2026-07-22 06:57:24 [INFO] [loop_tick] state=SCANNING | rows=2 | claims=0
2026-07-22 06:57:25 [INFO] [loop_tick] state=SCANNING | rows=2 | claims=0
2026-07-22 06:57:25 [INFO] [loop_tick] state=SCANNING | rows=2 | claims=0
2026-07-22 06:57:25 [INFO] [loop_tick] state=SCANNING | rows=2 | claims=0
2026-07-22 06:57:25 [INFO] [loop_tick] state=SCANNING | rows=2 | claims=0
2026-07-22 06:57:25 [INFO] [loop_tick] state=SCANNING | rows=2 | claims=0
2026-07-22 06:57:25 [INFO] [loop_tick] state=SCANNING | rows=2 | claims=0
2026-07-22 06:57:25 [INFO] [loop_tick] state=SCANNING | rows=2 | claims=0
2026-07-22 06:57:26 [INFO] [loop_tick] state=SCANNING | rows=2 | claims=0
2026-07-22 06:57:26 [INFO] [loop_tick] state=SCANNING | rows=2 | claims=0
2026-07-22 06:57:26 [INFO] [loop_tick] state=SCANNING | rows=2 | claims=0
2026-07-22 06:57:26 [INFO] [loop_tick] state=SCANNING | rows=2 | claims=0
2026-07-22 06:57:26 [INFO] [loop_tick] state=SCANNING | rows=2 | claims=0
2026-07-22 06:57:26 [INFO] [loop_tick] state=SCANNING | rows=2 | claims=0
2026-07-22 06:57:26 [INFO] [loop_tick] state=SCANNING | rows=2 | claims=0
2026-07-22 06:57:27 [INFO] [loop_tick] state=SCANNING | rows=2 | claims=0
2026-07-22 06:57:27 [INFO] [loop_tick] state=SCANNING | rows=2 | claims=0
2026-07-22 06:57:27 [INFO] [loop_tick] state=SCANNING | rows=2 | claims=0
2026-07-22 06:57:27 [INFO] [loop_tick] state=SCANNING | rows=2 | claims=0
2026-07-22 06:57:27 [INFO] [loop_tick] state=SCANNING | rows=2 | claims=0
2026-07-22 06:57:27 [INFO] [loop_tick] state=SCANNING | rows=2 | claims=0
2026-07-22 06:57:27 [INFO] [loop_tick] state=SCANNING | rows=2 | claims=0
2026-07-22 06:57:27 [INFO] [loop_tick] state=SCANNING | rows=2 | claims=0
2026-07-22 06:57:28 [INFO] [loop_tick] state=SCANNING | rows=2 | claims=0
2026-07-22 06:57:28 [INFO] [loop_tick] state=SCANNING | rows=2 | claims=0
2026-07-22 06:57:28 [INFO] [loop_tick] state=SCANNING | rows=2 | claims=0
2026-07-22 06:57:28 [INFO] [loop_tick] state=SCANNING | rows=2 | claims=0
2026-07-22 06:57:28 [INFO] [loop_tick] state=SCANNING | rows=2 | claims=0
2026-07-22 06:57:28 [INFO] [loop_tick] state=SCANNING | rows=2 | claims=0
2026-07-22 06:57:28 [INFO] [loop_tick] state=SCANNING | rows=2 | claims=0
2026-07-22 06:57:28 [INFO] [loop_tick] state=SCANNING | rows=5 | claims=0
2026-07-22 06:57:29 [INFO] [loop_tick] state=SCANNING | rows=5 | claims=0
2026-07-22 06:57:29 [INFO] [loop_tick] state=SCANNING | rows=6 | claims=0
2026-07-22 06:57:29 [INFO] [loop_tick] state=SCANNING | rows=2 | claims=0
2026-07-22 06:57:29 [INFO] [loop_tick] state=SCANNING | rows=2 | claims=0
2026-07-22 06:57:29 [INFO] [loop_tick] state=SCANNING | rows=2 | claims=0
2026-07-22 06:57:29 [INFO] [loop_tick] state=SCANNING | rows=2 | claims=0
2026-07-22 06:57:30 [INFO] [loop_tick] state=SCANNING | rows=2 | claims=0
2026-07-22 06:57:30 [INFO] [loop_tick] state=SCANNING | rows=3 | claims=0
2026-07-22 06:57:30 [INFO] [loop_tick] state=SCANNING | rows=1 | claims=0
2026-07-22 06:57:30 [INFO] [loop_tick] state=SCANNING | rows=3 | claims=0
2026-07-22 06:57:30 [INFO] [loop_tick] state=SCANNING | rows=3 | claims=0
2026-07-22 06:57:30 [INFO] [loop_tick] state=SCANNING | rows=3 | claims=0
2026-07-22 06:57:31 [INFO] [loop_tick] state=SCANNING | rows=2 | claims=0
2026-07-22 06:57:31 [INFO] [loop_tick] state=SCANNING | rows=3 | claims=0
2026-07-22 06:57:31 [INFO] [loop_tick] state=SCANNING | rows=3 | claims=0
2026-07-22 06:57:31 [INFO] [loop_tick] state=SCANNING | rows=1 | claims=0
2026-07-22 06:57:31 [INFO] [loop_tick] state=SCANNING | rows=2 | claims=0
2026-07-22 06:57:32 [INFO] [loop_tick] state=SCANNING | rows=2 | claims=0
2026-07-22 06:57:39 [INFO] [loop_tick] state=SCANNING | rows=5 | claims=0
2026-07-22 06:57:40 [INFO] [loop_tick] state=SCANNING | rows=1 | claims=0
2026-07-22 06:57:42 [INFO] [loop_tick] state=SCANNING | rows=3 | claims=0
2026-07-22 06:57:42 [INFO] [loop_tick] state=SCANNING | rows=2 | claims=0
2026-07-22 06:57:42 [INFO] [loop_tick] state=SCANNING | rows=2 | claims=0
2026-07-22 06:57:44 [INFO] [loop_tick] state=SCANNING | rows=6 | claims=0
2026-07-22 06:57:44 [INFO] Clean exit requested (ESC).
2026-07-22 06:57:44 [INFO] WorkflowEngine shut down cleanly.
